[2024-12-18T11:43:16.446+0100][0.005s] CardTable entry size: 512
[2024-12-18T11:43:16.446+0100][0.005s] Using G1
[2024-12-18T11:43:16.474+0100][0.033s] Version: 21.0.5+11-Ubuntu-1ubuntu124.04 (release)
[2024-12-18T11:43:16.474+0100][0.033s] CPUs: 20 total, 20 available
[2024-12-18T11:43:16.475+0100][0.033s] Memory: 15660M
[2024-12-18T11:43:16.475+0100][0.033s] Large Page Support: Disabled
[2024-12-18T11:43:16.475+0100][0.033s] NUMA Support: Disabled
[2024-12-18T11:43:16.475+0100][0.033s] Compressed Oops: Enabled (32-bit)
[2024-12-18T11:43:16.475+0100][0.033s] Heap Region Size: 1M
[2024-12-18T11:43:16.475+0100][0.033s] Heap Min Capacity: 512M
[2024-12-18T11:43:16.475+0100][0.033s] Heap Initial Capacity: 512M
[2024-12-18T11:43:16.475+0100][0.033s] Heap Max Capacity: 512M
[2024-12-18T11:43:16.475+0100][0.033s] Pre-touch: Enabled
[2024-12-18T11:43:16.475+0100][0.033s] Parallel Workers: 15
[2024-12-18T11:43:16.475+0100][0.033s] Concurrent Workers: 4
[2024-12-18T11:43:16.475+0100][0.033s] Concurrent Refinement Workers: 15
[2024-12-18T11:43:16.475+0100][0.033s] Periodic GC: Disabled
[2024-12-18T11:43:16.480+0100][0.038s] CDS archive(s) mapped at: [0x00006ffbdb000000-0x00006ffbdbc97000-0x00006ffbdbc97000), size 13201408, SharedBaseAddress: 0x00006ffbdb000000, ArchiveRelocationMode: 1.
[2024-12-18T11:43:16.480+0100][0.038s] Compressed class space mapped at: 0x00006ffbdc000000-0x00006ffc1c000000, reserved size: 1073741824
[2024-12-18T11:43:16.480+0100][0.038s] Narrow klass base: 0x00006ffbdb000000, Narrow klass shift: 0, Narrow klass range: 0x100000000
[2024-12-18T11:43:16.819+0100][0.378s] GC(0) Pause Young (Normal) (G1 Evacuation Pause)
[2024-12-18T11:43:16.819+0100][0.378s] GC(0) Using 12 workers of 15 for evacuation
[2024-12-18T11:43:16.821+0100][0.379s] GC(0)   Pre Evacuate Collection Set: 0.1ms
[2024-12-18T11:43:16.821+0100][0.379s] GC(0)   Merge Heap Roots: 0.0ms
[2024-12-18T11:43:16.821+0100][0.379s] GC(0)   Evacuate Collection Set: 1.1ms
[2024-12-18T11:43:16.821+0100][0.379s] GC(0)   Post Evacuate Collection Set: 0.2ms
[2024-12-18T11:43:16.821+0100][0.379s] GC(0)   Other: 0.0ms
[2024-12-18T11:43:16.821+0100][0.379s] GC(0) Eden regions: 29->0(54)
[2024-12-18T11:43:16.821+0100][0.379s] GC(0) Survivor regions: 0->4(4)
[2024-12-18T11:43:16.821+0100][0.379s] GC(0) Old regions: 2->2
[2024-12-18T11:43:16.821+0100][0.379s] GC(0) Humongous regions: 0->0
[2024-12-18T11:43:16.821+0100][0.379s] GC(0) Metaspace: 8001K(8192K)->8001K(8192K) NonClass: 7105K(7232K)->7105K(7232K) Class: 896K(960K)->896K(960K)
[2024-12-18T11:43:16.821+0100][0.380s] GC(0) Pause Young (Normal) (G1 Evacuation Pause) 30M->4M(512M) 1.640ms
[2024-12-18T11:43:16.821+0100][0.380s] GC(0) User=0.02s Sys=0.00s Real=0.00s
[2024-12-18T11:43:17.264+0100][0.823s] GC(1) Pause Young (Normal) (G1 Evacuation Pause)
[2024-12-18T11:43:17.265+0100][0.823s] GC(1) Using 15 workers of 15 for evacuation
[2024-12-18T11:43:17.269+0100][0.828s] GC(1)   Pre Evacuate Collection Set: 0.2ms
[2024-12-18T11:43:17.269+0100][0.828s] GC(1)   Merge Heap Roots: 0.1ms
[2024-12-18T11:43:17.269+0100][0.828s] GC(1)   Evacuate Collection Set: 3.7ms
[2024-12-18T11:43:17.269+0100][0.828s] GC(1)   Post Evacuate Collection Set: 0.5ms
[2024-12-18T11:43:17.269+0100][0.828s] GC(1)   Other: 0.1ms
[2024-12-18T11:43:17.269+0100][0.828s] GC(1) Eden regions: 54->0(113)
[2024-12-18T11:43:17.269+0100][0.828s] GC(1) Survivor regions: 4->8(8)
[2024-12-18T11:43:17.269+0100][0.828s] GC(1) Old regions: 2->9
[2024-12-18T11:43:17.269+0100][0.828s] GC(1) Humongous regions: 4->4
[2024-12-18T11:43:17.269+0100][0.828s] GC(1) Metaspace: 20023K(20416K)->20023K(20416K) NonClass: 17782K(17984K)->17782K(17984K) Class: 2240K(2432K)->2240K(2432K)
[2024-12-18T11:43:17.269+0100][0.828s] GC(1) Pause Young (Normal) (G1 Evacuation Pause) 62M->19M(512M) 4.601ms
[2024-12-18T11:43:17.269+0100][0.828s] GC(1) User=0.06s Sys=0.00s Real=0.00s
[2024-12-18T11:43:17.408+0100][0.967s] GC(2) Pause Young (Concurrent Start) (Metadata GC Threshold)
[2024-12-18T11:43:17.408+0100][0.967s] GC(2) Using 15 workers of 15 for evacuation
[2024-12-18T11:43:17.410+0100][0.969s] GC(2)   Pre Evacuate Collection Set: 0.2ms
[2024-12-18T11:43:17.410+0100][0.969s] GC(2)   Merge Heap Roots: 0.0ms
[2024-12-18T11:43:17.410+0100][0.969s] GC(2)   Evacuate Collection Set: 1.6ms
[2024-12-18T11:43:17.410+0100][0.969s] GC(2)   Post Evacuate Collection Set: 0.4ms
[2024-12-18T11:43:17.410+0100][0.969s] GC(2)   Other: 0.1ms
[2024-12-18T11:43:17.410+0100][0.969s] GC(2) Eden regions: 64->0(294)
[2024-12-18T11:43:17.410+0100][0.969s] GC(2) Survivor regions: 8->13(16)
[2024-12-18T11:43:17.410+0100][0.969s] GC(2) Old regions: 9->9
[2024-12-18T11:43:17.410+0100][0.969s] GC(2) Humongous regions: 4->4
[2024-12-18T11:43:17.410+0100][0.969s] GC(2) Metaspace: 21101K(21504K)->21101K(21504K) NonClass: 18749K(18944K)->18749K(18944K) Class: 2352K(2560K)->2352K(2560K)
[2024-12-18T11:43:17.410+0100][0.969s] GC(2) Pause Young (Concurrent Start) (Metadata GC Threshold) 83M->24M(512M) 2.391ms
[2024-12-18T11:43:17.410+0100][0.969s] GC(2) User=0.03s Sys=0.00s Real=0.00s
[2024-12-18T11:43:17.410+0100][0.969s] GC(3) Concurrent Mark Cycle
[2024-12-18T11:43:17.410+0100][0.969s] GC(3) Concurrent Scan Root Regions
[2024-12-18T11:43:17.412+0100][0.971s] GC(3) Concurrent Scan Root Regions 1.485ms
[2024-12-18T11:43:17.412+0100][0.971s] GC(3) Concurrent Mark
[2024-12-18T11:43:17.412+0100][0.971s] GC(3) Concurrent Mark From Roots
[2024-12-18T11:43:17.412+0100][0.971s] GC(3) Using 4 workers of 4 for marking
[2024-12-18T11:43:17.414+0100][0.973s] GC(3) Concurrent Mark From Roots 2.342ms
[2024-12-18T11:43:17.414+0100][0.973s] GC(3) Concurrent Preclean
[2024-12-18T11:43:17.414+0100][0.973s] GC(3) Concurrent Preclean 0.027ms
[2024-12-18T11:43:17.414+0100][0.973s] GC(3) Pause Remark
[2024-12-18T11:43:17.415+0100][0.974s] GC(3) Pause Remark 25M->25M(512M) 0.994ms
[2024-12-18T11:43:17.415+0100][0.974s] GC(3) User=0.00s Sys=0.00s Real=0.00s
[2024-12-18T11:43:17.415+0100][0.974s] GC(3) Concurrent Mark 3.512ms
[2024-12-18T11:43:17.415+0100][0.974s] GC(3) Concurrent Rebuild Remembered Sets and Scrub Regions
[2024-12-18T11:43:17.418+0100][0.976s] GC(3) Concurrent Rebuild Remembered Sets and Scrub Regions 2.295ms
[2024-12-18T11:43:17.418+0100][0.976s] GC(3) Pause Cleanup
[2024-12-18T11:43:17.418+0100][0.977s] GC(3) Pause Cleanup 25M->25M(512M) 0.073ms
[2024-12-18T11:43:17.418+0100][0.977s] GC(3) User=0.00s Sys=0.00s Real=0.00s
[2024-12-18T11:43:17.418+0100][0.977s] GC(3) Concurrent Clear Claimed Marks
[2024-12-18T11:43:17.418+0100][0.977s] GC(3) Concurrent Clear Claimed Marks 0.022ms
[2024-12-18T11:43:17.418+0100][0.977s] GC(3) Concurrent Cleanup for Next Mark
[2024-12-18T11:43:17.418+0100][0.977s] GC(3) Concurrent Cleanup for Next Mark 0.218ms
[2024-12-18T11:43:17.418+0100][0.977s] GC(3) Concurrent Mark Cycle 7.813ms
[2024-12-18T11:43:17.922+0100][1.481s] GC(4) Pause Young (Prepare Mixed) (Metadata GC Threshold)
[2024-12-18T11:43:17.922+0100][1.481s] GC(4) Using 15 workers of 15 for evacuation
[2024-12-18T11:43:17.925+0100][1.484s] GC(4)   Pre Evacuate Collection Set: 0.1ms
[2024-12-18T11:43:17.925+0100][1.484s] GC(4)   Merge Heap Roots: 0.0ms
[2024-12-18T11:43:17.925+0100][1.484s] GC(4)   Evacuate Collection Set: 2.2ms
[2024-12-18T11:43:17.925+0100][1.484s] GC(4)   Post Evacuate Collection Set: 0.6ms
[2024-12-18T11:43:17.926+0100][1.484s] GC(4)   Other: 0.2ms
[2024-12-18T11:43:17.926+0100][1.484s] GC(4) Eden regions: 69->0(238)
[2024-12-18T11:43:17.926+0100][1.484s] GC(4) Survivor regions: 13->16(39)
[2024-12-18T11:43:17.926+0100][1.484s] GC(4) Old regions: 9->9
[2024-12-18T11:43:17.926+0100][1.484s] GC(4) Humongous regions: 4->4
[2024-12-18T11:43:17.926+0100][1.484s] GC(4) Metaspace: 35522K(36096K)->35522K(36096K) NonClass: 31536K(31872K)->31536K(31872K) Class: 3985K(4224K)->3985K(4224K)
[2024-12-18T11:43:17.926+0100][1.484s] GC(4) Pause Young (Prepare Mixed) (Metadata GC Threshold) 93M->27M(512M) 3.551ms
[2024-12-18T11:43:17.926+0100][1.484s] GC(4) User=0.03s Sys=0.01s Real=0.01s
[2024-12-18T11:43:17.943+0100][1.502s] GC(5) Pause Young (Mixed) (Metadata GC Threshold)
[2024-12-18T11:43:17.943+0100][1.502s] GC(5) Using 15 workers of 15 for evacuation
[2024-12-18T11:43:17.945+0100][1.504s] GC(5)   Pre Evacuate Collection Set: 0.1ms
[2024-12-18T11:43:17.945+0100][1.504s] GC(5)   Merge Heap Roots: 0.0ms
[2024-12-18T11:43:17.945+0100][1.504s] GC(5)   Evacuate Collection Set: 1.6ms
[2024-12-18T11:43:17.945+0100][1.504s] GC(5)   Post Evacuate Collection Set: 0.3ms
[2024-12-18T11:43:17.945+0100][1.504s] GC(5)   Other: 0.0ms
[2024-12-18T11:43:17.945+0100][1.504s] GC(5) Eden regions: 3->0(226)
[2024-12-18T11:43:17.945+0100][1.504s] GC(5) Survivor regions: 16->16(33)
[2024-12-18T11:43:17.945+0100][1.504s] GC(5) Old regions: 9->8
[2024-12-18T11:43:17.945+0100][1.504s] GC(5) Humongous regions: 4->4
[2024-12-18T11:43:17.945+0100][1.504s] GC(5) Metaspace: 35918K(36416K)->35918K(36416K) NonClass: 31872K(32128K)->31872K(32128K) Class: 4045K(4288K)->4045K(4288K)
[2024-12-18T11:43:17.945+0100][1.504s] GC(5) Pause Young (Mixed) (Metadata GC Threshold) 30M->27M(512M) 2.231ms
[2024-12-18T11:43:17.945+0100][1.504s] GC(5) User=0.02s Sys=0.00s Real=0.01s
[2024-12-18T11:43:17.957+0100][1.516s] GC(6) Pause Young (Concurrent Start) (Metadata GC Threshold)
[2024-12-18T11:43:17.957+0100][1.516s] GC(6) Using 15 workers of 15 for evacuation
[2024-12-18T11:43:17.959+0100][1.518s] GC(6)   Pre Evacuate Collection Set: 0.1ms
[2024-12-18T11:43:17.959+0100][1.518s] GC(6)   Merge Heap Roots: 0.0ms
[2024-12-18T11:43:17.959+0100][1.518s] GC(6)   Evacuate Collection Set: 2.0ms
[2024-12-18T11:43:17.959+0100][1.518s] GC(6)   Post Evacuate Collection Set: 0.2ms
[2024-12-18T11:43:17.959+0100][1.518s] GC(6)   Other: 0.1ms
[2024-12-18T11:43:17.959+0100][1.518s] GC(6) Eden regions: 3->0(290)
[2024-12-18T11:43:17.959+0100][1.518s] GC(6) Survivor regions: 16->17(32)
[2024-12-18T11:43:17.959+0100][1.518s] GC(6) Old regions: 8->8
[2024-12-18T11:43:17.959+0100][1.518s] GC(6) Humongous regions: 4->4
[2024-12-18T11:43:17.959+0100][1.518s] GC(6) Metaspace: 36172K(36736K)->36172K(36736K) NonClass: 32101K(32384K)->32101K(32384K) Class: 4071K(4352K)->4071K(4352K)
[2024-12-18T11:43:17.959+0100][1.518s] GC(6) Pause Young (Concurrent Start) (Metadata GC Threshold) 29M->27M(512M) 2.567ms
[2024-12-18T11:43:17.959+0100][1.518s] GC(7) Concurrent Mark Cycle
[2024-12-18T11:43:17.959+0100][1.518s] GC(6) User=0.03s Sys=0.00s Real=0.00s
[2024-12-18T11:43:17.959+0100][1.518s] GC(7) Concurrent Scan Root Regions
[2024-12-18T11:43:17.961+0100][1.520s] GC(7) Concurrent Scan Root Regions 1.499ms
[2024-12-18T11:43:17.961+0100][1.520s] GC(7) Concurrent Mark
[2024-12-18T11:43:17.961+0100][1.520s] GC(7) Concurrent Mark From Roots
[2024-12-18T11:43:17.961+0100][1.520s] GC(7) Using 4 workers of 4 for marking
[2024-12-18T11:43:17.964+0100][1.522s] GC(7) Concurrent Mark From Roots 2.574ms
[2024-12-18T11:43:17.964+0100][1.522s] GC(7) Concurrent Preclean
[2024-12-18T11:43:17.964+0100][1.522s] GC(7) Concurrent Preclean 0.024ms
[2024-12-18T11:43:17.966+0100][1.525s] GC(7) Pause Remark
[2024-12-18T11:43:17.967+0100][1.526s] GC(7) Pause Remark 28M->28M(512M) 1.292ms
[2024-12-18T11:43:17.967+0100][1.526s] GC(7) User=0.01s Sys=0.00s Real=0.00s
[2024-12-18T11:43:17.967+0100][1.526s] GC(7) Concurrent Mark 6.163ms
[2024-12-18T11:43:17.967+0100][1.526s] GC(7) Concurrent Rebuild Remembered Sets and Scrub Regions
[2024-12-18T11:43:17.969+0100][1.527s] GC(7) Concurrent Rebuild Remembered Sets and Scrub Regions 1.564ms
[2024-12-18T11:43:17.969+0100][1.528s] GC(7) Pause Cleanup
[2024-12-18T11:43:17.969+0100][1.528s] GC(7) Pause Cleanup 28M->28M(512M) 0.080ms
[2024-12-18T11:43:17.969+0100][1.528s] GC(7) User=0.00s Sys=0.00s Real=0.00s
[2024-12-18T11:43:17.969+0100][1.528s] GC(7) Concurrent Clear Claimed Marks
[2024-12-18T11:43:17.969+0100][1.528s] GC(7) Concurrent Clear Claimed Marks 0.032ms
[2024-12-18T11:43:17.969+0100][1.528s] GC(7) Concurrent Cleanup for Next Mark
[2024-12-18T11:43:17.969+0100][1.528s] GC(7) Concurrent Cleanup for Next Mark 0.210ms
[2024-12-18T11:43:17.969+0100][1.528s] GC(7) Concurrent Mark Cycle 9.788ms
[2024-12-18T11:43:19.763+0100][3.321s] GC(8) Pause Young (Concurrent Start) (Metadata GC Threshold)
[2024-12-18T11:43:19.763+0100][3.322s] GC(8) Using 15 workers of 15 for evacuation
[2024-12-18T11:43:19.770+0100][3.329s] GC(8)   Pre Evacuate Collection Set: 0.3ms
[2024-12-18T11:43:19.770+0100][3.329s] GC(8)   Merge Heap Roots: 0.1ms
[2024-12-18T11:43:19.770+0100][3.329s] GC(8)   Evacuate Collection Set: 6.0ms
[2024-12-18T11:43:19.770+0100][3.329s] GC(8)   Post Evacuate Collection Set: 1.0ms
[2024-12-18T11:43:19.770+0100][3.329s] GC(8)   Other: 0.1ms
[2024-12-18T11:43:19.770+0100][3.329s] GC(8) Eden regions: 194->0(271)
[2024-12-18T11:43:19.770+0100][3.329s] GC(8) Survivor regions: 17->36(39)
[2024-12-18T11:43:19.770+0100][3.329s] GC(8) Old regions: 8->8
[2024-12-18T11:43:19.770+0100][3.329s] GC(8) Humongous regions: 4->4
[2024-12-18T11:43:19.770+0100][3.329s] GC(8) Metaspace: 60995K(61760K)->60995K(61760K) NonClass: 53710K(54080K)->53710K(54080K) Class: 7285K(7680K)->7285K(7680K)
[2024-12-18T11:43:19.771+0100][3.329s] GC(8) Pause Young (Concurrent Start) (Metadata GC Threshold) 221M->46M(512M) 7.698ms
[2024-12-18T11:43:19.771+0100][3.329s] GC(9) Concurrent Mark Cycle
[2024-12-18T11:43:19.771+0100][3.329s] GC(8) User=0.08s Sys=0.01s Real=0.01s
[2024-12-18T11:43:19.771+0100][3.329s] GC(9) Concurrent Scan Root Regions
[2024-12-18T11:43:19.775+0100][3.334s] GC(9) Concurrent Scan Root Regions 4.367ms
[2024-12-18T11:43:19.775+0100][3.334s] GC(9) Concurrent Mark
[2024-12-18T11:43:19.775+0100][3.334s] GC(9) Concurrent Mark From Roots
[2024-12-18T11:43:19.775+0100][3.334s] GC(9) Using 4 workers of 4 for marking
[2024-12-18T11:43:19.778+0100][3.336s] GC(9) Concurrent Mark From Roots 2.828ms
[2024-12-18T11:43:19.778+0100][3.336s] GC(9) Concurrent Preclean
[2024-12-18T11:43:19.778+0100][3.336s] GC(9) Concurrent Preclean 0.020ms
[2024-12-18T11:43:19.778+0100][3.337s] GC(9) Pause Remark
[2024-12-18T11:43:19.780+0100][3.339s] GC(9) Pause Remark 47M->47M(512M) 2.098ms
[2024-12-18T11:43:19.780+0100][3.339s] GC(9) User=0.02s Sys=0.01s Real=0.00s
[2024-12-18T11:43:19.780+0100][3.339s] GC(9) Concurrent Mark 5.304ms
[2024-12-18T11:43:19.780+0100][3.339s] GC(9) Concurrent Rebuild Remembered Sets and Scrub Regions
[2024-12-18T11:43:19.782+0100][3.341s] GC(9) Concurrent Rebuild Remembered Sets and Scrub Regions 1.934ms
[2024-12-18T11:43:19.782+0100][3.341s] GC(9) Pause Cleanup
[2024-12-18T11:43:19.782+0100][3.341s] GC(9) Pause Cleanup 48M->48M(512M) 0.107ms
[2024-12-18T11:43:19.782+0100][3.341s] GC(9) User=0.00s Sys=0.00s Real=0.00s
[2024-12-18T11:43:19.783+0100][3.341s] GC(9) Concurrent Clear Claimed Marks
[2024-12-18T11:43:19.783+0100][3.341s] GC(9) Concurrent Clear Claimed Marks 0.068ms
[2024-12-18T11:43:19.783+0100][3.341s] GC(9) Concurrent Cleanup for Next Mark
[2024-12-18T11:43:19.783+0100][3.342s] GC(9) Concurrent Cleanup for Next Mark 0.323ms
[2024-12-18T11:43:19.783+0100][3.342s] GC(9) Concurrent Mark Cycle 12.393ms
[2024-12-18T11:45:34.370+0100][137.929s] Heap
[2024-12-18T11:45:34.370+0100][137.929s]  garbage-first heap   total 524288K, used 134285K [0x00000000e0000000, 0x0000000100000000)
[2024-12-18T11:45:34.370+0100][137.929s]   region size 1024K, 121 young (123904K), 36 survivors (36864K)
[2024-12-18T11:45:34.370+0100][137.929s]  Metaspace       used 66826K, committed 67584K, reserved 1114112K
[2024-12-18T11:45:34.370+0100][137.929s]   class space    used 7903K, committed 8256K, reserved 1048576K
