[2024-12-18T12:08:03.088+0100][0.005s] CardTable entry size: 512
[2024-12-18T12:08:03.088+0100][0.005s] Using G1
[2024-12-18T12:08:03.124+0100][0.041s] Version: 21.0.5+11-Ubuntu-1ubuntu124.04 (release)
[2024-12-18T12:08:03.124+0100][0.041s] CPUs: 20 total, 20 available
[2024-12-18T12:08:03.124+0100][0.041s] Memory: 15660M
[2024-12-18T12:08:03.124+0100][0.041s] Large Page Support: Disabled
[2024-12-18T12:08:03.124+0100][0.041s] NUMA Support: Disabled
[2024-12-18T12:08:03.124+0100][0.041s] Compressed Oops: Enabled (32-bit)
[2024-12-18T12:08:03.124+0100][0.041s] Heap Region Size: 1M
[2024-12-18T12:08:03.124+0100][0.041s] Heap Min Capacity: 512M
[2024-12-18T12:08:03.124+0100][0.041s] Heap Initial Capacity: 512M
[2024-12-18T12:08:03.124+0100][0.041s] Heap Max Capacity: 512M
[2024-12-18T12:08:03.124+0100][0.041s] Pre-touch: Enabled
[2024-12-18T12:08:03.124+0100][0.041s] Parallel Workers: 15
[2024-12-18T12:08:03.124+0100][0.041s] Concurrent Workers: 4
[2024-12-18T12:08:03.124+0100][0.041s] Concurrent Refinement Workers: 15
[2024-12-18T12:08:03.124+0100][0.041s] Periodic GC: Disabled
[2024-12-18T12:08:03.130+0100][0.046s] CDS archive(s) mapped at: [0x000076e7d3000000-0x000076e7d3c97000-0x000076e7d3c97000), size 13201408, SharedBaseAddress: 0x000076e7d3000000, ArchiveRelocationMode: 1.
[2024-12-18T12:08:03.130+0100][0.046s] Compressed class space mapped at: 0x000076e7d4000000-0x000076e814000000, reserved size: 1073741824
[2024-12-18T12:08:03.130+0100][0.046s] Narrow klass base: 0x000076e7d3000000, Narrow klass shift: 0, Narrow klass range: 0x100000000
[2024-12-18T12:08:03.461+0100][0.378s] GC(0) Pause Young (Normal) (G1 Evacuation Pause)
[2024-12-18T12:08:03.461+0100][0.378s] GC(0) Using 12 workers of 15 for evacuation
[2024-12-18T12:08:03.463+0100][0.380s] GC(0)   Pre Evacuate Collection Set: 0.1ms
[2024-12-18T12:08:03.463+0100][0.380s] GC(0)   Merge Heap Roots: 0.0ms
[2024-12-18T12:08:03.463+0100][0.380s] GC(0)   Evacuate Collection Set: 1.4ms
[2024-12-18T12:08:03.463+0100][0.380s] GC(0)   Post Evacuate Collection Set: 0.3ms
[2024-12-18T12:08:03.463+0100][0.380s] GC(0)   Other: 0.1ms
[2024-12-18T12:08:03.463+0100][0.380s] GC(0) Eden regions: 29->0(54)
[2024-12-18T12:08:03.463+0100][0.380s] GC(0) Survivor regions: 0->4(4)
[2024-12-18T12:08:03.463+0100][0.380s] GC(0) Old regions: 2->2
[2024-12-18T12:08:03.463+0100][0.380s] GC(0) Humongous regions: 0->0
[2024-12-18T12:08:03.463+0100][0.380s] GC(0) Metaspace: 8002K(8192K)->8002K(8192K) NonClass: 7106K(7232K)->7106K(7232K) Class: 896K(960K)->896K(960K)
[2024-12-18T12:08:03.463+0100][0.380s] GC(0) Pause Young (Normal) (G1 Evacuation Pause) 30M->4M(512M) 2.078ms
[2024-12-18T12:08:03.463+0100][0.380s] GC(0) User=0.02s Sys=0.00s Real=0.00s
[2024-12-18T12:08:03.916+0100][0.832s] GC(1) Pause Young (Normal) (G1 Evacuation Pause)
[2024-12-18T12:08:03.916+0100][0.832s] GC(1) Using 15 workers of 15 for evacuation
[2024-12-18T12:08:03.920+0100][0.837s] GC(1)   Pre Evacuate Collection Set: 0.3ms
[2024-12-18T12:08:03.920+0100][0.837s] GC(1)   Merge Heap Roots: 0.0ms
[2024-12-18T12:08:03.920+0100][0.837s] GC(1)   Evacuate Collection Set: 3.8ms
[2024-12-18T12:08:03.920+0100][0.837s] GC(1)   Post Evacuate Collection Set: 0.4ms
[2024-12-18T12:08:03.920+0100][0.837s] GC(1)   Other: 0.1ms
[2024-12-18T12:08:03.920+0100][0.837s] GC(1) Eden regions: 54->0(115)
[2024-12-18T12:08:03.920+0100][0.837s] GC(1) Survivor regions: 4->8(8)
[2024-12-18T12:08:03.920+0100][0.837s] GC(1) Old regions: 2->9
[2024-12-18T12:08:03.920+0100][0.837s] GC(1) Humongous regions: 4->4
[2024-12-18T12:08:03.920+0100][0.837s] GC(1) Metaspace: 20018K(20416K)->20018K(20416K) NonClass: 17777K(17984K)->17777K(17984K) Class: 2240K(2432K)->2240K(2432K)
[2024-12-18T12:08:03.920+0100][0.837s] GC(1) Pause Young (Normal) (G1 Evacuation Pause) 62M->19M(512M) 4.728ms
[2024-12-18T12:08:03.920+0100][0.837s] GC(1) User=0.05s Sys=0.01s Real=0.00s
[2024-12-18T12:08:04.108+0100][1.025s] GC(2) Pause Young (Concurrent Start) (Metadata GC Threshold)
[2024-12-18T12:08:04.108+0100][1.025s] GC(2) Using 15 workers of 15 for evacuation
[2024-12-18T12:08:04.110+0100][1.026s] GC(2)   Pre Evacuate Collection Set: 0.1ms
[2024-12-18T12:08:04.110+0100][1.026s] GC(2)   Merge Heap Roots: 0.0ms
[2024-12-18T12:08:04.110+0100][1.026s] GC(2)   Evacuate Collection Set: 1.4ms
[2024-12-18T12:08:04.110+0100][1.026s] GC(2)   Post Evacuate Collection Set: 0.3ms
[2024-12-18T12:08:04.110+0100][1.026s] GC(2)   Other: 0.1ms
[2024-12-18T12:08:04.110+0100][1.026s] GC(2) Eden regions: 65->0(294)
[2024-12-18T12:08:04.110+0100][1.026s] GC(2) Survivor regions: 8->13(16)
[2024-12-18T12:08:04.110+0100][1.026s] GC(2) Old regions: 9->9
[2024-12-18T12:08:04.110+0100][1.026s] GC(2) Humongous regions: 4->4
[2024-12-18T12:08:04.110+0100][1.026s] GC(2) Metaspace: 21104K(21504K)->21104K(21504K) NonClass: 18751K(18944K)->18751K(18944K) Class: 2352K(2560K)->2352K(2560K)
[2024-12-18T12:08:04.110+0100][1.026s] GC(2) Pause Young (Concurrent Start) (Metadata GC Threshold) 84M->24M(512M) 1.942ms
[2024-12-18T12:08:04.110+0100][1.026s] GC(2) User=0.02s Sys=0.00s Real=0.00s
[2024-12-18T12:08:04.110+0100][1.026s] GC(3) Concurrent Mark Cycle
[2024-12-18T12:08:04.110+0100][1.027s] GC(3) Concurrent Scan Root Regions
[2024-12-18T12:08:04.111+0100][1.028s] GC(3) Concurrent Scan Root Regions 1.643ms
[2024-12-18T12:08:04.111+0100][1.028s] GC(3) Concurrent Mark
[2024-12-18T12:08:04.111+0100][1.028s] GC(3) Concurrent Mark From Roots
[2024-12-18T12:08:04.111+0100][1.028s] GC(3) Using 4 workers of 4 for marking
[2024-12-18T12:08:04.115+0100][1.031s] GC(3) Concurrent Mark From Roots 3.171ms
[2024-12-18T12:08:04.115+0100][1.031s] GC(3) Concurrent Preclean
[2024-12-18T12:08:04.115+0100][1.031s] GC(3) Concurrent Preclean 0.041ms
[2024-12-18T12:08:04.115+0100][1.032s] GC(3) Pause Remark
[2024-12-18T12:08:04.116+0100][1.033s] GC(3) Pause Remark 25M->25M(512M) 1.077ms
[2024-12-18T12:08:04.116+0100][1.033s] GC(3) User=0.01s Sys=0.00s Real=0.00s
[2024-12-18T12:08:04.116+0100][1.033s] GC(3) Concurrent Mark 4.466ms
[2024-12-18T12:08:04.116+0100][1.033s] GC(3) Concurrent Rebuild Remembered Sets and Scrub Regions
[2024-12-18T12:08:04.117+0100][1.034s] GC(3) Concurrent Rebuild Remembered Sets and Scrub Regions 1.613ms
[2024-12-18T12:08:04.118+0100][1.034s] GC(3) Pause Cleanup
[2024-12-18T12:08:04.118+0100][1.034s] GC(3) Pause Cleanup 25M->25M(512M) 0.064ms
[2024-12-18T12:08:04.118+0100][1.034s] GC(3) User=0.00s Sys=0.00s Real=0.00s
[2024-12-18T12:08:04.118+0100][1.034s] GC(3) Concurrent Clear Claimed Marks
[2024-12-18T12:08:04.118+0100][1.035s] GC(3) Concurrent Clear Claimed Marks 0.044ms
[2024-12-18T12:08:04.118+0100][1.035s] GC(3) Concurrent Cleanup for Next Mark
[2024-12-18T12:08:04.119+0100][1.035s] GC(3) Concurrent Cleanup for Next Mark 0.822ms
[2024-12-18T12:08:04.119+0100][1.035s] GC(3) Concurrent Mark Cycle 8.902ms
[2024-12-18T12:08:04.690+0100][1.607s] GC(4) Pause Young (Prepare Mixed) (Metadata GC Threshold)
[2024-12-18T12:08:04.690+0100][1.607s] GC(4) Using 15 workers of 15 for evacuation
[2024-12-18T12:08:04.693+0100][1.610s] GC(4)   Pre Evacuate Collection Set: 0.2ms
[2024-12-18T12:08:04.693+0100][1.610s] GC(4)   Merge Heap Roots: 0.1ms
[2024-12-18T12:08:04.693+0100][1.610s] GC(4)   Evacuate Collection Set: 2.0ms
[2024-12-18T12:08:04.693+0100][1.610s] GC(4)   Post Evacuate Collection Set: 0.6ms
[2024-12-18T12:08:04.693+0100][1.610s] GC(4)   Other: 0.0ms
[2024-12-18T12:08:04.693+0100][1.610s] GC(4) Eden regions: 71->0(250)
[2024-12-18T12:08:04.693+0100][1.610s] GC(4) Survivor regions: 13->16(39)
[2024-12-18T12:08:04.693+0100][1.610s] GC(4) Old regions: 9->9
[2024-12-18T12:08:04.693+0100][1.610s] GC(4) Humongous regions: 4->4
[2024-12-18T12:08:04.693+0100][1.610s] GC(4) Metaspace: 35549K(36096K)->35549K(36096K) NonClass: 31564K(31872K)->31564K(31872K) Class: 3985K(4224K)->3985K(4224K)
[2024-12-18T12:08:04.693+0100][1.610s] GC(4) Pause Young (Prepare Mixed) (Metadata GC Threshold) 94M->26M(512M) 3.172ms
[2024-12-18T12:08:04.693+0100][1.610s] GC(4) User=0.03s Sys=0.01s Real=0.00s
[2024-12-18T12:08:04.706+0100][1.623s] GC(5) Pause Young (Mixed) (Metadata GC Threshold)
[2024-12-18T12:08:04.706+0100][1.623s] GC(5) Using 15 workers of 15 for evacuation
[2024-12-18T12:08:04.709+0100][1.626s] GC(5)   Pre Evacuate Collection Set: 0.2ms
[2024-12-18T12:08:04.709+0100][1.626s] GC(5)   Merge Heap Roots: 0.1ms
[2024-12-18T12:08:04.709+0100][1.626s] GC(5)   Evacuate Collection Set: 2.3ms
[2024-12-18T12:08:04.709+0100][1.626s] GC(5)   Post Evacuate Collection Set: 0.5ms
[2024-12-18T12:08:04.709+0100][1.626s] GC(5)   Other: 0.1ms
[2024-12-18T12:08:04.709+0100][1.626s] GC(5) Eden regions: 2->0(235)
[2024-12-18T12:08:04.709+0100][1.626s] GC(5) Survivor regions: 16->16(35)
[2024-12-18T12:08:04.709+0100][1.626s] GC(5) Old regions: 9->8
[2024-12-18T12:08:04.709+0100][1.626s] GC(5) Humongous regions: 4->4
[2024-12-18T12:08:04.709+0100][1.626s] GC(5) Metaspace: 35864K(36416K)->35864K(36416K) NonClass: 31826K(32128K)->31826K(32128K) Class: 4037K(4288K)->4037K(4288K)
[2024-12-18T12:08:04.709+0100][1.626s] GC(5) Pause Young (Mixed) (Metadata GC Threshold) 28M->27M(512M) 3.305ms
[2024-12-18T12:08:04.709+0100][1.626s] GC(5) User=0.03s Sys=0.00s Real=0.00s
[2024-12-18T12:08:04.721+0100][1.638s] GC(6) Pause Young (Concurrent Start) (Metadata GC Threshold)
[2024-12-18T12:08:04.721+0100][1.638s] GC(6) Using 15 workers of 15 for evacuation
[2024-12-18T12:08:04.724+0100][1.640s] GC(6)   Pre Evacuate Collection Set: 0.1ms
[2024-12-18T12:08:04.724+0100][1.640s] GC(6)   Merge Heap Roots: 0.0ms
[2024-12-18T12:08:04.724+0100][1.640s] GC(6)   Evacuate Collection Set: 2.1ms
[2024-12-18T12:08:04.724+0100][1.640s] GC(6)   Post Evacuate Collection Set: 0.4ms
[2024-12-18T12:08:04.724+0100][1.640s] GC(6)   Other: 0.1ms
[2024-12-18T12:08:04.724+0100][1.640s] GC(6) Eden regions: 2->0(291)
[2024-12-18T12:08:04.724+0100][1.640s] GC(6) Survivor regions: 16->16(33)
[2024-12-18T12:08:04.724+0100][1.640s] GC(6) Old regions: 8->8
[2024-12-18T12:08:04.724+0100][1.641s] GC(6) Humongous regions: 4->4
[2024-12-18T12:08:04.724+0100][1.641s] GC(6) Metaspace: 36167K(36736K)->36167K(36736K) NonClass: 32097K(32384K)->32097K(32384K) Class: 4069K(4352K)->4069K(4352K)
[2024-12-18T12:08:04.724+0100][1.641s] GC(6) Pause Young (Concurrent Start) (Metadata GC Threshold) 29M->27M(512M) 2.772ms
[2024-12-18T12:08:04.724+0100][1.641s] GC(7) Concurrent Mark Cycle
[2024-12-18T12:08:04.724+0100][1.641s] GC(6) User=0.03s Sys=0.00s Real=0.00s
[2024-12-18T12:08:04.724+0100][1.641s] GC(7) Concurrent Scan Root Regions
[2024-12-18T12:08:04.726+0100][1.642s] GC(7) Concurrent Scan Root Regions 1.873ms
[2024-12-18T12:08:04.726+0100][1.642s] GC(7) Concurrent Mark
[2024-12-18T12:08:04.726+0100][1.642s] GC(7) Concurrent Mark From Roots
[2024-12-18T12:08:04.726+0100][1.642s] GC(7) Using 4 workers of 4 for marking
[2024-12-18T12:08:04.729+0100][1.646s] GC(7) Concurrent Mark From Roots 3.151ms
[2024-12-18T12:08:04.729+0100][1.646s] GC(7) Concurrent Preclean
[2024-12-18T12:08:04.729+0100][1.646s] GC(7) Concurrent Preclean 0.016ms
[2024-12-18T12:08:04.729+0100][1.646s] GC(7) Pause Remark
[2024-12-18T12:08:04.731+0100][1.647s] GC(7) Pause Remark 28M->28M(512M) 1.621ms
[2024-12-18T12:08:04.731+0100][1.647s] GC(7) User=0.02s Sys=0.00s Real=0.00s
[2024-12-18T12:08:04.731+0100][1.647s] GC(7) Concurrent Mark 4.971ms
[2024-12-18T12:08:04.731+0100][1.647s] GC(7) Concurrent Rebuild Remembered Sets and Scrub Regions
[2024-12-18T12:08:04.733+0100][1.650s] GC(7) Concurrent Rebuild Remembered Sets and Scrub Regions 2.267ms
[2024-12-18T12:08:04.733+0100][1.650s] GC(7) Pause Cleanup
[2024-12-18T12:08:04.733+0100][1.650s] GC(7) Pause Cleanup 28M->28M(512M) 0.107ms
[2024-12-18T12:08:04.733+0100][1.650s] GC(7) User=0.00s Sys=0.00s Real=0.00s
[2024-12-18T12:08:04.733+0100][1.650s] GC(7) Concurrent Clear Claimed Marks
[2024-12-18T12:08:04.733+0100][1.650s] GC(7) Concurrent Clear Claimed Marks 0.043ms
[2024-12-18T12:08:04.733+0100][1.650s] GC(7) Concurrent Cleanup for Next Mark
[2024-12-18T12:08:04.733+0100][1.650s] GC(7) Concurrent Cleanup for Next Mark 0.266ms
[2024-12-18T12:08:04.734+0100][1.650s] GC(7) Concurrent Mark Cycle 9.753ms
[2024-12-18T12:08:06.437+0100][3.354s] GC(8) Pause Young (Concurrent Start) (Metadata GC Threshold)
[2024-12-18T12:08:06.437+0100][3.354s] GC(8) Using 15 workers of 15 for evacuation
[2024-12-18T12:08:06.444+0100][3.361s] GC(8)   Pre Evacuate Collection Set: 0.4ms
[2024-12-18T12:08:06.444+0100][3.361s] GC(8)   Merge Heap Roots: 0.1ms
[2024-12-18T12:08:06.444+0100][3.361s] GC(8)   Evacuate Collection Set: 5.4ms
[2024-12-18T12:08:06.444+0100][3.361s] GC(8)   Post Evacuate Collection Set: 0.9ms
[2024-12-18T12:08:06.444+0100][3.361s] GC(8)   Other: 0.2ms
[2024-12-18T12:08:06.444+0100][3.361s] GC(8) Eden regions: 193->0(272)
[2024-12-18T12:08:06.444+0100][3.361s] GC(8) Survivor regions: 16->35(39)
[2024-12-18T12:08:06.444+0100][3.361s] GC(8) Old regions: 8->8
[2024-12-18T12:08:06.444+0100][3.361s] GC(8) Humongous regions: 4->4
[2024-12-18T12:08:06.444+0100][3.361s] GC(8) Metaspace: 60672K(61440K)->60672K(61440K) NonClass: 53449K(53824K)->53449K(53824K) Class: 7223K(7616K)->7223K(7616K)
[2024-12-18T12:08:06.444+0100][3.361s] GC(8) Pause Young (Concurrent Start) (Metadata GC Threshold) 219M->45M(512M) 6.992ms
[2024-12-18T12:08:06.444+0100][3.361s] GC(9) Concurrent Mark Cycle
[2024-12-18T12:08:06.444+0100][3.361s] GC(8) User=0.08s Sys=0.00s Real=0.00s
[2024-12-18T12:08:06.444+0100][3.361s] GC(9) Concurrent Scan Root Regions
[2024-12-18T12:08:06.448+0100][3.365s] GC(9) Concurrent Scan Root Regions 3.699ms
[2024-12-18T12:08:06.448+0100][3.365s] GC(9) Concurrent Mark
[2024-12-18T12:08:06.448+0100][3.365s] GC(9) Concurrent Mark From Roots
[2024-12-18T12:08:06.448+0100][3.365s] GC(9) Using 4 workers of 4 for marking
[2024-12-18T12:08:06.451+0100][3.367s] GC(9) Concurrent Mark From Roots 2.659ms
[2024-12-18T12:08:06.451+0100][3.367s] GC(9) Concurrent Preclean
[2024-12-18T12:08:06.451+0100][3.367s] GC(9) Concurrent Preclean 0.018ms
[2024-12-18T12:08:06.451+0100][3.367s] GC(9) Pause Remark
[2024-12-18T12:08:06.453+0100][3.369s] GC(9) Pause Remark 47M->47M(512M) 2.040ms
[2024-12-18T12:08:06.453+0100][3.370s] GC(9) User=0.01s Sys=0.00s Real=0.00s
[2024-12-18T12:08:06.453+0100][3.370s] GC(9) Concurrent Mark 4.884ms
[2024-12-18T12:08:06.453+0100][3.370s] GC(9) Concurrent Rebuild Remembered Sets and Scrub Regions
[2024-12-18T12:08:06.454+0100][3.371s] GC(9) Concurrent Rebuild Remembered Sets and Scrub Regions 1.607ms
[2024-12-18T12:08:06.454+0100][3.371s] GC(9) Pause Cleanup
[2024-12-18T12:08:06.455+0100][3.371s] GC(9) Pause Cleanup 47M->47M(512M) 0.058ms
[2024-12-18T12:08:06.455+0100][3.371s] GC(9) User=0.00s Sys=0.00s Real=0.00s
[2024-12-18T12:08:06.455+0100][3.371s] GC(9) Concurrent Clear Claimed Marks
[2024-12-18T12:08:06.455+0100][3.371s] GC(9) Concurrent Clear Claimed Marks 0.036ms
[2024-12-18T12:08:06.455+0100][3.371s] GC(9) Concurrent Cleanup for Next Mark
[2024-12-18T12:08:06.455+0100][3.372s] GC(9) Concurrent Cleanup for Next Mark 0.254ms
[2024-12-18T12:08:06.455+0100][3.372s] GC(9) Concurrent Mark Cycle 10.726ms
