[2024-12-18T11:35:32.587+0100][0.004s] CardTable entry size: 512
[2024-12-18T11:35:32.587+0100][0.004s] Using G1
[2024-12-18T11:35:32.616+0100][0.033s] Version: 21.0.5+11-Ubuntu-1ubuntu124.04 (release)
[2024-12-18T11:35:32.616+0100][0.033s] CPUs: 20 total, 20 available
[2024-12-18T11:35:32.616+0100][0.033s] Memory: 15660M
[2024-12-18T11:35:32.616+0100][0.033s] Large Page Support: Disabled
[2024-12-18T11:35:32.616+0100][0.033s] NUMA Support: Disabled
[2024-12-18T11:35:32.616+0100][0.033s] Compressed Oops: Enabled (32-bit)
[2024-12-18T11:35:32.616+0100][0.033s] Heap Region Size: 1M
[2024-12-18T11:35:32.616+0100][0.033s] Heap Min Capacity: 512M
[2024-12-18T11:35:32.616+0100][0.033s] Heap Initial Capacity: 512M
[2024-12-18T11:35:32.616+0100][0.033s] Heap Max Capacity: 512M
[2024-12-18T11:35:32.616+0100][0.033s] Pre-touch: Enabled
[2024-12-18T11:35:32.616+0100][0.033s] Parallel Workers: 15
[2024-12-18T11:35:32.616+0100][0.033s] Concurrent Workers: 4
[2024-12-18T11:35:32.616+0100][0.033s] Concurrent Refinement Workers: 15
[2024-12-18T11:35:32.616+0100][0.033s] Periodic GC: Disabled
[2024-12-18T11:35:32.622+0100][0.038s] CDS archive(s) mapped at: [0x000078918b000000-0x000078918bc97000-0x000078918bc97000), size 13201408, SharedBaseAddress: 0x000078918b000000, ArchiveRelocationMode: 1.
[2024-12-18T11:35:32.622+0100][0.038s] Compressed class space mapped at: 0x000078918c000000-0x00007891cc000000, reserved size: 1073741824
[2024-12-18T11:35:32.622+0100][0.038s] Narrow klass base: 0x000078918b000000, Narrow klass shift: 0, Narrow klass range: 0x100000000
[2024-12-18T11:35:32.989+0100][0.406s] GC(0) Pause Young (Normal) (G1 Evacuation Pause)
[2024-12-18T11:35:32.989+0100][0.406s] GC(0) Using 12 workers of 15 for evacuation
[2024-12-18T11:35:32.991+0100][0.408s] GC(0)   Pre Evacuate Collection Set: 0.1ms
[2024-12-18T11:35:32.991+0100][0.408s] GC(0)   Merge Heap Roots: 0.0ms
[2024-12-18T11:35:32.991+0100][0.408s] GC(0)   Evacuate Collection Set: 1.0ms
[2024-12-18T11:35:32.991+0100][0.408s] GC(0)   Post Evacuate Collection Set: 0.3ms
[2024-12-18T11:35:32.991+0100][0.408s] GC(0)   Other: 0.1ms
[2024-12-18T11:35:32.991+0100][0.408s] GC(0) Eden regions: 29->0(54)
[2024-12-18T11:35:32.991+0100][0.408s] GC(0) Survivor regions: 0->4(4)
[2024-12-18T11:35:32.991+0100][0.408s] GC(0) Old regions: 2->2
[2024-12-18T11:35:32.991+0100][0.408s] GC(0) Humongous regions: 0->0
[2024-12-18T11:35:32.991+0100][0.408s] GC(0) Metaspace: 8011K(8192K)->8011K(8192K) NonClass: 7114K(7232K)->7114K(7232K) Class: 896K(960K)->896K(960K)
[2024-12-18T11:35:32.991+0100][0.408s] GC(0) Pause Young (Normal) (G1 Evacuation Pause) 30M->4M(512M) 1.680ms
[2024-12-18T11:35:32.991+0100][0.408s] GC(0) User=0.02s Sys=0.01s Real=0.00s
[2024-12-18T11:35:33.486+0100][0.903s] GC(1) Pause Young (Normal) (G1 Evacuation Pause)
[2024-12-18T11:35:33.486+0100][0.903s] GC(1) Using 15 workers of 15 for evacuation
[2024-12-18T11:35:33.490+0100][0.907s] GC(1)   Pre Evacuate Collection Set: 0.2ms
[2024-12-18T11:35:33.490+0100][0.907s] GC(1)   Merge Heap Roots: 0.1ms
[2024-12-18T11:35:33.490+0100][0.907s] GC(1)   Evacuate Collection Set: 3.6ms
[2024-12-18T11:35:33.490+0100][0.907s] GC(1)   Post Evacuate Collection Set: 0.5ms
[2024-12-18T11:35:33.490+0100][0.907s] GC(1)   Other: 0.1ms
[2024-12-18T11:35:33.490+0100][0.907s] GC(1) Eden regions: 54->0(137)
[2024-12-18T11:35:33.490+0100][0.907s] GC(1) Survivor regions: 4->8(8)
[2024-12-18T11:35:33.490+0100][0.907s] GC(1) Old regions: 2->9
[2024-12-18T11:35:33.490+0100][0.907s] GC(1) Humongous regions: 4->4
[2024-12-18T11:35:33.490+0100][0.907s] GC(1) Metaspace: 20023K(20416K)->20023K(20416K) NonClass: 17782K(17984K)->17782K(17984K) Class: 2240K(2432K)->2240K(2432K)
[2024-12-18T11:35:33.490+0100][0.907s] GC(1) Pause Young (Normal) (G1 Evacuation Pause) 62M->19M(512M) 4.595ms
[2024-12-18T11:35:33.490+0100][0.907s] GC(1) User=0.06s Sys=0.00s Real=0.00s
[2024-12-18T11:35:33.645+0100][1.062s] GC(2) Pause Young (Concurrent Start) (Metadata GC Threshold)
[2024-12-18T11:35:33.645+0100][1.062s] GC(2) Using 15 workers of 15 for evacuation
[2024-12-18T11:35:33.647+0100][1.064s] GC(2)   Pre Evacuate Collection Set: 0.1ms
[2024-12-18T11:35:33.648+0100][1.064s] GC(2)   Merge Heap Roots: 0.0ms
[2024-12-18T11:35:33.648+0100][1.064s] GC(2)   Evacuate Collection Set: 1.5ms
[2024-12-18T11:35:33.648+0100][1.064s] GC(2)   Post Evacuate Collection Set: 0.3ms
[2024-12-18T11:35:33.648+0100][1.064s] GC(2)   Other: 0.0ms
[2024-12-18T11:35:33.648+0100][1.064s] GC(2) Eden regions: 64->0(293)
[2024-12-18T11:35:33.648+0100][1.064s] GC(2) Survivor regions: 8->14(19)
[2024-12-18T11:35:33.648+0100][1.064s] GC(2) Old regions: 9->9
[2024-12-18T11:35:33.648+0100][1.064s] GC(2) Humongous regions: 4->4
[2024-12-18T11:35:33.648+0100][1.064s] GC(2) Metaspace: 21101K(21504K)->21101K(21504K) NonClass: 18749K(18944K)->18749K(18944K) Class: 2352K(2560K)->2352K(2560K)
[2024-12-18T11:35:33.648+0100][1.064s] GC(2) Pause Young (Concurrent Start) (Metadata GC Threshold) 83M->24M(512M) 2.121ms
[2024-12-18T11:35:33.648+0100][1.064s] GC(2) User=0.02s Sys=0.00s Real=0.00s
[2024-12-18T11:35:33.648+0100][1.064s] GC(3) Concurrent Mark Cycle
[2024-12-18T11:35:33.648+0100][1.065s] GC(3) Concurrent Scan Root Regions
[2024-12-18T11:35:33.649+0100][1.066s] GC(3) Concurrent Scan Root Regions 1.628ms
[2024-12-18T11:35:33.649+0100][1.066s] GC(3) Concurrent Mark
[2024-12-18T11:35:33.649+0100][1.066s] GC(3) Concurrent Mark From Roots
[2024-12-18T11:35:33.649+0100][1.066s] GC(3) Using 4 workers of 4 for marking
[2024-12-18T11:35:33.652+0100][1.069s] GC(3) Concurrent Mark From Roots 3.024ms
[2024-12-18T11:35:33.652+0100][1.069s] GC(3) Concurrent Preclean
[2024-12-18T11:35:33.652+0100][1.069s] GC(3) Concurrent Preclean 0.024ms
[2024-12-18T11:35:33.652+0100][1.069s] GC(3) Pause Remark
[2024-12-18T11:35:33.654+0100][1.070s] GC(3) Pause Remark 25M->25M(512M) 1.108ms
[2024-12-18T11:35:33.654+0100][1.070s] GC(3) User=0.01s Sys=0.00s Real=0.00s
[2024-12-18T11:35:33.654+0100][1.071s] GC(3) Concurrent Mark 4.339ms
[2024-12-18T11:35:33.654+0100][1.071s] GC(3) Concurrent Rebuild Remembered Sets and Scrub Regions
[2024-12-18T11:35:33.655+0100][1.072s] GC(3) Concurrent Rebuild Remembered Sets and Scrub Regions 1.717ms
[2024-12-18T11:35:33.655+0100][1.072s] GC(3) Pause Cleanup
[2024-12-18T11:35:33.656+0100][1.072s] GC(3) Pause Cleanup 25M->25M(512M) 0.091ms
[2024-12-18T11:35:33.656+0100][1.072s] GC(3) User=0.00s Sys=0.00s Real=0.00s
[2024-12-18T11:35:33.656+0100][1.072s] GC(3) Concurrent Clear Claimed Marks
[2024-12-18T11:35:33.656+0100][1.072s] GC(3) Concurrent Clear Claimed Marks 0.023ms
[2024-12-18T11:35:33.656+0100][1.072s] GC(3) Concurrent Cleanup for Next Mark
[2024-12-18T11:35:33.656+0100][1.073s] GC(3) Concurrent Cleanup for Next Mark 0.271ms
[2024-12-18T11:35:33.656+0100][1.073s] GC(3) Concurrent Mark Cycle 8.268ms
[2024-12-18T11:35:34.224+0100][1.641s] GC(4) Pause Young (Prepare Mixed) (Metadata GC Threshold)
[2024-12-18T11:35:34.224+0100][1.641s] GC(4) Using 15 workers of 15 for evacuation
[2024-12-18T11:35:34.227+0100][1.644s] GC(4)   Pre Evacuate Collection Set: 0.2ms
[2024-12-18T11:35:34.227+0100][1.644s] GC(4)   Merge Heap Roots: 0.1ms
[2024-12-18T11:35:34.227+0100][1.644s] GC(4)   Evacuate Collection Set: 2.2ms
[2024-12-18T11:35:34.227+0100][1.644s] GC(4)   Post Evacuate Collection Set: 0.6ms
[2024-12-18T11:35:34.227+0100][1.644s] GC(4)   Other: 0.1ms
[2024-12-18T11:35:34.227+0100][1.644s] GC(4) Eden regions: 71->0(261)
[2024-12-18T11:35:34.227+0100][1.644s] GC(4) Survivor regions: 14->16(39)
[2024-12-18T11:35:34.227+0100][1.644s] GC(4) Old regions: 9->9
[2024-12-18T11:35:34.227+0100][1.644s] GC(4) Humongous regions: 4->4
[2024-12-18T11:35:34.227+0100][1.644s] GC(4) Metaspace: 35778K(36288K)->35778K(36288K) NonClass: 31751K(32000K)->31751K(32000K) Class: 4027K(4288K)->4027K(4288K)
[2024-12-18T11:35:34.227+0100][1.644s] GC(4) Pause Young (Prepare Mixed) (Metadata GC Threshold) 95M->27M(512M) 3.240ms
[2024-12-18T11:35:34.227+0100][1.644s] GC(4) User=0.03s Sys=0.00s Real=0.01s
[2024-12-18T11:35:34.240+0100][1.657s] GC(5) Pause Young (Mixed) (Metadata GC Threshold)
[2024-12-18T11:35:34.240+0100][1.657s] GC(5) Using 15 workers of 15 for evacuation
[2024-12-18T11:35:34.243+0100][1.660s] GC(5)   Pre Evacuate Collection Set: 0.1ms
[2024-12-18T11:35:34.243+0100][1.660s] GC(5)   Merge Heap Roots: 0.0ms
[2024-12-18T11:35:34.243+0100][1.660s] GC(5)   Evacuate Collection Set: 2.2ms
[2024-12-18T11:35:34.243+0100][1.660s] GC(5)   Post Evacuate Collection Set: 0.4ms
[2024-12-18T11:35:34.243+0100][1.660s] GC(5)   Other: 0.1ms
[2024-12-18T11:35:34.243+0100][1.660s] GC(5) Eden regions: 2->0(255)
[2024-12-18T11:35:34.243+0100][1.660s] GC(5) Survivor regions: 16->16(36)
[2024-12-18T11:35:34.243+0100][1.660s] GC(5) Old regions: 9->8
[2024-12-18T11:35:34.243+0100][1.660s] GC(5) Humongous regions: 4->4
[2024-12-18T11:35:34.243+0100][1.660s] GC(5) Metaspace: 36082K(36608K)->36082K(36608K) NonClass: 32020K(32320K)->32020K(32320K) Class: 4061K(4288K)->4061K(4288K)
[2024-12-18T11:35:34.243+0100][1.660s] GC(5) Pause Young (Mixed) (Metadata GC Threshold) 29M->27M(512M) 2.916ms
[2024-12-18T11:35:34.243+0100][1.660s] GC(5) User=0.03s Sys=0.01s Real=0.00s
[2024-12-18T11:35:34.254+0100][1.671s] GC(6) Pause Young (Concurrent Start) (Metadata GC Threshold)
[2024-12-18T11:35:34.254+0100][1.671s] GC(6) Using 15 workers of 15 for evacuation
[2024-12-18T11:35:34.257+0100][1.674s] GC(6)   Pre Evacuate Collection Set: 0.1ms
[2024-12-18T11:35:34.257+0100][1.674s] GC(6)   Merge Heap Roots: 0.0ms
[2024-12-18T11:35:34.257+0100][1.674s] GC(6)   Evacuate Collection Set: 2.2ms
[2024-12-18T11:35:34.257+0100][1.674s] GC(6)   Post Evacuate Collection Set: 0.3ms
[2024-12-18T11:35:34.257+0100][1.674s] GC(6)   Other: 0.1ms
[2024-12-18T11:35:34.257+0100][1.674s] GC(6) Eden regions: 3->0(291)
[2024-12-18T11:35:34.257+0100][1.674s] GC(6) Survivor regions: 16->16(35)
[2024-12-18T11:35:34.257+0100][1.674s] GC(6) Old regions: 8->8
[2024-12-18T11:35:34.257+0100][1.674s] GC(6) Humongous regions: 4->4
[2024-12-18T11:35:34.257+0100][1.674s] GC(6) Metaspace: 36365K(36928K)->36365K(36928K) NonClass: 32273K(32576K)->32273K(32576K) Class: 4092K(4352K)->4092K(4352K)
[2024-12-18T11:35:34.257+0100][1.674s] GC(6) Pause Young (Concurrent Start) (Metadata GC Threshold) 29M->27M(512M) 2.946ms
[2024-12-18T11:35:34.257+0100][1.674s] GC(7) Concurrent Mark Cycle
[2024-12-18T11:35:34.257+0100][1.674s] GC(7) Concurrent Scan Root Regions
[2024-12-18T11:35:34.257+0100][1.674s] GC(6) User=0.03s Sys=0.00s Real=0.01s
[2024-12-18T11:35:34.259+0100][1.676s] GC(7) Concurrent Scan Root Regions 1.753ms
[2024-12-18T11:35:34.259+0100][1.676s] GC(7) Concurrent Mark
[2024-12-18T11:35:34.259+0100][1.676s] GC(7) Concurrent Mark From Roots
[2024-12-18T11:35:34.259+0100][1.676s] GC(7) Using 4 workers of 4 for marking
[2024-12-18T11:35:34.262+0100][1.679s] GC(7) Concurrent Mark From Roots 3.000ms
[2024-12-18T11:35:34.262+0100][1.679s] GC(7) Concurrent Preclean
[2024-12-18T11:35:34.262+0100][1.679s] GC(7) Concurrent Preclean 0.017ms
[2024-12-18T11:35:34.264+0100][1.681s] GC(7) Pause Remark
[2024-12-18T11:35:34.265+0100][1.682s] GC(7) Pause Remark 28M->28M(512M) 1.448ms
[2024-12-18T11:35:34.265+0100][1.682s] GC(7) User=0.01s Sys=0.00s Real=0.01s
[2024-12-18T11:35:34.265+0100][1.682s] GC(7) Concurrent Mark 6.641ms
[2024-12-18T11:35:34.265+0100][1.682s] GC(7) Concurrent Rebuild Remembered Sets and Scrub Regions
[2024-12-18T11:35:34.267+0100][1.684s] GC(7) Concurrent Rebuild Remembered Sets and Scrub Regions 1.933ms
[2024-12-18T11:35:34.267+0100][1.684s] GC(7) Pause Cleanup
[2024-12-18T11:35:34.268+0100][1.684s] GC(7) Pause Cleanup 28M->28M(512M) 0.090ms
[2024-12-18T11:35:34.268+0100][1.684s] GC(7) User=0.00s Sys=0.00s Real=0.00s
[2024-12-18T11:35:34.268+0100][1.684s] GC(7) Concurrent Clear Claimed Marks
[2024-12-18T11:35:34.268+0100][1.684s] GC(7) Concurrent Clear Claimed Marks 0.041ms
[2024-12-18T11:35:34.268+0100][1.684s] GC(7) Concurrent Cleanup for Next Mark
[2024-12-18T11:35:34.268+0100][1.685s] GC(7) Concurrent Cleanup for Next Mark 0.234ms
[2024-12-18T11:35:34.268+0100][1.685s] GC(7) Concurrent Mark Cycle 10.826ms
[2024-12-18T11:35:35.936+0100][3.353s] GC(8) Pause Young (Concurrent Start) (Metadata GC Threshold)
[2024-12-18T11:35:35.936+0100][3.353s] GC(8) Using 15 workers of 15 for evacuation
[2024-12-18T11:35:35.945+0100][3.362s] GC(8)   Pre Evacuate Collection Set: 0.3ms
[2024-12-18T11:35:35.945+0100][3.362s] GC(8)   Merge Heap Roots: 0.1ms
[2024-12-18T11:35:35.945+0100][3.362s] GC(8)   Evacuate Collection Set: 6.8ms
[2024-12-18T11:35:35.945+0100][3.362s] GC(8)   Post Evacuate Collection Set: 1.1ms
[2024-12-18T11:35:35.945+0100][3.362s] GC(8)   Other: 0.2ms
[2024-12-18T11:35:35.945+0100][3.362s] GC(8) Eden regions: 200->0(270)
[2024-12-18T11:35:35.945+0100][3.362s] GC(8) Survivor regions: 16->36(38)
[2024-12-18T11:35:35.945+0100][3.362s] GC(8) Old regions: 8->8
[2024-12-18T11:35:35.945+0100][3.362s] GC(8) Humongous regions: 4->4
[2024-12-18T11:35:35.945+0100][3.362s] GC(8) Metaspace: 61129K(61888K)->61129K(61888K) NonClass: 53804K(54208K)->53804K(54208K) Class: 7325K(7680K)->7325K(7680K)
[2024-12-18T11:35:35.945+0100][3.362s] GC(8) Pause Young (Concurrent Start) (Metadata GC Threshold) 226M->46M(512M) 8.494ms
[2024-12-18T11:35:35.945+0100][3.362s] GC(9) Concurrent Mark Cycle
[2024-12-18T11:35:35.945+0100][3.362s] GC(8) User=0.10s Sys=0.00s Real=0.01s
[2024-12-18T11:35:35.945+0100][3.362s] GC(9) Concurrent Scan Root Regions
[2024-12-18T11:35:35.949+0100][3.366s] GC(9) Concurrent Scan Root Regions 3.847ms
[2024-12-18T11:35:35.949+0100][3.366s] GC(9) Concurrent Mark
[2024-12-18T11:35:35.949+0100][3.366s] GC(9) Concurrent Mark From Roots
[2024-12-18T11:35:35.949+0100][3.366s] GC(9) Using 4 workers of 4 for marking
[2024-12-18T11:35:35.952+0100][3.368s] GC(9) Concurrent Mark From Roots 2.702ms
[2024-12-18T11:35:35.952+0100][3.368s] GC(9) Concurrent Preclean
[2024-12-18T11:35:35.952+0100][3.368s] GC(9) Concurrent Preclean 0.018ms
[2024-12-18T11:35:35.952+0100][3.369s] GC(9) Pause Remark
[2024-12-18T11:35:35.953+0100][3.370s] GC(9) Pause Remark 47M->47M(512M) 1.778ms
[2024-12-18T11:35:35.954+0100][3.370s] GC(9) User=0.01s Sys=0.00s Real=0.00s
[2024-12-18T11:35:35.954+0100][3.370s] GC(9) Concurrent Mark 4.704ms
[2024-12-18T11:35:35.954+0100][3.370s] GC(9) Concurrent Rebuild Remembered Sets and Scrub Regions
[2024-12-18T11:35:35.956+0100][3.372s] GC(9) Concurrent Rebuild Remembered Sets and Scrub Regions 1.984ms
[2024-12-18T11:35:35.956+0100][3.373s] GC(9) Pause Cleanup
[2024-12-18T11:35:35.956+0100][3.373s] GC(9) Pause Cleanup 48M->48M(512M) 0.131ms
[2024-12-18T11:35:35.956+0100][3.373s] GC(9) User=0.00s Sys=0.00s Real=0.00s
[2024-12-18T11:35:35.956+0100][3.373s] GC(9) Concurrent Clear Claimed Marks
[2024-12-18T11:35:35.956+0100][3.373s] GC(9) Concurrent Clear Claimed Marks 0.041ms
[2024-12-18T11:35:35.956+0100][3.373s] GC(9) Concurrent Cleanup for Next Mark
[2024-12-18T11:35:35.956+0100][3.373s] GC(9) Concurrent Cleanup for Next Mark 0.255ms
[2024-12-18T11:35:35.956+0100][3.373s] GC(9) Concurrent Mark Cycle 11.266ms
[2024-12-18T11:43:14.304+0100][461.721s] Heap
[2024-12-18T11:43:14.304+0100][461.721s]  garbage-first heap   total 524288K, used 122798K [0x00000000e0000000, 0x0000000100000000)
[2024-12-18T11:43:14.304+0100][461.721s]   region size 1024K, 109 young (111616K), 36 survivors (36864K)
[2024-12-18T11:43:14.304+0100][461.721s]  Metaspace       used 66811K, committed 67520K, reserved 1114112K
[2024-12-18T11:43:14.304+0100][461.721s]   class space    used 7944K, committed 8256K, reserved 1048576K
