[2024-12-18T11:34:55.798+0100][0.005s] CardTable entry size: 512
[2024-12-18T11:34:55.798+0100][0.005s] Using G1
[2024-12-18T11:34:55.827+0100][0.034s] Version: 21.0.5+11-Ubuntu-1ubuntu124.04 (release)
[2024-12-18T11:34:55.827+0100][0.034s] CPUs: 20 total, 20 available
[2024-12-18T11:34:55.827+0100][0.034s] Memory: 15660M
[2024-12-18T11:34:55.827+0100][0.034s] Large Page Support: Disabled
[2024-12-18T11:34:55.827+0100][0.034s] NUMA Support: Disabled
[2024-12-18T11:34:55.827+0100][0.034s] Compressed Oops: Enabled (32-bit)
[2024-12-18T11:34:55.827+0100][0.034s] Heap Region Size: 1M
[2024-12-18T11:34:55.827+0100][0.034s] Heap Min Capacity: 512M
[2024-12-18T11:34:55.827+0100][0.034s] Heap Initial Capacity: 512M
[2024-12-18T11:34:55.827+0100][0.034s] Heap Max Capacity: 512M
[2024-12-18T11:34:55.827+0100][0.034s] Pre-touch: Enabled
[2024-12-18T11:34:55.827+0100][0.034s] Parallel Workers: 15
[2024-12-18T11:34:55.827+0100][0.034s] Concurrent Workers: 4
[2024-12-18T11:34:55.827+0100][0.034s] Concurrent Refinement Workers: 15
[2024-12-18T11:34:55.827+0100][0.034s] Periodic GC: Disabled
[2024-12-18T11:34:55.832+0100][0.040s] CDS archive(s) mapped at: [0x00007da96b000000-0x00007da96bc97000-0x00007da96bc97000), size 13201408, SharedBaseAddress: 0x00007da96b000000, ArchiveRelocationMode: 1.
[2024-12-18T11:34:55.832+0100][0.040s] Compressed class space mapped at: 0x00007da96c000000-0x00007da9ac000000, reserved size: 1073741824
[2024-12-18T11:34:55.832+0100][0.040s] Narrow klass base: 0x00007da96b000000, Narrow klass shift: 0, Narrow klass range: 0x100000000
[2024-12-18T11:34:56.198+0100][0.405s] GC(0) Pause Young (Normal) (G1 Evacuation Pause)
[2024-12-18T11:34:56.198+0100][0.405s] GC(0) Using 12 workers of 15 for evacuation
[2024-12-18T11:34:56.199+0100][0.407s] GC(0)   Pre Evacuate Collection Set: 0.3ms
[2024-12-18T11:34:56.199+0100][0.407s] GC(0)   Merge Heap Roots: 0.0ms
[2024-12-18T11:34:56.199+0100][0.407s] GC(0)   Evacuate Collection Set: 1.0ms
[2024-12-18T11:34:56.199+0100][0.407s] GC(0)   Post Evacuate Collection Set: 0.4ms
[2024-12-18T11:34:56.199+0100][0.407s] GC(0)   Other: 0.0ms
[2024-12-18T11:34:56.199+0100][0.407s] GC(0) Eden regions: 29->0(54)
[2024-12-18T11:34:56.199+0100][0.407s] GC(0) Survivor regions: 0->4(4)
[2024-12-18T11:34:56.199+0100][0.407s] GC(0) Old regions: 2->2
[2024-12-18T11:34:56.200+0100][0.407s] GC(0) Humongous regions: 0->0
[2024-12-18T11:34:56.200+0100][0.407s] GC(0) Metaspace: 7994K(8192K)->7994K(8192K) NonClass: 7098K(7232K)->7098K(7232K) Class: 896K(960K)->896K(960K)
[2024-12-18T11:34:56.200+0100][0.407s] GC(0) Pause Young (Normal) (G1 Evacuation Pause) 30M->4M(512M) 1.876ms
[2024-12-18T11:34:56.200+0100][0.407s] GC(0) User=0.01s Sys=0.00s Real=0.00s
[2024-12-18T11:34:56.699+0100][0.906s] GC(1) Pause Young (Normal) (G1 Evacuation Pause)
[2024-12-18T11:34:56.699+0100][0.906s] GC(1) Using 15 workers of 15 for evacuation
[2024-12-18T11:34:56.703+0100][0.910s] GC(1)   Pre Evacuate Collection Set: 0.2ms
[2024-12-18T11:34:56.703+0100][0.910s] GC(1)   Merge Heap Roots: 0.0ms
[2024-12-18T11:34:56.703+0100][0.910s] GC(1)   Evacuate Collection Set: 3.6ms
[2024-12-18T11:34:56.703+0100][0.910s] GC(1)   Post Evacuate Collection Set: 0.4ms
[2024-12-18T11:34:56.703+0100][0.910s] GC(1)   Other: 0.1ms
[2024-12-18T11:34:56.703+0100][0.910s] GC(1) Eden regions: 54->0(299)
[2024-12-18T11:34:56.703+0100][0.910s] GC(1) Survivor regions: 4->8(8)
[2024-12-18T11:34:56.703+0100][0.910s] GC(1) Old regions: 2->9
[2024-12-18T11:34:56.703+0100][0.910s] GC(1) Humongous regions: 4->4
[2024-12-18T11:34:56.703+0100][0.910s] GC(1) Metaspace: 20032K(20416K)->20032K(20416K) NonClass: 17791K(17984K)->17791K(17984K) Class: 2240K(2432K)->2240K(2432K)
[2024-12-18T11:34:56.703+0100][0.910s] GC(1) Pause Young (Normal) (G1 Evacuation Pause) 62M->19M(512M) 4.347ms
[2024-12-18T11:34:56.703+0100][0.910s] GC(1) User=0.06s Sys=0.00s Real=0.00s
[2024-12-18T11:34:56.864+0100][1.071s] GC(2) Pause Young (Concurrent Start) (Metadata GC Threshold)
[2024-12-18T11:34:56.864+0100][1.071s] GC(2) Using 15 workers of 15 for evacuation
[2024-12-18T11:34:56.867+0100][1.074s] GC(2)   Pre Evacuate Collection Set: 0.2ms
[2024-12-18T11:34:56.867+0100][1.074s] GC(2)   Merge Heap Roots: 0.0ms
[2024-12-18T11:34:56.867+0100][1.074s] GC(2)   Evacuate Collection Set: 1.6ms
[2024-12-18T11:34:56.867+0100][1.074s] GC(2)   Post Evacuate Collection Set: 0.3ms
[2024-12-18T11:34:56.867+0100][1.074s] GC(2)   Other: 0.1ms
[2024-12-18T11:34:56.867+0100][1.074s] GC(2) Eden regions: 65->0(293)
[2024-12-18T11:34:56.867+0100][1.074s] GC(2) Survivor regions: 8->14(39)
[2024-12-18T11:34:56.867+0100][1.074s] GC(2) Old regions: 9->9
[2024-12-18T11:34:56.867+0100][1.074s] GC(2) Humongous regions: 4->4
[2024-12-18T11:34:56.867+0100][1.074s] GC(2) Metaspace: 21062K(21504K)->21062K(21504K) NonClass: 18715K(18944K)->18715K(18944K) Class: 2346K(2560K)->2346K(2560K)
[2024-12-18T11:34:56.867+0100][1.074s] GC(2) Pause Young (Concurrent Start) (Metadata GC Threshold) 84M->24M(512M) 2.489ms
[2024-12-18T11:34:56.867+0100][1.074s] GC(2) User=0.03s Sys=0.00s Real=0.00s
[2024-12-18T11:34:56.867+0100][1.074s] GC(3) Concurrent Mark Cycle
[2024-12-18T11:34:56.867+0100][1.074s] GC(3) Concurrent Scan Root Regions
[2024-12-18T11:34:56.868+0100][1.076s] GC(3) Concurrent Scan Root Regions 1.673ms
[2024-12-18T11:34:56.868+0100][1.076s] GC(3) Concurrent Mark
[2024-12-18T11:34:56.868+0100][1.076s] GC(3) Concurrent Mark From Roots
[2024-12-18T11:34:56.868+0100][1.076s] GC(3) Using 4 workers of 4 for marking
[2024-12-18T11:34:56.871+0100][1.079s] GC(3) Concurrent Mark From Roots 2.879ms
[2024-12-18T11:34:56.871+0100][1.079s] GC(3) Concurrent Preclean
[2024-12-18T11:34:56.872+0100][1.079s] GC(3) Concurrent Preclean 0.121ms
[2024-12-18T11:34:56.872+0100][1.079s] GC(3) Pause Remark
[2024-12-18T11:34:56.873+0100][1.080s] GC(3) Pause Remark 25M->25M(512M) 1.163ms
[2024-12-18T11:34:56.873+0100][1.080s] GC(3) User=0.01s Sys=0.00s Real=0.00s
[2024-12-18T11:34:56.873+0100][1.080s] GC(3) Concurrent Mark 4.380ms
[2024-12-18T11:34:56.873+0100][1.080s] GC(3) Concurrent Rebuild Remembered Sets and Scrub Regions
[2024-12-18T11:34:56.875+0100][1.082s] GC(3) Concurrent Rebuild Remembered Sets and Scrub Regions 1.772ms
[2024-12-18T11:34:56.875+0100][1.082s] GC(3) Pause Cleanup
[2024-12-18T11:34:56.875+0100][1.082s] GC(3) Pause Cleanup 25M->25M(512M) 0.059ms
[2024-12-18T11:34:56.875+0100][1.082s] GC(3) User=0.00s Sys=0.00s Real=0.00s
[2024-12-18T11:34:56.875+0100][1.082s] GC(3) Concurrent Clear Claimed Marks
[2024-12-18T11:34:56.875+0100][1.082s] GC(3) Concurrent Clear Claimed Marks 0.026ms
[2024-12-18T11:34:56.875+0100][1.082s] GC(3) Concurrent Cleanup for Next Mark
[2024-12-18T11:34:56.875+0100][1.082s] GC(3) Concurrent Cleanup for Next Mark 0.209ms
[2024-12-18T11:34:56.875+0100][1.082s] GC(3) Concurrent Mark Cycle 8.326ms
[2024-12-18T11:34:57.473+0100][1.680s] GC(4) Pause Young (Prepare Mixed) (Metadata GC Threshold)
[2024-12-18T11:34:57.473+0100][1.680s] GC(4) Using 15 workers of 15 for evacuation
[2024-12-18T11:34:57.476+0100][1.683s] GC(4)   Pre Evacuate Collection Set: 0.1ms
[2024-12-18T11:34:57.476+0100][1.683s] GC(4)   Merge Heap Roots: 0.0ms
[2024-12-18T11:34:57.476+0100][1.683s] GC(4)   Evacuate Collection Set: 2.9ms
[2024-12-18T11:34:57.476+0100][1.683s] GC(4)   Post Evacuate Collection Set: 0.4ms
[2024-12-18T11:34:57.476+0100][1.683s] GC(4)   Other: 0.0ms
[2024-12-18T11:34:57.476+0100][1.683s] GC(4) Eden regions: 78->0(291)
[2024-12-18T11:34:57.476+0100][1.683s] GC(4) Survivor regions: 14->16(39)
[2024-12-18T11:34:57.476+0100][1.683s] GC(4) Old regions: 9->9
[2024-12-18T11:34:57.476+0100][1.683s] GC(4) Humongous regions: 4->4
[2024-12-18T11:34:57.476+0100][1.683s] GC(4) Metaspace: 35414K(35968K)->35414K(35968K) NonClass: 31449K(31744K)->31449K(31744K) Class: 3965K(4224K)->3965K(4224K)
[2024-12-18T11:34:57.476+0100][1.683s] GC(4) Pause Young (Prepare Mixed) (Metadata GC Threshold) 102M->27M(512M) 3.543ms
[2024-12-18T11:34:57.476+0100][1.683s] GC(4) User=0.04s Sys=0.00s Real=0.01s
[2024-12-18T11:34:57.488+0100][1.695s] GC(5) Pause Young (Mixed) (Metadata GC Threshold)
[2024-12-18T11:34:57.488+0100][1.695s] GC(5) Using 15 workers of 15 for evacuation
[2024-12-18T11:34:57.491+0100][1.698s] GC(5)   Pre Evacuate Collection Set: 0.1ms
[2024-12-18T11:34:57.491+0100][1.698s] GC(5)   Merge Heap Roots: 0.0ms
[2024-12-18T11:34:57.491+0100][1.698s] GC(5)   Evacuate Collection Set: 2.2ms
[2024-12-18T11:34:57.491+0100][1.698s] GC(5)   Post Evacuate Collection Set: 0.5ms
[2024-12-18T11:34:57.491+0100][1.698s] GC(5)   Other: 0.1ms
[2024-12-18T11:34:57.491+0100][1.698s] GC(5) Eden regions: 2->0(288)
[2024-12-18T11:34:57.491+0100][1.698s] GC(5) Survivor regions: 16->17(39)
[2024-12-18T11:34:57.491+0100][1.698s] GC(5) Old regions: 9->8
[2024-12-18T11:34:57.491+0100][1.698s] GC(5) Humongous regions: 4->4
[2024-12-18T11:34:57.491+0100][1.698s] GC(5) Metaspace: 35755K(36288K)->35755K(36288K) NonClass: 31740K(32000K)->31740K(32000K) Class: 4015K(4288K)->4015K(4288K)
[2024-12-18T11:34:57.491+0100][1.698s] GC(5) Pause Young (Mixed) (Metadata GC Threshold) 29M->27M(512M) 3.042ms
[2024-12-18T11:34:57.491+0100][1.698s] GC(5) User=0.03s Sys=0.00s Real=0.00s
[2024-12-18T11:34:57.503+0100][1.710s] GC(6) Pause Young (Concurrent Start) (Metadata GC Threshold)
[2024-12-18T11:34:57.503+0100][1.710s] GC(6) Using 15 workers of 15 for evacuation
[2024-12-18T11:34:57.507+0100][1.714s] GC(6)   Pre Evacuate Collection Set: 0.9ms
[2024-12-18T11:34:57.507+0100][1.714s] GC(6)   Merge Heap Roots: 0.0ms
[2024-12-18T11:34:57.507+0100][1.714s] GC(6)   Evacuate Collection Set: 2.4ms
[2024-12-18T11:34:57.507+0100][1.714s] GC(6)   Post Evacuate Collection Set: 0.4ms
[2024-12-18T11:34:57.507+0100][1.714s] GC(6)   Other: 0.1ms
[2024-12-18T11:34:57.507+0100][1.714s] GC(6) Eden regions: 2->0(291)
[2024-12-18T11:34:57.507+0100][1.714s] GC(6) Survivor regions: 17->16(39)
[2024-12-18T11:34:57.507+0100][1.714s] GC(6) Old regions: 8->8
[2024-12-18T11:34:57.507+0100][1.714s] GC(6) Humongous regions: 4->4
[2024-12-18T11:34:57.507+0100][1.714s] GC(6) Metaspace: 36124K(36608K)->36124K(36608K) NonClass: 32063K(32320K)->32063K(32320K) Class: 4060K(4288K)->4060K(4288K)
[2024-12-18T11:34:57.507+0100][1.714s] GC(6) Pause Young (Concurrent Start) (Metadata GC Threshold) 29M->27M(512M) 3.890ms
[2024-12-18T11:34:57.507+0100][1.714s] GC(7) Concurrent Mark Cycle
[2024-12-18T11:34:57.507+0100][1.714s] GC(7) Concurrent Scan Root Regions
[2024-12-18T11:34:57.507+0100][1.714s] GC(6) User=0.03s Sys=0.00s Real=0.01s
[2024-12-18T11:34:57.508+0100][1.716s] GC(7) Concurrent Scan Root Regions 1.664ms
[2024-12-18T11:34:57.508+0100][1.716s] GC(7) Concurrent Mark
[2024-12-18T11:34:57.508+0100][1.716s] GC(7) Concurrent Mark From Roots
[2024-12-18T11:34:57.508+0100][1.716s] GC(7) Using 4 workers of 4 for marking
[2024-12-18T11:34:57.511+0100][1.718s] GC(7) Concurrent Mark From Roots 2.452ms
[2024-12-18T11:34:57.511+0100][1.718s] GC(7) Concurrent Preclean
[2024-12-18T11:34:57.511+0100][1.718s] GC(7) Concurrent Preclean 0.010ms
[2024-12-18T11:34:57.511+0100][1.718s] GC(7) Pause Remark
[2024-12-18T11:34:57.512+0100][1.719s] GC(7) Pause Remark 29M->29M(512M) 1.353ms
[2024-12-18T11:34:57.512+0100][1.719s] GC(7) User=0.01s Sys=0.00s Real=0.00s
[2024-12-18T11:34:57.512+0100][1.719s] GC(7) Concurrent Mark 3.915ms
[2024-12-18T11:34:57.512+0100][1.719s] GC(7) Concurrent Rebuild Remembered Sets and Scrub Regions
[2024-12-18T11:34:57.514+0100][1.721s] GC(7) Concurrent Rebuild Remembered Sets and Scrub Regions 1.937ms
[2024-12-18T11:34:57.514+0100][1.722s] GC(7) Pause Cleanup
[2024-12-18T11:34:57.515+0100][1.722s] GC(7) Pause Cleanup 29M->29M(512M) 0.128ms
[2024-12-18T11:34:57.515+0100][1.722s] GC(7) User=0.00s Sys=0.00s Real=0.00s
[2024-12-18T11:34:57.515+0100][1.722s] GC(7) Concurrent Clear Claimed Marks
[2024-12-18T11:34:57.515+0100][1.722s] GC(7) Concurrent Clear Claimed Marks 0.026ms
[2024-12-18T11:34:57.515+0100][1.722s] GC(7) Concurrent Cleanup for Next Mark
[2024-12-18T11:34:57.515+0100][1.722s] GC(7) Concurrent Cleanup for Next Mark 0.452ms
[2024-12-18T11:34:57.515+0100][1.722s] GC(7) Concurrent Mark Cycle 8.411ms
[2024-12-18T11:34:59.143+0100][3.350s] GC(8) Pause Young (Concurrent Start) (Metadata GC Threshold)
[2024-12-18T11:34:59.143+0100][3.351s] GC(8) Using 15 workers of 15 for evacuation
[2024-12-18T11:34:59.151+0100][3.359s] GC(8)   Pre Evacuate Collection Set: 0.3ms
[2024-12-18T11:34:59.151+0100][3.359s] GC(8)   Merge Heap Roots: 0.1ms
[2024-12-18T11:34:59.151+0100][3.359s] GC(8)   Evacuate Collection Set: 6.4ms
[2024-12-18T11:34:59.151+0100][3.359s] GC(8)   Post Evacuate Collection Set: 1.2ms
[2024-12-18T11:34:59.151+0100][3.359s] GC(8)   Other: 0.1ms
[2024-12-18T11:34:59.151+0100][3.359s] GC(8) Eden regions: 195->0(272)
[2024-12-18T11:34:59.151+0100][3.359s] GC(8) Survivor regions: 16->35(39)
[2024-12-18T11:34:59.151+0100][3.359s] GC(8) Old regions: 8->8
[2024-12-18T11:34:59.151+0100][3.359s] GC(8) Humongous regions: 4->4
[2024-12-18T11:34:59.151+0100][3.359s] GC(8) Metaspace: 60646K(61376K)->60646K(61376K) NonClass: 53429K(53824K)->53429K(53824K) Class: 7217K(7552K)->7217K(7552K)
[2024-12-18T11:34:59.151+0100][3.359s] GC(8) Pause Young (Concurrent Start) (Metadata GC Threshold) 222M->46M(512M) 8.160ms
[2024-12-18T11:34:59.151+0100][3.359s] GC(8) User=0.09s Sys=0.00s Real=0.01s
[2024-12-18T11:34:59.152+0100][3.359s] GC(9) Concurrent Mark Cycle
[2024-12-18T11:34:59.152+0100][3.359s] GC(9) Concurrent Scan Root Regions
[2024-12-18T11:34:59.155+0100][3.363s] GC(9) Concurrent Scan Root Regions 3.748ms
[2024-12-18T11:34:59.156+0100][3.363s] GC(9) Concurrent Mark
[2024-12-18T11:34:59.156+0100][3.363s] GC(9) Concurrent Mark From Roots
[2024-12-18T11:34:59.156+0100][3.363s] GC(9) Using 4 workers of 4 for marking
[2024-12-18T11:34:59.159+0100][3.366s] GC(9) Concurrent Mark From Roots 3.049ms
[2024-12-18T11:34:59.159+0100][3.366s] GC(9) Concurrent Preclean
[2024-12-18T11:34:59.159+0100][3.366s] GC(9) Concurrent Preclean 0.083ms
[2024-12-18T11:34:59.159+0100][3.366s] GC(9) Pause Remark
[2024-12-18T11:34:59.161+0100][3.368s] GC(9) Pause Remark 47M->47M(512M) 1.860ms
[2024-12-18T11:34:59.161+0100][3.368s] GC(9) User=0.01s Sys=0.01s Real=0.00s
[2024-12-18T11:34:59.161+0100][3.368s] GC(9) Concurrent Mark 5.212ms
[2024-12-18T11:34:59.161+0100][3.368s] GC(9) Concurrent Rebuild Remembered Sets and Scrub Regions
[2024-12-18T11:34:59.163+0100][3.370s] GC(9) Concurrent Rebuild Remembered Sets and Scrub Regions 2.086ms
[2024-12-18T11:34:59.163+0100][3.370s] GC(9) Pause Cleanup
[2024-12-18T11:34:59.163+0100][3.370s] GC(9) Pause Cleanup 47M->47M(512M) 0.138ms
[2024-12-18T11:34:59.163+0100][3.370s] GC(9) User=0.00s Sys=0.00s Real=0.00s
[2024-12-18T11:34:59.163+0100][3.370s] GC(9) Concurrent Clear Claimed Marks
[2024-12-18T11:34:59.163+0100][3.370s] GC(9) Concurrent Clear Claimed Marks 0.045ms
[2024-12-18T11:34:59.163+0100][3.370s] GC(9) Concurrent Cleanup for Next Mark
[2024-12-18T11:34:59.163+0100][3.371s] GC(9) Concurrent Cleanup for Next Mark 0.239ms
[2024-12-18T11:34:59.163+0100][3.371s] GC(9) Concurrent Mark Cycle 11.779ms
[2024-12-18T11:35:30.444+0100][34.651s] Heap
[2024-12-18T11:35:30.444+0100][34.651s]  garbage-first heap   total 524288K, used 108895K [0x00000000e0000000, 0x0000000100000000)
[2024-12-18T11:35:30.444+0100][34.651s]   region size 1024K, 95 young (97280K), 35 survivors (35840K)
[2024-12-18T11:35:30.444+0100][34.651s]  Metaspace       used 66671K, committed 67456K, reserved 1114112K
[2024-12-18T11:35:30.444+0100][34.651s]   class space    used 7899K, committed 8256K, reserved 1048576K
