[2024-12-18T11:34:13.674+0100][0.004s] CardTable entry size: 512
[2024-12-18T11:34:13.674+0100][0.004s] Using G1
[2024-12-18T11:34:13.703+0100][0.033s] Version: 21.0.5+11-Ubuntu-1ubuntu124.04 (release)
[2024-12-18T11:34:13.703+0100][0.033s] CPUs: 20 total, 20 available
[2024-12-18T11:34:13.703+0100][0.033s] Memory: 15660M
[2024-12-18T11:34:13.703+0100][0.033s] Large Page Support: Disabled
[2024-12-18T11:34:13.703+0100][0.033s] NUMA Support: Disabled
[2024-12-18T11:34:13.703+0100][0.033s] Compressed Oops: Enabled (32-bit)
[2024-12-18T11:34:13.703+0100][0.033s] Heap Region Size: 1M
[2024-12-18T11:34:13.703+0100][0.033s] Heap Min Capacity: 512M
[2024-12-18T11:34:13.703+0100][0.033s] Heap Initial Capacity: 512M
[2024-12-18T11:34:13.703+0100][0.033s] Heap Max Capacity: 512M
[2024-12-18T11:34:13.703+0100][0.033s] Pre-touch: Enabled
[2024-12-18T11:34:13.703+0100][0.033s] Parallel Workers: 15
[2024-12-18T11:34:13.703+0100][0.033s] Concurrent Workers: 4
[2024-12-18T11:34:13.703+0100][0.033s] Concurrent Refinement Workers: 15
[2024-12-18T11:34:13.703+0100][0.033s] Periodic GC: Disabled
[2024-12-18T11:34:13.708+0100][0.038s] CDS archive(s) mapped at: [0x00007f78b7000000-0x00007f78b7c97000-0x00007f78b7c97000), size 13201408, SharedBaseAddress: 0x00007f78b7000000, ArchiveRelocationMode: 1.
[2024-12-18T11:34:13.708+0100][0.038s] Compressed class space mapped at: 0x00007f78b8000000-0x00007f78f8000000, reserved size: 1073741824
[2024-12-18T11:34:13.708+0100][0.038s] Narrow klass base: 0x00007f78b7000000, Narrow klass shift: 0, Narrow klass range: 0x100000000
[2024-12-18T11:34:14.045+0100][0.375s] GC(0) Pause Young (Normal) (G1 Evacuation Pause)
[2024-12-18T11:34:14.045+0100][0.375s] GC(0) Using 12 workers of 15 for evacuation
[2024-12-18T11:34:14.047+0100][0.377s] GC(0)   Pre Evacuate Collection Set: 0.1ms
[2024-12-18T11:34:14.047+0100][0.377s] GC(0)   Merge Heap Roots: 0.0ms
[2024-12-18T11:34:14.047+0100][0.377s] GC(0)   Evacuate Collection Set: 1.0ms
[2024-12-18T11:34:14.047+0100][0.377s] GC(0)   Post Evacuate Collection Set: 0.2ms
[2024-12-18T11:34:14.047+0100][0.377s] GC(0)   Other: 0.0ms
[2024-12-18T11:34:14.047+0100][0.377s] GC(0) Eden regions: 29->0(54)
[2024-12-18T11:34:14.047+0100][0.377s] GC(0) Survivor regions: 0->4(4)
[2024-12-18T11:34:14.047+0100][0.377s] GC(0) Old regions: 2->2
[2024-12-18T11:34:14.047+0100][0.377s] GC(0) Humongous regions: 0->0
[2024-12-18T11:34:14.047+0100][0.377s] GC(0) Metaspace: 7995K(8192K)->7995K(8192K) NonClass: 7099K(7232K)->7099K(7232K) Class: 896K(960K)->896K(960K)
[2024-12-18T11:34:14.047+0100][0.377s] GC(0) Pause Young (Normal) (G1 Evacuation Pause) 30M->4M(512M) 1.420ms
[2024-12-18T11:34:14.047+0100][0.377s] GC(0) User=0.02s Sys=0.00s Real=0.00s
[2024-12-18T11:34:14.472+0100][0.802s] GC(1) Pause Young (Normal) (G1 Evacuation Pause)
[2024-12-18T11:34:14.472+0100][0.802s] GC(1) Using 15 workers of 15 for evacuation
[2024-12-18T11:34:14.476+0100][0.806s] GC(1)   Pre Evacuate Collection Set: 0.1ms
[2024-12-18T11:34:14.476+0100][0.806s] GC(1)   Merge Heap Roots: 0.1ms
[2024-12-18T11:34:14.476+0100][0.806s] GC(1)   Evacuate Collection Set: 3.6ms
[2024-12-18T11:34:14.476+0100][0.806s] GC(1)   Post Evacuate Collection Set: 0.3ms
[2024-12-18T11:34:14.476+0100][0.806s] GC(1)   Other: 0.1ms
[2024-12-18T11:34:14.476+0100][0.806s] GC(1) Eden regions: 54->0(299)
[2024-12-18T11:34:14.476+0100][0.806s] GC(1) Survivor regions: 4->8(8)
[2024-12-18T11:34:14.476+0100][0.806s] GC(1) Old regions: 2->9
[2024-12-18T11:34:14.476+0100][0.806s] GC(1) Humongous regions: 4->4
[2024-12-18T11:34:14.476+0100][0.806s] GC(1) Metaspace: 20021K(20416K)->20021K(20416K) NonClass: 17780K(17984K)->17780K(17984K) Class: 2240K(2432K)->2240K(2432K)
[2024-12-18T11:34:14.476+0100][0.806s] GC(1) Pause Young (Normal) (G1 Evacuation Pause) 62M->19M(512M) 4.317ms
[2024-12-18T11:34:14.476+0100][0.806s] GC(1) User=0.06s Sys=0.01s Real=0.01s
[2024-12-18T11:34:14.637+0100][0.967s] GC(2) Pause Young (Concurrent Start) (Metadata GC Threshold)
[2024-12-18T11:34:14.637+0100][0.967s] GC(2) Using 15 workers of 15 for evacuation
[2024-12-18T11:34:14.639+0100][0.969s] GC(2)   Pre Evacuate Collection Set: 0.2ms
[2024-12-18T11:34:14.639+0100][0.969s] GC(2)   Merge Heap Roots: 0.0ms
[2024-12-18T11:34:14.639+0100][0.969s] GC(2)   Evacuate Collection Set: 1.5ms
[2024-12-18T11:34:14.639+0100][0.969s] GC(2)   Post Evacuate Collection Set: 0.3ms
[2024-12-18T11:34:14.639+0100][0.969s] GC(2)   Other: 0.1ms
[2024-12-18T11:34:14.639+0100][0.969s] GC(2) Eden regions: 65->0(294)
[2024-12-18T11:34:14.639+0100][0.969s] GC(2) Survivor regions: 8->13(39)
[2024-12-18T11:34:14.639+0100][0.969s] GC(2) Old regions: 9->9
[2024-12-18T11:34:14.639+0100][0.969s] GC(2) Humongous regions: 4->4
[2024-12-18T11:34:14.639+0100][0.969s] GC(2) Metaspace: 21101K(21504K)->21101K(21504K) NonClass: 18748K(18944K)->18748K(18944K) Class: 2352K(2560K)->2352K(2560K)
[2024-12-18T11:34:14.639+0100][0.969s] GC(2) Pause Young (Concurrent Start) (Metadata GC Threshold) 84M->24M(512M) 2.228ms
[2024-12-18T11:34:14.639+0100][0.969s] GC(3) Concurrent Mark Cycle
[2024-12-18T11:34:14.639+0100][0.969s] GC(2) User=0.02s Sys=0.00s Real=0.00s
[2024-12-18T11:34:14.639+0100][0.969s] GC(3) Concurrent Scan Root Regions
[2024-12-18T11:34:14.641+0100][0.971s] GC(3) Concurrent Scan Root Regions 1.673ms
[2024-12-18T11:34:14.641+0100][0.971s] GC(3) Concurrent Mark
[2024-12-18T11:34:14.641+0100][0.971s] GC(3) Concurrent Mark From Roots
[2024-12-18T11:34:14.641+0100][0.971s] GC(3) Using 4 workers of 4 for marking
[2024-12-18T11:34:14.644+0100][0.974s] GC(3) Concurrent Mark From Roots 2.996ms
[2024-12-18T11:34:14.644+0100][0.974s] GC(3) Concurrent Preclean
[2024-12-18T11:34:14.644+0100][0.974s] GC(3) Concurrent Preclean 0.025ms
[2024-12-18T11:34:14.644+0100][0.974s] GC(3) Pause Remark
[2024-12-18T11:34:14.645+0100][0.975s] GC(3) Pause Remark 25M->25M(512M) 1.098ms
[2024-12-18T11:34:14.645+0100][0.975s] GC(3) User=0.01s Sys=0.00s Real=0.00s
[2024-12-18T11:34:14.645+0100][0.975s] GC(3) Concurrent Mark 4.372ms
[2024-12-18T11:34:14.645+0100][0.975s] GC(3) Concurrent Rebuild Remembered Sets and Scrub Regions
[2024-12-18T11:34:14.647+0100][0.977s] GC(3) Concurrent Rebuild Remembered Sets and Scrub Regions 1.780ms
[2024-12-18T11:34:14.647+0100][0.977s] GC(3) Pause Cleanup
[2024-12-18T11:34:14.647+0100][0.977s] GC(3) Pause Cleanup 25M->25M(512M) 0.070ms
[2024-12-18T11:34:14.647+0100][0.977s] GC(3) User=0.00s Sys=0.00s Real=0.00s
[2024-12-18T11:34:14.647+0100][0.978s] GC(3) Concurrent Clear Claimed Marks
[2024-12-18T11:34:14.647+0100][0.978s] GC(3) Concurrent Clear Claimed Marks 0.020ms
[2024-12-18T11:34:14.647+0100][0.978s] GC(3) Concurrent Cleanup for Next Mark
[2024-12-18T11:34:14.648+0100][0.978s] GC(3) Concurrent Cleanup for Next Mark 0.289ms
[2024-12-18T11:34:14.648+0100][0.978s] GC(3) Concurrent Mark Cycle 8.481ms
[2024-12-18T11:34:15.179+0100][1.509s] GC(4) Pause Young (Prepare Mixed) (Metadata GC Threshold)
[2024-12-18T11:34:15.179+0100][1.509s] GC(4) Using 15 workers of 15 for evacuation
[2024-12-18T11:34:15.182+0100][1.512s] GC(4)   Pre Evacuate Collection Set: 0.3ms
[2024-12-18T11:34:15.182+0100][1.512s] GC(4)   Merge Heap Roots: 0.0ms
[2024-12-18T11:34:15.182+0100][1.512s] GC(4)   Evacuate Collection Set: 2.1ms
[2024-12-18T11:34:15.182+0100][1.512s] GC(4)   Post Evacuate Collection Set: 0.3ms
[2024-12-18T11:34:15.182+0100][1.512s] GC(4)   Other: 0.0ms
[2024-12-18T11:34:15.182+0100][1.512s] GC(4) Eden regions: 72->0(271)
[2024-12-18T11:34:15.182+0100][1.512s] GC(4) Survivor regions: 13->16(39)
[2024-12-18T11:34:15.182+0100][1.512s] GC(4) Old regions: 9->9
[2024-12-18T11:34:15.182+0100][1.512s] GC(4) Humongous regions: 4->4
[2024-12-18T11:34:15.182+0100][1.512s] GC(4) Metaspace: 35549K(36096K)->35549K(36096K) NonClass: 31564K(31872K)->31564K(31872K) Class: 3985K(4224K)->3985K(4224K)
[2024-12-18T11:34:15.182+0100][1.512s] GC(4) Pause Young (Prepare Mixed) (Metadata GC Threshold) 96M->27M(512M) 2.858ms
[2024-12-18T11:34:15.182+0100][1.512s] GC(4) User=0.03s Sys=0.00s Real=0.00s
[2024-12-18T11:34:15.192+0100][1.523s] GC(5) Pause Young (Mixed) (Metadata GC Threshold)
[2024-12-18T11:34:15.192+0100][1.523s] GC(5) Using 15 workers of 15 for evacuation
[2024-12-18T11:34:15.195+0100][1.525s] GC(5)   Pre Evacuate Collection Set: 0.1ms
[2024-12-18T11:34:15.195+0100][1.525s] GC(5)   Merge Heap Roots: 0.0ms
[2024-12-18T11:34:15.195+0100][1.525s] GC(5)   Evacuate Collection Set: 1.8ms
[2024-12-18T11:34:15.195+0100][1.525s] GC(5)   Post Evacuate Collection Set: 0.3ms
[2024-12-18T11:34:15.195+0100][1.525s] GC(5)   Other: 0.0ms
[2024-12-18T11:34:15.195+0100][1.525s] GC(5) Eden regions: 2->0(254)
[2024-12-18T11:34:15.195+0100][1.525s] GC(5) Survivor regions: 16->16(37)
[2024-12-18T11:34:15.195+0100][1.525s] GC(5) Old regions: 9->8
[2024-12-18T11:34:15.195+0100][1.525s] GC(5) Humongous regions: 4->4
[2024-12-18T11:34:15.195+0100][1.525s] GC(5) Metaspace: 35861K(36416K)->35861K(36416K) NonClass: 31824K(32128K)->31824K(32128K) Class: 4036K(4288K)->4036K(4288K)
[2024-12-18T11:34:15.195+0100][1.525s] GC(5) Pause Young (Mixed) (Metadata GC Threshold) 29M->27M(512M) 2.265ms
[2024-12-18T11:34:15.195+0100][1.525s] GC(5) User=0.02s Sys=0.00s Real=0.01s
[2024-12-18T11:34:15.207+0100][1.537s] GC(6) Pause Young (Concurrent Start) (Metadata GC Threshold)
[2024-12-18T11:34:15.207+0100][1.537s] GC(6) Using 15 workers of 15 for evacuation
[2024-12-18T11:34:15.210+0100][1.540s] GC(6)   Pre Evacuate Collection Set: 0.1ms
[2024-12-18T11:34:15.210+0100][1.540s] GC(6)   Merge Heap Roots: 0.0ms
[2024-12-18T11:34:15.210+0100][1.540s] GC(6)   Evacuate Collection Set: 2.2ms
[2024-12-18T11:34:15.210+0100][1.540s] GC(6)   Post Evacuate Collection Set: 0.3ms
[2024-12-18T11:34:15.210+0100][1.540s] GC(6)   Other: 0.0ms
[2024-12-18T11:34:15.210+0100][1.540s] GC(6) Eden regions: 3->0(291)
[2024-12-18T11:34:15.210+0100][1.540s] GC(6) Survivor regions: 16->16(35)
[2024-12-18T11:34:15.210+0100][1.540s] GC(6) Old regions: 8->8
[2024-12-18T11:34:15.210+0100][1.540s] GC(6) Humongous regions: 4->4
[2024-12-18T11:34:15.210+0100][1.540s] GC(6) Metaspace: 36170K(36736K)->36170K(36736K) NonClass: 32100K(32384K)->32100K(32384K) Class: 4069K(4352K)->4069K(4352K)
[2024-12-18T11:34:15.210+0100][1.540s] GC(6) Pause Young (Concurrent Start) (Metadata GC Threshold) 29M->27M(512M) 2.828ms
[2024-12-18T11:34:15.210+0100][1.540s] GC(7) Concurrent Mark Cycle
[2024-12-18T11:34:15.210+0100][1.540s] GC(6) User=0.03s Sys=0.01s Real=0.00s
[2024-12-18T11:34:15.210+0100][1.540s] GC(7) Concurrent Scan Root Regions
[2024-12-18T11:34:15.212+0100][1.542s] GC(7) Concurrent Scan Root Regions 1.727ms
[2024-12-18T11:34:15.212+0100][1.542s] GC(7) Concurrent Mark
[2024-12-18T11:34:15.212+0100][1.542s] GC(7) Concurrent Mark From Roots
[2024-12-18T11:34:15.212+0100][1.542s] GC(7) Using 4 workers of 4 for marking
[2024-12-18T11:34:15.215+0100][1.545s] GC(7) Concurrent Mark From Roots 2.984ms
[2024-12-18T11:34:15.215+0100][1.545s] GC(7) Concurrent Preclean
[2024-12-18T11:34:15.215+0100][1.545s] GC(7) Concurrent Preclean 0.018ms
[2024-12-18T11:34:15.215+0100][1.545s] GC(7) Pause Remark
[2024-12-18T11:34:15.216+0100][1.546s] GC(7) Pause Remark 28M->28M(512M) 1.234ms
[2024-12-18T11:34:15.216+0100][1.546s] GC(7) User=0.01s Sys=0.00s Real=0.00s
[2024-12-18T11:34:15.216+0100][1.546s] GC(7) Concurrent Mark 4.354ms
[2024-12-18T11:34:15.216+0100][1.546s] GC(7) Concurrent Rebuild Remembered Sets and Scrub Regions
[2024-12-18T11:34:15.218+0100][1.549s] GC(7) Concurrent Rebuild Remembered Sets and Scrub Regions 2.275ms
[2024-12-18T11:34:15.219+0100][1.549s] GC(7) Pause Cleanup
[2024-12-18T11:34:15.219+0100][1.549s] GC(7) Pause Cleanup 28M->28M(512M) 0.088ms
[2024-12-18T11:34:15.219+0100][1.549s] GC(7) User=0.00s Sys=0.00s Real=0.00s
[2024-12-18T11:34:15.219+0100][1.549s] GC(7) Concurrent Clear Claimed Marks
[2024-12-18T11:34:15.219+0100][1.549s] GC(7) Concurrent Clear Claimed Marks 0.048ms
[2024-12-18T11:34:15.219+0100][1.549s] GC(7) Concurrent Cleanup for Next Mark
[2024-12-18T11:34:15.219+0100][1.549s] GC(7) Concurrent Cleanup for Next Mark 0.222ms
[2024-12-18T11:34:15.219+0100][1.549s] GC(7) Concurrent Mark Cycle 9.331ms
[2024-12-18T11:34:17.009+0100][3.339s] GC(8) Pause Young (Prepare Mixed) (Metadata GC Threshold)
[2024-12-18T11:34:17.009+0100][3.339s] GC(8) Using 15 workers of 15 for evacuation
[2024-12-18T11:34:17.016+0100][3.346s] GC(8)   Pre Evacuate Collection Set: 0.3ms
[2024-12-18T11:34:17.016+0100][3.346s] GC(8)   Merge Heap Roots: 0.1ms
[2024-12-18T11:34:17.016+0100][3.346s] GC(8)   Evacuate Collection Set: 5.6ms
[2024-12-18T11:34:17.016+0100][3.346s] GC(8)   Post Evacuate Collection Set: 0.9ms
[2024-12-18T11:34:17.016+0100][3.346s] GC(8)   Other: 0.1ms
[2024-12-18T11:34:17.016+0100][3.346s] GC(8) Eden regions: 195->0(272)
[2024-12-18T11:34:17.016+0100][3.346s] GC(8) Survivor regions: 16->35(39)
[2024-12-18T11:34:17.016+0100][3.346s] GC(8) Old regions: 8->8
[2024-12-18T11:34:17.016+0100][3.346s] GC(8) Humongous regions: 4->4
[2024-12-18T11:34:17.016+0100][3.346s] GC(8) Metaspace: 60614K(61376K)->60614K(61376K) NonClass: 53397K(53824K)->53397K(53824K) Class: 7216K(7552K)->7216K(7552K)
[2024-12-18T11:34:17.016+0100][3.346s] GC(8) Pause Young (Prepare Mixed) (Metadata GC Threshold) 222M->46M(512M) 7.093ms
[2024-12-18T11:34:17.016+0100][3.346s] GC(8) User=0.08s Sys=0.01s Real=0.01s
[2024-12-18T11:34:17.048+0100][3.378s] GC(9) Pause Young (Mixed) (Metadata GC Threshold)
[2024-12-18T11:34:17.048+0100][3.378s] GC(9) Using 15 workers of 15 for evacuation
[2024-12-18T11:34:17.054+0100][3.384s] GC(9)   Pre Evacuate Collection Set: 0.2ms
[2024-12-18T11:34:17.054+0100][3.384s] GC(9)   Merge Heap Roots: 0.0ms
[2024-12-18T11:34:17.054+0100][3.384s] GC(9)   Evacuate Collection Set: 4.6ms
[2024-12-18T11:34:17.054+0100][3.384s] GC(9)   Post Evacuate Collection Set: 0.6ms
[2024-12-18T11:34:17.054+0100][3.384s] GC(9)   Other: 0.0ms
[2024-12-18T11:34:17.054+0100][3.384s] GC(9) Eden regions: 3->0(269)
[2024-12-18T11:34:17.054+0100][3.384s] GC(9) Survivor regions: 35->21(39)
[2024-12-18T11:34:17.054+0100][3.384s] GC(9) Old regions: 8->23
[2024-12-18T11:34:17.054+0100][3.384s] GC(9) Humongous regions: 4->4
[2024-12-18T11:34:17.054+0100][3.384s] GC(9) Metaspace: 60948K(61696K)->60948K(61696K) NonClass: 53677K(54080K)->53677K(54080K) Class: 7270K(7616K)->7270K(7616K)
[2024-12-18T11:34:17.054+0100][3.384s] GC(9) Pause Young (Mixed) (Metadata GC Threshold) 49M->47M(512M) 5.515ms
[2024-12-18T11:34:17.054+0100][3.384s] GC(9) User=0.06s Sys=0.00s Real=0.00s
[2024-12-18T11:34:17.081+0100][3.412s] GC(10) Pause Young (Concurrent Start) (Metadata GC Threshold)
[2024-12-18T11:34:17.082+0100][3.412s] GC(10) Using 15 workers of 15 for evacuation
[2024-12-18T11:34:17.085+0100][3.415s] GC(10)   Pre Evacuate Collection Set: 0.9ms
[2024-12-18T11:34:17.085+0100][3.415s] GC(10)   Merge Heap Roots: 0.0ms
[2024-12-18T11:34:17.085+0100][3.415s] GC(10)   Evacuate Collection Set: 2.5ms
[2024-12-18T11:34:17.085+0100][3.415s] GC(10)   Post Evacuate Collection Set: 0.3ms
[2024-12-18T11:34:17.085+0100][3.415s] GC(10)   Other: 0.0ms
[2024-12-18T11:34:17.085+0100][3.415s] GC(10) Eden regions: 6->0(286)
[2024-12-18T11:34:17.085+0100][3.415s] GC(10) Survivor regions: 21->21(38)
[2024-12-18T11:34:17.085+0100][3.415s] GC(10) Old regions: 23->23
[2024-12-18T11:34:17.085+0100][3.415s] GC(10) Humongous regions: 4->4
[2024-12-18T11:34:17.085+0100][3.415s] GC(10) Metaspace: 61275K(62016K)->61275K(62016K) NonClass: 53950K(54336K)->53950K(54336K) Class: 7324K(7680K)->7324K(7680K)
[2024-12-18T11:34:17.085+0100][3.415s] GC(10) Pause Young (Concurrent Start) (Metadata GC Threshold) 52M->46M(512M) 3.833ms
[2024-12-18T11:34:17.085+0100][3.415s] GC(10) User=0.04s Sys=0.00s Real=0.01s
[2024-12-18T11:34:17.085+0100][3.415s] GC(11) Concurrent Mark Cycle
[2024-12-18T11:34:17.085+0100][3.415s] GC(11) Concurrent Scan Root Regions
[2024-12-18T11:34:17.088+0100][3.419s] GC(11) Concurrent Scan Root Regions 3.101ms
[2024-12-18T11:34:17.089+0100][3.419s] GC(11) Concurrent Mark
[2024-12-18T11:34:17.089+0100][3.419s] GC(11) Concurrent Mark From Roots
[2024-12-18T11:34:17.089+0100][3.419s] GC(11) Using 4 workers of 4 for marking
[2024-12-18T11:34:17.095+0100][3.425s] GC(11) Concurrent Mark From Roots 6.690ms
[2024-12-18T11:34:17.095+0100][3.425s] GC(11) Concurrent Preclean
[2024-12-18T11:34:17.095+0100][3.425s] GC(11) Concurrent Preclean 0.070ms
[2024-12-18T11:34:17.095+0100][3.425s] GC(11) Pause Remark
[2024-12-18T11:34:17.097+0100][3.427s] GC(11) Pause Remark 48M->48M(512M) 1.950ms
[2024-12-18T11:34:17.097+0100][3.427s] GC(11) User=0.01s Sys=0.00s Real=0.00s
[2024-12-18T11:34:17.097+0100][3.427s] GC(11) Concurrent Mark 8.866ms
[2024-12-18T11:34:17.097+0100][3.427s] GC(11) Concurrent Rebuild Remembered Sets and Scrub Regions
[2024-12-18T11:34:17.102+0100][3.432s] GC(11) Concurrent Rebuild Remembered Sets and Scrub Regions 4.512ms
[2024-12-18T11:34:17.102+0100][3.432s] GC(11) Pause Cleanup
[2024-12-18T11:34:17.102+0100][3.432s] GC(11) Pause Cleanup 50M->50M(512M) 0.125ms
[2024-12-18T11:34:17.102+0100][3.432s] GC(11) User=0.00s Sys=0.01s Real=0.00s
[2024-12-18T11:34:17.102+0100][3.432s] GC(11) Concurrent Clear Claimed Marks
[2024-12-18T11:34:17.102+0100][3.432s] GC(11) Concurrent Clear Claimed Marks 0.072ms
[2024-12-18T11:34:17.102+0100][3.432s] GC(11) Concurrent Cleanup for Next Mark
[2024-12-18T11:34:17.102+0100][3.433s] GC(11) Concurrent Cleanup for Next Mark 0.247ms
[2024-12-18T11:34:17.102+0100][3.433s] GC(11) Concurrent Mark Cycle 17.099ms
[2024-12-18T11:34:53.664+0100][39.994s] Heap
[2024-12-18T11:34:53.664+0100][39.994s]  garbage-first heap   total 524288K, used 105118K [0x00000000e0000000, 0x0000000100000000)
[2024-12-18T11:34:53.664+0100][39.994s]   region size 1024K, 77 young (78848K), 21 survivors (21504K)
[2024-12-18T11:34:53.664+0100][39.994s]  Metaspace       used 66599K, committed 67392K, reserved 1114112K
[2024-12-18T11:34:53.664+0100][39.994s]   class space    used 7898K, committed 8256K, reserved 1048576K
