[2024-12-18T11:45:36.493+0100][0.005s] CardTable entry size: 512
[2024-12-18T11:45:36.493+0100][0.005s] Using G1
[2024-12-18T11:45:36.524+0100][0.036s] Version: 21.0.5+11-Ubuntu-1ubuntu124.04 (release)
[2024-12-18T11:45:36.524+0100][0.036s] CPUs: 20 total, 20 available
[2024-12-18T11:45:36.524+0100][0.036s] Memory: 15660M
[2024-12-18T11:45:36.524+0100][0.036s] Large Page Support: Disabled
[2024-12-18T11:45:36.524+0100][0.036s] NUMA Support: Disabled
[2024-12-18T11:45:36.524+0100][0.036s] Compressed Oops: Enabled (32-bit)
[2024-12-18T11:45:36.524+0100][0.036s] Heap Region Size: 1M
[2024-12-18T11:45:36.524+0100][0.036s] Heap Min Capacity: 512M
[2024-12-18T11:45:36.524+0100][0.036s] Heap Initial Capacity: 512M
[2024-12-18T11:45:36.524+0100][0.036s] Heap Max Capacity: 512M
[2024-12-18T11:45:36.524+0100][0.036s] Pre-touch: Enabled
[2024-12-18T11:45:36.524+0100][0.036s] Parallel Workers: 15
[2024-12-18T11:45:36.524+0100][0.036s] Concurrent Workers: 4
[2024-12-18T11:45:36.524+0100][0.036s] Concurrent Refinement Workers: 15
[2024-12-18T11:45:36.524+0100][0.036s] Periodic GC: Disabled
[2024-12-18T11:45:36.529+0100][0.042s] CDS archive(s) mapped at: [0x00007994c3000000-0x00007994c3c97000-0x00007994c3c97000), size 13201408, SharedBaseAddress: 0x00007994c3000000, ArchiveRelocationMode: 1.
[2024-12-18T11:45:36.529+0100][0.042s] Compressed class space mapped at: 0x00007994c4000000-0x0000799504000000, reserved size: 1073741824
[2024-12-18T11:45:36.529+0100][0.042s] Narrow klass base: 0x00007994c3000000, Narrow klass shift: 0, Narrow klass range: 0x100000000
[2024-12-18T11:45:36.883+0100][0.395s] GC(0) Pause Young (Normal) (G1 Evacuation Pause)
[2024-12-18T11:45:36.883+0100][0.395s] GC(0) Using 12 workers of 15 for evacuation
[2024-12-18T11:45:36.884+0100][0.397s] GC(0)   Pre Evacuate Collection Set: 0.1ms
[2024-12-18T11:45:36.885+0100][0.397s] GC(0)   Merge Heap Roots: 0.0ms
[2024-12-18T11:45:36.885+0100][0.397s] GC(0)   Evacuate Collection Set: 1.1ms
[2024-12-18T11:45:36.885+0100][0.397s] GC(0)   Post Evacuate Collection Set: 0.3ms
[2024-12-18T11:45:36.885+0100][0.397s] GC(0)   Other: 0.1ms
[2024-12-18T11:45:36.885+0100][0.397s] GC(0) Eden regions: 29->0(54)
[2024-12-18T11:45:36.885+0100][0.397s] GC(0) Survivor regions: 0->4(4)
[2024-12-18T11:45:36.885+0100][0.397s] GC(0) Old regions: 2->2
[2024-12-18T11:45:36.885+0100][0.397s] GC(0) Humongous regions: 0->0
[2024-12-18T11:45:36.885+0100][0.397s] GC(0) Metaspace: 8077K(8256K)->8077K(8256K) NonClass: 7172K(7232K)->7172K(7232K) Class: 905K(1024K)->905K(1024K)
[2024-12-18T11:45:36.885+0100][0.397s] GC(0) Pause Young (Normal) (G1 Evacuation Pause) 30M->4M(512M) 1.785ms
[2024-12-18T11:45:36.885+0100][0.397s] GC(0) User=0.02s Sys=0.00s Real=0.01s
[2024-12-18T11:45:37.326+0100][0.838s] GC(1) Pause Young (Normal) (G1 Evacuation Pause)
[2024-12-18T11:45:37.326+0100][0.838s] GC(1) Using 15 workers of 15 for evacuation
[2024-12-18T11:45:37.330+0100][0.843s] GC(1)   Pre Evacuate Collection Set: 0.2ms
[2024-12-18T11:45:37.330+0100][0.843s] GC(1)   Merge Heap Roots: 0.1ms
[2024-12-18T11:45:37.330+0100][0.843s] GC(1)   Evacuate Collection Set: 3.8ms
[2024-12-18T11:45:37.330+0100][0.843s] GC(1)   Post Evacuate Collection Set: 0.4ms
[2024-12-18T11:45:37.330+0100][0.843s] GC(1)   Other: 0.1ms
[2024-12-18T11:45:37.330+0100][0.843s] GC(1) Eden regions: 54->0(102)
[2024-12-18T11:45:37.330+0100][0.843s] GC(1) Survivor regions: 4->8(8)
[2024-12-18T11:45:37.330+0100][0.843s] GC(1) Old regions: 2->9
[2024-12-18T11:45:37.330+0100][0.843s] GC(1) Humongous regions: 4->4
[2024-12-18T11:45:37.330+0100][0.843s] GC(1) Metaspace: 20027K(20416K)->20027K(20416K) NonClass: 17786K(17984K)->17786K(17984K) Class: 2240K(2432K)->2240K(2432K)
[2024-12-18T11:45:37.330+0100][0.843s] GC(1) Pause Young (Normal) (G1 Evacuation Pause) 62M->19M(512M) 4.722ms
[2024-12-18T11:45:37.330+0100][0.843s] GC(1) User=0.07s Sys=0.01s Real=0.00s
[2024-12-18T11:45:37.494+0100][1.007s] GC(2) Pause Young (Concurrent Start) (Metadata GC Threshold)
[2024-12-18T11:45:37.494+0100][1.007s] GC(2) Using 15 workers of 15 for evacuation
[2024-12-18T11:45:37.498+0100][1.011s] GC(2)   Pre Evacuate Collection Set: 0.3ms
[2024-12-18T11:45:37.498+0100][1.011s] GC(2)   Merge Heap Roots: 0.0ms
[2024-12-18T11:45:37.498+0100][1.011s] GC(2)   Evacuate Collection Set: 2.1ms
[2024-12-18T11:45:37.498+0100][1.011s] GC(2)   Post Evacuate Collection Set: 1.4ms
[2024-12-18T11:45:37.498+0100][1.011s] GC(2)   Other: 0.1ms
[2024-12-18T11:45:37.498+0100][1.011s] GC(2) Eden regions: 65->0(296)
[2024-12-18T11:45:37.498+0100][1.011s] GC(2) Survivor regions: 8->11(14)
[2024-12-18T11:45:37.498+0100][1.011s] GC(2) Old regions: 9->12
[2024-12-18T11:45:37.498+0100][1.011s] GC(2) Humongous regions: 4->4
[2024-12-18T11:45:37.498+0100][1.011s] GC(2) Metaspace: 21102K(21504K)->21102K(21504K) NonClass: 18749K(18944K)->18749K(18944K) Class: 2352K(2560K)->2352K(2560K)
[2024-12-18T11:45:37.499+0100][1.011s] GC(2) Pause Young (Concurrent Start) (Metadata GC Threshold) 83M->24M(512M) 4.083ms
[2024-12-18T11:45:37.499+0100][1.011s] GC(2) User=0.03s Sys=0.00s Real=0.00s
[2024-12-18T11:45:37.499+0100][1.011s] GC(3) Concurrent Mark Cycle
[2024-12-18T11:45:37.499+0100][1.011s] GC(3) Concurrent Scan Root Regions
[2024-12-18T11:45:37.500+0100][1.012s] GC(3) Concurrent Scan Root Regions 1.352ms
[2024-12-18T11:45:37.500+0100][1.012s] GC(3) Concurrent Mark
[2024-12-18T11:45:37.500+0100][1.012s] GC(3) Concurrent Mark From Roots
[2024-12-18T11:45:37.500+0100][1.012s] GC(3) Using 4 workers of 4 for marking
[2024-12-18T11:45:37.503+0100][1.015s] GC(3) Concurrent Mark From Roots 2.799ms
[2024-12-18T11:45:37.503+0100][1.015s] GC(3) Concurrent Preclean
[2024-12-18T11:45:37.503+0100][1.015s] GC(3) Concurrent Preclean 0.026ms
[2024-12-18T11:45:37.503+0100][1.015s] GC(3) Pause Remark
[2024-12-18T11:45:37.505+0100][1.018s] GC(3) Pause Remark 25M->25M(512M) 2.568ms
[2024-12-18T11:45:37.505+0100][1.018s] GC(3) User=0.01s Sys=0.00s Real=0.01s
[2024-12-18T11:45:37.505+0100][1.018s] GC(3) Concurrent Mark 5.540ms
[2024-12-18T11:45:37.505+0100][1.018s] GC(3) Concurrent Rebuild Remembered Sets and Scrub Regions
[2024-12-18T11:45:37.507+0100][1.019s] GC(3) Concurrent Rebuild Remembered Sets and Scrub Regions 1.521ms
[2024-12-18T11:45:37.507+0100][1.019s] GC(3) Pause Cleanup
[2024-12-18T11:45:37.507+0100][1.019s] GC(3) Pause Cleanup 25M->25M(512M) 0.096ms
[2024-12-18T11:45:37.507+0100][1.019s] GC(3) User=0.00s Sys=0.00s Real=0.00s
[2024-12-18T11:45:37.507+0100][1.019s] GC(3) Concurrent Clear Claimed Marks
[2024-12-18T11:45:37.507+0100][1.020s] GC(3) Concurrent Clear Claimed Marks 0.022ms
[2024-12-18T11:45:37.507+0100][1.020s] GC(3) Concurrent Cleanup for Next Mark
[2024-12-18T11:45:37.507+0100][1.020s] GC(3) Concurrent Cleanup for Next Mark 0.242ms
[2024-12-18T11:45:37.507+0100][1.020s] GC(3) Concurrent Mark Cycle 8.952ms
[2024-12-18T11:45:38.028+0100][1.540s] GC(4) Pause Young (Prepare Mixed) (Metadata GC Threshold)
[2024-12-18T11:45:38.028+0100][1.540s] GC(4) Using 15 workers of 15 for evacuation
[2024-12-18T11:45:38.031+0100][1.544s] GC(4)   Pre Evacuate Collection Set: 0.3ms
[2024-12-18T11:45:38.031+0100][1.544s] GC(4)   Merge Heap Roots: 0.1ms
[2024-12-18T11:45:38.031+0100][1.544s] GC(4)   Evacuate Collection Set: 2.6ms
[2024-12-18T11:45:38.031+0100][1.544s] GC(4)   Post Evacuate Collection Set: 0.3ms
[2024-12-18T11:45:38.032+0100][1.544s] GC(4)   Other: 0.1ms
[2024-12-18T11:45:38.032+0100][1.544s] GC(4) Eden regions: 71->0(249)
[2024-12-18T11:45:38.032+0100][1.544s] GC(4) Survivor regions: 11->13(39)
[2024-12-18T11:45:38.032+0100][1.544s] GC(4) Old regions: 12->12
[2024-12-18T11:45:38.032+0100][1.544s] GC(4) Humongous regions: 4->4
[2024-12-18T11:45:38.032+0100][1.544s] GC(4) Metaspace: 35577K(36160K)->35577K(36160K) NonClass: 31582K(31872K)->31582K(31872K) Class: 3994K(4288K)->3994K(4288K)
[2024-12-18T11:45:38.032+0100][1.544s] GC(4) Pause Young (Prepare Mixed) (Metadata GC Threshold) 95M->27M(512M) 3.531ms
[2024-12-18T11:45:38.032+0100][1.544s] GC(4) User=0.04s Sys=0.01s Real=0.00s
[2024-12-18T11:45:38.048+0100][1.560s] GC(5) Pause Young (Mixed) (Metadata GC Threshold)
[2024-12-18T11:45:38.048+0100][1.560s] GC(5) Using 15 workers of 15 for evacuation
[2024-12-18T11:45:38.051+0100][1.563s] GC(5)   Pre Evacuate Collection Set: 0.2ms
[2024-12-18T11:45:38.051+0100][1.563s] GC(5)   Merge Heap Roots: 0.0ms
[2024-12-18T11:45:38.051+0100][1.563s] GC(5)   Evacuate Collection Set: 2.1ms
[2024-12-18T11:45:38.051+0100][1.563s] GC(5)   Post Evacuate Collection Set: 0.2ms
[2024-12-18T11:45:38.051+0100][1.563s] GC(5)   Other: 0.1ms
[2024-12-18T11:45:38.051+0100][1.563s] GC(5) Eden regions: 2->0(244)
[2024-12-18T11:45:38.051+0100][1.563s] GC(5) Survivor regions: 13->14(34)
[2024-12-18T11:45:38.051+0100][1.563s] GC(5) Old regions: 12->11
[2024-12-18T11:45:38.051+0100][1.563s] GC(5) Humongous regions: 4->4
[2024-12-18T11:45:38.051+0100][1.563s] GC(5) Metaspace: 35936K(36480K)->35936K(36480K) NonClass: 31890K(32192K)->31890K(32192K) Class: 4045K(4288K)->4045K(4288K)
[2024-12-18T11:45:38.051+0100][1.563s] GC(5) Pause Young (Mixed) (Metadata GC Threshold) 29M->27M(512M) 2.714ms
[2024-12-18T11:45:38.051+0100][1.563s] GC(5) User=0.03s Sys=0.00s Real=0.00s
[2024-12-18T11:45:38.067+0100][1.579s] GC(6) Pause Young (Concurrent Start) (Metadata GC Threshold)
[2024-12-18T11:45:38.067+0100][1.579s] GC(6) Using 15 workers of 15 for evacuation
[2024-12-18T11:45:38.069+0100][1.582s] GC(6)   Pre Evacuate Collection Set: 0.2ms
[2024-12-18T11:45:38.069+0100][1.582s] GC(6)   Merge Heap Roots: 0.0ms
[2024-12-18T11:45:38.069+0100][1.582s] GC(6)   Evacuate Collection Set: 2.0ms
[2024-12-18T11:45:38.069+0100][1.582s] GC(6)   Post Evacuate Collection Set: 0.2ms
[2024-12-18T11:45:38.069+0100][1.582s] GC(6)   Other: 0.1ms
[2024-12-18T11:45:38.069+0100][1.582s] GC(6) Eden regions: 2->0(293)
[2024-12-18T11:45:38.069+0100][1.582s] GC(6) Survivor regions: 14->14(34)
[2024-12-18T11:45:38.069+0100][1.582s] GC(6) Old regions: 11->11
[2024-12-18T11:45:38.069+0100][1.582s] GC(6) Humongous regions: 4->4
[2024-12-18T11:45:38.069+0100][1.582s] GC(6) Metaspace: 36259K(36800K)->36259K(36800K) NonClass: 32177K(32448K)->32177K(32448K) Class: 4082K(4352K)->4082K(4352K)
[2024-12-18T11:45:38.069+0100][1.582s] GC(6) Pause Young (Concurrent Start) (Metadata GC Threshold) 29M->27M(512M) 2.679ms
[2024-12-18T11:45:38.069+0100][1.582s] GC(6) User=0.03s Sys=0.00s Real=0.00s
[2024-12-18T11:45:38.069+0100][1.582s] GC(7) Concurrent Mark Cycle
[2024-12-18T11:45:38.069+0100][1.582s] GC(7) Concurrent Scan Root Regions
[2024-12-18T11:45:38.071+0100][1.583s] GC(7) Concurrent Scan Root Regions 1.542ms
[2024-12-18T11:45:38.071+0100][1.583s] GC(7) Concurrent Mark
[2024-12-18T11:45:38.071+0100][1.583s] GC(7) Concurrent Mark From Roots
[2024-12-18T11:45:38.071+0100][1.583s] GC(7) Using 4 workers of 4 for marking
[2024-12-18T11:45:38.075+0100][1.587s] GC(7) Concurrent Mark From Roots 3.990ms
[2024-12-18T11:45:38.075+0100][1.587s] GC(7) Concurrent Preclean
[2024-12-18T11:45:38.075+0100][1.587s] GC(7) Concurrent Preclean 0.018ms
[2024-12-18T11:45:38.075+0100][1.587s] GC(7) Pause Remark
[2024-12-18T11:45:38.077+0100][1.589s] GC(7) Pause Remark 28M->28M(512M) 1.876ms
[2024-12-18T11:45:38.077+0100][1.589s] GC(7) User=0.01s Sys=0.00s Real=0.00s
[2024-12-18T11:45:38.077+0100][1.589s] GC(7) Concurrent Mark 6.105ms
[2024-12-18T11:45:38.077+0100][1.589s] GC(7) Concurrent Rebuild Remembered Sets and Scrub Regions
[2024-12-18T11:45:38.080+0100][1.592s] GC(7) Concurrent Rebuild Remembered Sets and Scrub Regions 2.559ms
[2024-12-18T11:45:38.080+0100][1.592s] GC(7) Pause Cleanup
[2024-12-18T11:45:38.080+0100][1.592s] GC(7) Pause Cleanup 28M->28M(512M) 0.138ms
[2024-12-18T11:45:38.080+0100][1.592s] GC(7) User=0.00s Sys=0.01s Real=0.00s
[2024-12-18T11:45:38.080+0100][1.592s] GC(7) Concurrent Clear Claimed Marks
[2024-12-18T11:45:38.080+0100][1.592s] GC(7) Concurrent Clear Claimed Marks 0.086ms
[2024-12-18T11:45:38.080+0100][1.592s] GC(7) Concurrent Cleanup for Next Mark
[2024-12-18T11:45:38.080+0100][1.593s] GC(7) Concurrent Cleanup for Next Mark 0.306ms
[2024-12-18T11:45:38.080+0100][1.593s] GC(7) Concurrent Mark Cycle 11.008ms
[2024-12-18T11:45:39.876+0100][3.388s] GC(8) Pause Young (Prepare Mixed) (Metadata GC Threshold)
[2024-12-18T11:45:39.876+0100][3.388s] GC(8) Using 15 workers of 15 for evacuation
[2024-12-18T11:45:39.882+0100][3.395s] GC(8)   Pre Evacuate Collection Set: 0.2ms
[2024-12-18T11:45:39.882+0100][3.395s] GC(8)   Merge Heap Roots: 0.1ms
[2024-12-18T11:45:39.882+0100][3.395s] GC(8)   Evacuate Collection Set: 4.8ms
[2024-12-18T11:45:39.882+0100][3.395s] GC(8)   Post Evacuate Collection Set: 1.3ms
[2024-12-18T11:45:39.883+0100][3.395s] GC(8)   Other: 0.1ms
[2024-12-18T11:45:39.883+0100][3.395s] GC(8) Eden regions: 197->0(274)
[2024-12-18T11:45:39.883+0100][3.395s] GC(8) Survivor regions: 14->33(39)
[2024-12-18T11:45:39.883+0100][3.395s] GC(8) Old regions: 11->11
[2024-12-18T11:45:39.883+0100][3.395s] GC(8) Humongous regions: 4->4
[2024-12-18T11:45:39.883+0100][3.395s] GC(8) Metaspace: 61146K(61888K)->61146K(61888K) NonClass: 53844K(54208K)->53844K(54208K) Class: 7301K(7680K)->7301K(7680K)
[2024-12-18T11:45:39.883+0100][3.395s] GC(8) Pause Young (Prepare Mixed) (Metadata GC Threshold) 224M->47M(512M) 6.620ms
[2024-12-18T11:45:39.883+0100][3.395s] GC(8) User=0.06s Sys=0.00s Real=0.00s
[2024-12-18T11:45:39.947+0100][3.459s] GC(9) Pause Young (Mixed) (Metadata GC Threshold)
[2024-12-18T11:45:39.947+0100][3.459s] GC(9) Using 15 workers of 15 for evacuation
[2024-12-18T11:45:39.953+0100][3.465s] GC(9)   Pre Evacuate Collection Set: 0.2ms
[2024-12-18T11:45:39.953+0100][3.465s] GC(9)   Merge Heap Roots: 0.0ms
[2024-12-18T11:45:39.953+0100][3.465s] GC(9)   Evacuate Collection Set: 4.4ms
[2024-12-18T11:45:39.953+0100][3.465s] GC(9)   Post Evacuate Collection Set: 1.3ms
[2024-12-18T11:45:39.953+0100][3.465s] GC(9)   Other: 0.0ms
[2024-12-18T11:45:39.953+0100][3.465s] GC(9) Eden regions: 7->0(272)
[2024-12-18T11:45:39.953+0100][3.465s] GC(9) Survivor regions: 33->21(39)
[2024-12-18T11:45:39.953+0100][3.465s] GC(9) Old regions: 11->23
[2024-12-18T11:45:39.953+0100][3.465s] GC(9) Humongous regions: 4->4
[2024-12-18T11:45:39.953+0100][3.465s] GC(9) Metaspace: 61395K(62208K)->61395K(62208K) NonClass: 54059K(54464K)->54059K(54464K) Class: 7336K(7744K)->7336K(7744K)
[2024-12-18T11:45:39.953+0100][3.465s] GC(9) Pause Young (Mixed) (Metadata GC Threshold) 54M->47M(512M) 6.053ms
[2024-12-18T11:45:39.953+0100][3.465s] GC(9) User=0.07s Sys=0.00s Real=0.00s
[2024-12-18T11:45:39.969+0100][3.481s] GC(10) Pause Young (Concurrent Start) (Metadata GC Threshold)
[2024-12-18T11:45:39.969+0100][3.481s] GC(10) Using 15 workers of 15 for evacuation
[2024-12-18T11:45:39.972+0100][3.484s] GC(10)   Pre Evacuate Collection Set: 0.2ms
[2024-12-18T11:45:39.972+0100][3.484s] GC(10)   Merge Heap Roots: 0.0ms
[2024-12-18T11:45:39.972+0100][3.484s] GC(10)   Evacuate Collection Set: 2.4ms
[2024-12-18T11:45:39.972+0100][3.484s] GC(10)   Post Evacuate Collection Set: 0.3ms
[2024-12-18T11:45:39.972+0100][3.484s] GC(10)   Other: 0.1ms
[2024-12-18T11:45:39.972+0100][3.484s] GC(10) Eden regions: 2->0(286)
[2024-12-18T11:45:39.972+0100][3.484s] GC(10) Survivor regions: 21->21(38)
[2024-12-18T11:45:39.972+0100][3.484s] GC(10) Old regions: 23->23
[2024-12-18T11:45:39.972+0100][3.484s] GC(10) Humongous regions: 4->4
[2024-12-18T11:45:39.972+0100][3.484s] GC(10) Metaspace: 61760K(62528K)->61760K(62528K) NonClass: 54384K(54784K)->54384K(54784K) Class: 7376K(7744K)->7376K(7744K)
[2024-12-18T11:45:39.972+0100][3.484s] GC(10) Pause Young (Concurrent Start) (Metadata GC Threshold) 49M->46M(512M) 3.228ms
[2024-12-18T11:45:39.972+0100][3.484s] GC(11) Concurrent Mark Cycle
[2024-12-18T11:45:39.972+0100][3.484s] GC(10) User=0.02s Sys=0.01s Real=0.00s
[2024-12-18T11:45:39.972+0100][3.484s] GC(11) Concurrent Scan Root Regions
[2024-12-18T11:45:39.975+0100][3.487s] GC(11) Concurrent Scan Root Regions 2.741ms
[2024-12-18T11:45:39.975+0100][3.487s] GC(11) Concurrent Mark
[2024-12-18T11:45:39.975+0100][3.487s] GC(11) Concurrent Mark From Roots
[2024-12-18T11:45:39.975+0100][3.487s] GC(11) Using 4 workers of 4 for marking
[2024-12-18T11:45:39.980+0100][3.493s] GC(11) Concurrent Mark From Roots 5.445ms
[2024-12-18T11:45:39.980+0100][3.493s] GC(11) Concurrent Preclean
[2024-12-18T11:45:39.980+0100][3.493s] GC(11) Concurrent Preclean 0.072ms
[2024-12-18T11:45:39.981+0100][3.493s] GC(11) Pause Remark
[2024-12-18T11:45:39.982+0100][3.495s] GC(11) Pause Remark 48M->48M(512M) 1.821ms
[2024-12-18T11:45:39.982+0100][3.495s] GC(11) User=0.02s Sys=0.00s Real=0.00s
[2024-12-18T11:45:39.982+0100][3.495s] GC(11) Concurrent Mark 7.530ms
[2024-12-18T11:45:39.982+0100][3.495s] GC(11) Concurrent Rebuild Remembered Sets and Scrub Regions
[2024-12-18T11:45:39.986+0100][3.498s] GC(11) Concurrent Rebuild Remembered Sets and Scrub Regions 3.215ms
[2024-12-18T11:45:39.986+0100][3.498s] GC(11) Pause Cleanup
[2024-12-18T11:45:39.986+0100][3.498s] GC(11) Pause Cleanup 48M->48M(512M) 0.069ms
[2024-12-18T11:45:39.986+0100][3.498s] GC(11) User=0.00s Sys=0.00s Real=0.00s
[2024-12-18T11:45:39.986+0100][3.498s] GC(11) Concurrent Clear Claimed Marks
[2024-12-18T11:45:39.986+0100][3.498s] GC(11) Concurrent Clear Claimed Marks 0.049ms
[2024-12-18T11:45:39.986+0100][3.498s] GC(11) Concurrent Cleanup for Next Mark
[2024-12-18T11:45:39.986+0100][3.499s] GC(11) Concurrent Cleanup for Next Mark 0.238ms
[2024-12-18T11:45:39.986+0100][3.499s] GC(11) Concurrent Mark Cycle 14.134ms
[2024-12-18T11:45:56.358+0100][19.870s] Heap
[2024-12-18T11:45:56.358+0100][19.870s]  garbage-first heap   total 524288K, used 93395K [0x00000000e0000000, 0x0000000100000000)
[2024-12-18T11:45:56.358+0100][19.870s]   region size 1024K, 66 young (67584K), 21 survivors (21504K)
[2024-12-18T11:45:56.358+0100][19.870s]  Metaspace       used 65155K, committed 65920K, reserved 1114112K
[2024-12-18T11:45:56.358+0100][19.870s]   class space    used 7742K, committed 8064K, reserved 1048576K
