[2024-12-18T11:33:49.942+0100][0.005s] CardTable entry size: 512
[2024-12-18T11:33:49.942+0100][0.005s] Using G1
[2024-12-18T11:33:49.972+0100][0.034s] Version: 21.0.5+11-Ubuntu-1ubuntu124.04 (release)
[2024-12-18T11:33:49.972+0100][0.034s] CPUs: 20 total, 20 available
[2024-12-18T11:33:49.972+0100][0.034s] Memory: 15660M
[2024-12-18T11:33:49.972+0100][0.034s] Large Page Support: Disabled
[2024-12-18T11:33:49.972+0100][0.034s] NUMA Support: Disabled
[2024-12-18T11:33:49.972+0100][0.034s] Compressed Oops: Enabled (32-bit)
[2024-12-18T11:33:49.972+0100][0.034s] Heap Region Size: 1M
[2024-12-18T11:33:49.972+0100][0.034s] Heap Min Capacity: 512M
[2024-12-18T11:33:49.972+0100][0.034s] Heap Initial Capacity: 512M
[2024-12-18T11:33:49.972+0100][0.034s] Heap Max Capacity: 512M
[2024-12-18T11:33:49.972+0100][0.034s] Pre-touch: Enabled
[2024-12-18T11:33:49.972+0100][0.034s] Parallel Workers: 15
[2024-12-18T11:33:49.972+0100][0.034s] Concurrent Workers: 4
[2024-12-18T11:33:49.972+0100][0.034s] Concurrent Refinement Workers: 15
[2024-12-18T11:33:49.972+0100][0.035s] Periodic GC: Disabled
[2024-12-18T11:33:49.977+0100][0.040s] CDS archive(s) mapped at: [0x0000781db3000000-0x0000781db3c97000-0x0000781db3c97000), size 13201408, SharedBaseAddress: 0x0000781db3000000, ArchiveRelocationMode: 1.
[2024-12-18T11:33:49.977+0100][0.040s] Compressed class space mapped at: 0x0000781db4000000-0x0000781df4000000, reserved size: 1073741824
[2024-12-18T11:33:49.977+0100][0.040s] Narrow klass base: 0x0000781db3000000, Narrow klass shift: 0, Narrow klass range: 0x100000000
[2024-12-18T11:33:50.306+0100][0.369s] GC(0) Pause Young (Normal) (G1 Evacuation Pause)
[2024-12-18T11:33:50.306+0100][0.369s] GC(0) Using 12 workers of 15 for evacuation
[2024-12-18T11:33:50.308+0100][0.370s] GC(0)   Pre Evacuate Collection Set: 0.2ms
[2024-12-18T11:33:50.308+0100][0.370s] GC(0)   Merge Heap Roots: 0.0ms
[2024-12-18T11:33:50.308+0100][0.370s] GC(0)   Evacuate Collection Set: 1.1ms
[2024-12-18T11:33:50.308+0100][0.370s] GC(0)   Post Evacuate Collection Set: 0.3ms
[2024-12-18T11:33:50.308+0100][0.370s] GC(0)   Other: 0.1ms
[2024-12-18T11:33:50.308+0100][0.370s] GC(0) Eden regions: 29->0(54)
[2024-12-18T11:33:50.308+0100][0.370s] GC(0) Survivor regions: 0->4(4)
[2024-12-18T11:33:50.308+0100][0.370s] GC(0) Old regions: 2->2
[2024-12-18T11:33:50.308+0100][0.370s] GC(0) Humongous regions: 0->0
[2024-12-18T11:33:50.308+0100][0.370s] GC(0) Metaspace: 8004K(8192K)->8004K(8192K) NonClass: 7108K(7232K)->7108K(7232K) Class: 896K(960K)->896K(960K)
[2024-12-18T11:33:50.308+0100][0.370s] GC(0) Pause Young (Normal) (G1 Evacuation Pause) 30M->4M(512M) 1.817ms
[2024-12-18T11:33:50.308+0100][0.371s] GC(0) User=0.02s Sys=0.01s Real=0.00s
[2024-12-18T11:33:50.771+0100][0.834s] GC(1) Pause Young (Normal) (G1 Evacuation Pause)
[2024-12-18T11:33:50.771+0100][0.834s] GC(1) Using 15 workers of 15 for evacuation
[2024-12-18T11:33:50.775+0100][0.838s] GC(1)   Pre Evacuate Collection Set: 0.2ms
[2024-12-18T11:33:50.775+0100][0.838s] GC(1)   Merge Heap Roots: 0.1ms
[2024-12-18T11:33:50.775+0100][0.838s] GC(1)   Evacuate Collection Set: 3.4ms
[2024-12-18T11:33:50.775+0100][0.838s] GC(1)   Post Evacuate Collection Set: 0.4ms
[2024-12-18T11:33:50.775+0100][0.838s] GC(1)   Other: 0.1ms
[2024-12-18T11:33:50.775+0100][0.838s] GC(1) Eden regions: 54->0(138)
[2024-12-18T11:33:50.775+0100][0.838s] GC(1) Survivor regions: 4->8(8)
[2024-12-18T11:33:50.775+0100][0.838s] GC(1) Old regions: 2->9
[2024-12-18T11:33:50.775+0100][0.838s] GC(1) Humongous regions: 4->4
[2024-12-18T11:33:50.775+0100][0.838s] GC(1) Metaspace: 20021K(20416K)->20021K(20416K) NonClass: 17780K(17984K)->17780K(17984K) Class: 2240K(2432K)->2240K(2432K)
[2024-12-18T11:33:50.775+0100][0.838s] GC(1) Pause Young (Normal) (G1 Evacuation Pause) 62M->19M(512M) 4.245ms
[2024-12-18T11:33:50.776+0100][0.838s] GC(1) User=0.07s Sys=0.00s Real=0.01s
[2024-12-18T11:33:50.929+0100][0.992s] GC(2) Pause Young (Concurrent Start) (Metadata GC Threshold)
[2024-12-18T11:33:50.929+0100][0.992s] GC(2) Using 15 workers of 15 for evacuation
[2024-12-18T11:33:50.932+0100][0.994s] GC(2)   Pre Evacuate Collection Set: 0.3ms
[2024-12-18T11:33:50.932+0100][0.994s] GC(2)   Merge Heap Roots: 0.1ms
[2024-12-18T11:33:50.932+0100][0.994s] GC(2)   Evacuate Collection Set: 1.5ms
[2024-12-18T11:33:50.932+0100][0.994s] GC(2)   Post Evacuate Collection Set: 0.3ms
[2024-12-18T11:33:50.932+0100][0.994s] GC(2)   Other: 0.1ms
[2024-12-18T11:33:50.932+0100][0.994s] GC(2) Eden regions: 65->0(293)
[2024-12-18T11:33:50.932+0100][0.994s] GC(2) Survivor regions: 8->14(19)
[2024-12-18T11:33:50.932+0100][0.994s] GC(2) Old regions: 9->9
[2024-12-18T11:33:50.932+0100][0.994s] GC(2) Humongous regions: 4->4
[2024-12-18T11:33:50.932+0100][0.994s] GC(2) Metaspace: 21101K(21504K)->21101K(21504K) NonClass: 18749K(18944K)->18749K(18944K) Class: 2352K(2560K)->2352K(2560K)
[2024-12-18T11:33:50.932+0100][0.994s] GC(2) Pause Young (Concurrent Start) (Metadata GC Threshold) 84M->24M(512M) 2.422ms
[2024-12-18T11:33:50.932+0100][0.994s] GC(3) Concurrent Mark Cycle
[2024-12-18T11:33:50.932+0100][0.994s] GC(2) User=0.02s Sys=0.00s Real=0.00s
[2024-12-18T11:33:50.932+0100][0.994s] GC(3) Concurrent Scan Root Regions
[2024-12-18T11:33:50.933+0100][0.996s] GC(3) Concurrent Scan Root Regions 1.551ms
[2024-12-18T11:33:50.933+0100][0.996s] GC(3) Concurrent Mark
[2024-12-18T11:33:50.933+0100][0.996s] GC(3) Concurrent Mark From Roots
[2024-12-18T11:33:50.933+0100][0.996s] GC(3) Using 4 workers of 4 for marking
[2024-12-18T11:33:50.936+0100][0.999s] GC(3) Concurrent Mark From Roots 3.070ms
[2024-12-18T11:33:50.936+0100][0.999s] GC(3) Concurrent Preclean
[2024-12-18T11:33:50.936+0100][0.999s] GC(3) Concurrent Preclean 0.029ms
[2024-12-18T11:33:50.937+0100][0.999s] GC(3) Pause Remark
[2024-12-18T11:33:50.938+0100][1.000s] GC(3) Pause Remark 25M->25M(512M) 1.107ms
[2024-12-18T11:33:50.938+0100][1.000s] GC(3) User=0.01s Sys=0.00s Real=0.00s
[2024-12-18T11:33:50.938+0100][1.000s] GC(3) Concurrent Mark 4.347ms
[2024-12-18T11:33:50.938+0100][1.000s] GC(3) Concurrent Rebuild Remembered Sets and Scrub Regions
[2024-12-18T11:33:50.940+0100][1.002s] GC(3) Concurrent Rebuild Remembered Sets and Scrub Regions 1.903ms
[2024-12-18T11:33:50.940+0100][1.002s] GC(3) Pause Cleanup
[2024-12-18T11:33:50.940+0100][1.002s] GC(3) Pause Cleanup 25M->25M(512M) 0.071ms
[2024-12-18T11:33:50.940+0100][1.002s] GC(3) User=0.00s Sys=0.00s Real=0.00s
[2024-12-18T11:33:50.940+0100][1.002s] GC(3) Concurrent Clear Claimed Marks
[2024-12-18T11:33:50.940+0100][1.002s] GC(3) Concurrent Clear Claimed Marks 0.017ms
[2024-12-18T11:33:50.940+0100][1.002s] GC(3) Concurrent Cleanup for Next Mark
[2024-12-18T11:33:50.940+0100][1.003s] GC(3) Concurrent Cleanup for Next Mark 0.225ms
[2024-12-18T11:33:50.940+0100][1.003s] GC(3) Concurrent Mark Cycle 8.380ms
[2024-12-18T11:33:51.421+0100][1.484s] GC(4) Pause Young (Prepare Mixed) (Metadata GC Threshold)
[2024-12-18T11:33:51.421+0100][1.484s] GC(4) Using 15 workers of 15 for evacuation
[2024-12-18T11:33:51.424+0100][1.487s] GC(4)   Pre Evacuate Collection Set: 0.1ms
[2024-12-18T11:33:51.424+0100][1.487s] GC(4)   Merge Heap Roots: 0.1ms
[2024-12-18T11:33:51.424+0100][1.487s] GC(4)   Evacuate Collection Set: 2.3ms
[2024-12-18T11:33:51.424+0100][1.487s] GC(4)   Post Evacuate Collection Set: 0.5ms
[2024-12-18T11:33:51.424+0100][1.487s] GC(4)   Other: 0.0ms
[2024-12-18T11:33:51.424+0100][1.487s] GC(4) Eden regions: 76->0(264)
[2024-12-18T11:33:51.424+0100][1.487s] GC(4) Survivor regions: 14->16(39)
[2024-12-18T11:33:51.424+0100][1.487s] GC(4) Old regions: 9->9
[2024-12-18T11:33:51.424+0100][1.487s] GC(4) Humongous regions: 4->4
[2024-12-18T11:33:51.424+0100][1.487s] GC(4) Metaspace: 35779K(36288K)->35779K(36288K) NonClass: 31752K(32000K)->31752K(32000K) Class: 4027K(4288K)->4027K(4288K)
[2024-12-18T11:33:51.424+0100][1.487s] GC(4) Pause Young (Prepare Mixed) (Metadata GC Threshold) 100M->27M(512M) 3.036ms
[2024-12-18T11:33:51.424+0100][1.487s] GC(4) User=0.04s Sys=0.00s Real=0.01s
[2024-12-18T11:33:51.437+0100][1.500s] GC(5) Pause Young (Mixed) (Metadata GC Threshold)
[2024-12-18T11:33:51.437+0100][1.500s] GC(5) Using 15 workers of 15 for evacuation
[2024-12-18T11:33:51.441+0100][1.503s] GC(5)   Pre Evacuate Collection Set: 0.1ms
[2024-12-18T11:33:51.441+0100][1.503s] GC(5)   Merge Heap Roots: 0.0ms
[2024-12-18T11:33:51.441+0100][1.503s] GC(5)   Evacuate Collection Set: 2.2ms
[2024-12-18T11:33:51.441+0100][1.504s] GC(5)   Post Evacuate Collection Set: 1.2ms
[2024-12-18T11:33:51.441+0100][1.504s] GC(5)   Other: 0.0ms
[2024-12-18T11:33:51.441+0100][1.504s] GC(5) Eden regions: 2->0(254)
[2024-12-18T11:33:51.441+0100][1.504s] GC(5) Survivor regions: 16->16(37)
[2024-12-18T11:33:51.441+0100][1.504s] GC(5) Old regions: 9->8
[2024-12-18T11:33:51.441+0100][1.504s] GC(5) Humongous regions: 4->4
[2024-12-18T11:33:51.441+0100][1.504s] GC(5) Metaspace: 36085K(36608K)->36085K(36608K) NonClass: 32024K(32320K)->32024K(32320K) Class: 4061K(4288K)->4061K(4288K)
[2024-12-18T11:33:51.441+0100][1.504s] GC(5) Pause Young (Mixed) (Metadata GC Threshold) 29M->27M(512M) 3.748ms
[2024-12-18T11:33:51.441+0100][1.504s] GC(5) User=0.03s Sys=0.00s Real=0.00s
[2024-12-18T11:33:51.451+0100][1.513s] GC(6) Pause Young (Concurrent Start) (Metadata GC Threshold)
[2024-12-18T11:33:51.451+0100][1.513s] GC(6) Using 15 workers of 15 for evacuation
[2024-12-18T11:33:51.454+0100][1.516s] GC(6)   Pre Evacuate Collection Set: 0.1ms
[2024-12-18T11:33:51.454+0100][1.516s] GC(6)   Merge Heap Roots: 0.0ms
[2024-12-18T11:33:51.454+0100][1.516s] GC(6)   Evacuate Collection Set: 2.5ms
[2024-12-18T11:33:51.454+0100][1.516s] GC(6)   Post Evacuate Collection Set: 0.4ms
[2024-12-18T11:33:51.454+0100][1.516s] GC(6)   Other: 0.1ms
[2024-12-18T11:33:51.454+0100][1.516s] GC(6) Eden regions: 2->0(291)
[2024-12-18T11:33:51.454+0100][1.516s] GC(6) Survivor regions: 16->16(35)
[2024-12-18T11:33:51.454+0100][1.516s] GC(6) Old regions: 8->8
[2024-12-18T11:33:51.454+0100][1.516s] GC(6) Humongous regions: 4->4
[2024-12-18T11:33:51.454+0100][1.516s] GC(6) Metaspace: 36331K(36928K)->36331K(36928K) NonClass: 32243K(32512K)->32243K(32512K) Class: 4088K(4416K)->4088K(4416K)
[2024-12-18T11:33:51.454+0100][1.516s] GC(6) Pause Young (Concurrent Start) (Metadata GC Threshold) 29M->27M(512M) 3.304ms
[2024-12-18T11:33:51.454+0100][1.516s] GC(7) Concurrent Mark Cycle
[2024-12-18T11:33:51.454+0100][1.516s] GC(7) Concurrent Scan Root Regions
[2024-12-18T11:33:51.454+0100][1.516s] GC(6) User=0.04s Sys=0.00s Real=0.00s
[2024-12-18T11:33:51.456+0100][1.518s] GC(7) Concurrent Scan Root Regions 1.945ms
[2024-12-18T11:33:51.456+0100][1.518s] GC(7) Concurrent Mark
[2024-12-18T11:33:51.456+0100][1.518s] GC(7) Concurrent Mark From Roots
[2024-12-18T11:33:51.456+0100][1.518s] GC(7) Using 4 workers of 4 for marking
[2024-12-18T11:33:51.459+0100][1.522s] GC(7) Concurrent Mark From Roots 3.445ms
[2024-12-18T11:33:51.459+0100][1.522s] GC(7) Concurrent Preclean
[2024-12-18T11:33:51.459+0100][1.522s] GC(7) Concurrent Preclean 0.022ms
[2024-12-18T11:33:51.459+0100][1.522s] GC(7) Pause Remark
[2024-12-18T11:33:51.461+0100][1.524s] GC(7) Pause Remark 28M->28M(512M) 1.799ms
[2024-12-18T11:33:51.461+0100][1.524s] GC(7) User=0.01s Sys=0.00s Real=0.00s
[2024-12-18T11:33:51.461+0100][1.524s] GC(7) Concurrent Mark 5.547ms
[2024-12-18T11:33:51.461+0100][1.524s] GC(7) Concurrent Rebuild Remembered Sets and Scrub Regions
[2024-12-18T11:33:51.464+0100][1.526s] GC(7) Concurrent Rebuild Remembered Sets and Scrub Regions 2.392ms
[2024-12-18T11:33:51.464+0100][1.527s] GC(7) Pause Cleanup
[2024-12-18T11:33:51.464+0100][1.527s] GC(7) Pause Cleanup 28M->28M(512M) 0.116ms
[2024-12-18T11:33:51.464+0100][1.527s] GC(7) User=0.00s Sys=0.00s Real=0.00s
[2024-12-18T11:33:51.464+0100][1.527s] GC(7) Concurrent Clear Claimed Marks
[2024-12-18T11:33:51.464+0100][1.527s] GC(7) Concurrent Clear Claimed Marks 0.068ms
[2024-12-18T11:33:51.464+0100][1.527s] GC(7) Concurrent Cleanup for Next Mark
[2024-12-18T11:33:51.465+0100][1.527s] GC(7) Concurrent Cleanup for Next Mark 0.457ms
[2024-12-18T11:33:51.465+0100][1.527s] GC(7) Concurrent Mark Cycle 10.815ms
[2024-12-18T11:33:53.254+0100][3.317s] GC(8) Pause Young (Concurrent Start) (Metadata GC Threshold)
[2024-12-18T11:33:53.254+0100][3.317s] GC(8) Using 15 workers of 15 for evacuation
[2024-12-18T11:33:53.261+0100][3.324s] GC(8)   Pre Evacuate Collection Set: 0.2ms
[2024-12-18T11:33:53.261+0100][3.324s] GC(8)   Merge Heap Roots: 0.1ms
[2024-12-18T11:33:53.261+0100][3.324s] GC(8)   Evacuate Collection Set: 5.9ms
[2024-12-18T11:33:53.261+0100][3.324s] GC(8)   Post Evacuate Collection Set: 0.8ms
[2024-12-18T11:33:53.261+0100][3.324s] GC(8)   Other: 0.1ms
[2024-12-18T11:33:53.261+0100][3.324s] GC(8) Eden regions: 197->0(268)
[2024-12-18T11:33:53.261+0100][3.324s] GC(8) Survivor regions: 16->36(39)
[2024-12-18T11:33:53.261+0100][3.324s] GC(8) Old regions: 8->8
[2024-12-18T11:33:53.261+0100][3.324s] GC(8) Humongous regions: 4->4
[2024-12-18T11:33:53.261+0100][3.324s] GC(8) Metaspace: 61120K(61888K)->61120K(61888K) NonClass: 53814K(54208K)->53814K(54208K) Class: 7305K(7680K)->7305K(7680K)
[2024-12-18T11:33:53.261+0100][3.324s] GC(8) Pause Young (Concurrent Start) (Metadata GC Threshold) 224M->47M(512M) 7.161ms
[2024-12-18T11:33:53.261+0100][3.324s] GC(9) Concurrent Mark Cycle
[2024-12-18T11:33:53.261+0100][3.324s] GC(9) Concurrent Scan Root Regions
[2024-12-18T11:33:53.261+0100][3.324s] GC(8) User=0.09s Sys=0.00s Real=0.01s
[2024-12-18T11:33:53.265+0100][3.328s] GC(9) Concurrent Scan Root Regions 3.903ms
[2024-12-18T11:33:53.265+0100][3.328s] GC(9) Concurrent Mark
[2024-12-18T11:33:53.265+0100][3.328s] GC(9) Concurrent Mark From Roots
[2024-12-18T11:33:53.265+0100][3.328s] GC(9) Using 4 workers of 4 for marking
[2024-12-18T11:33:53.268+0100][3.330s] GC(9) Concurrent Mark From Roots 2.689ms
[2024-12-18T11:33:53.268+0100][3.330s] GC(9) Concurrent Preclean
[2024-12-18T11:33:53.268+0100][3.330s] GC(9) Concurrent Preclean 0.016ms
[2024-12-18T11:33:53.268+0100][3.330s] GC(9) Pause Remark
[2024-12-18T11:33:53.269+0100][3.332s] GC(9) Pause Remark 48M->48M(512M) 1.500ms
[2024-12-18T11:33:53.269+0100][3.332s] GC(9) User=0.01s Sys=0.00s Real=0.00s
[2024-12-18T11:33:53.269+0100][3.332s] GC(9) Concurrent Mark 4.418ms
[2024-12-18T11:33:53.269+0100][3.332s] GC(9) Concurrent Rebuild Remembered Sets and Scrub Regions
[2024-12-18T11:33:53.272+0100][3.334s] GC(9) Concurrent Rebuild Remembered Sets and Scrub Regions 2.070ms
[2024-12-18T11:33:53.272+0100][3.335s] GC(9) Pause Cleanup
[2024-12-18T11:33:53.272+0100][3.335s] GC(9) Pause Cleanup 48M->48M(512M) 0.191ms
[2024-12-18T11:33:53.272+0100][3.335s] GC(9) User=0.00s Sys=0.00s Real=0.00s
[2024-12-18T11:33:53.272+0100][3.335s] GC(9) Concurrent Clear Claimed Marks
[2024-12-18T11:33:53.272+0100][3.335s] GC(9) Concurrent Clear Claimed Marks 0.062ms
[2024-12-18T11:33:53.272+0100][3.335s] GC(9) Concurrent Cleanup for Next Mark
[2024-12-18T11:33:53.273+0100][3.335s] GC(9) Concurrent Cleanup for Next Mark 0.281ms
[2024-12-18T11:33:53.273+0100][3.335s] GC(9) Concurrent Mark Cycle 11.441ms
[2024-12-18T11:34:11.531+0100][21.593s] Heap
[2024-12-18T11:34:11.531+0100][21.593s]  garbage-first heap   total 524288K, used 106936K [0x00000000e0000000, 0x0000000100000000)
[2024-12-18T11:34:11.531+0100][21.593s]   region size 1024K, 94 young (96256K), 36 survivors (36864K)
[2024-12-18T11:34:11.531+0100][21.593s]  Metaspace       used 66604K, committed 67392K, reserved 1114112K
[2024-12-18T11:34:11.531+0100][21.593s]   class space    used 7898K, committed 8256K, reserved 1048576K
