[2024-12-18T11:45:58.502+0100][0.006s] CardTable entry size: 512
[2024-12-18T11:45:58.502+0100][0.006s] Using G1
[2024-12-18T11:45:58.533+0100][0.037s] Version: 21.0.5+11-Ubuntu-1ubuntu124.04 (release)
[2024-12-18T11:45:58.533+0100][0.037s] CPUs: 20 total, 20 available
[2024-12-18T11:45:58.533+0100][0.037s] Memory: 15660M
[2024-12-18T11:45:58.533+0100][0.037s] Large Page Support: Disabled
[2024-12-18T11:45:58.533+0100][0.037s] NUMA Support: Disabled
[2024-12-18T11:45:58.533+0100][0.037s] Compressed Oops: Enabled (32-bit)
[2024-12-18T11:45:58.533+0100][0.037s] Heap Region Size: 1M
[2024-12-18T11:45:58.533+0100][0.037s] Heap Min Capacity: 512M
[2024-12-18T11:45:58.533+0100][0.037s] Heap Initial Capacity: 512M
[2024-12-18T11:45:58.533+0100][0.037s] Heap Max Capacity: 512M
[2024-12-18T11:45:58.533+0100][0.037s] Pre-touch: Enabled
[2024-12-18T11:45:58.533+0100][0.037s] Parallel Workers: 15
[2024-12-18T11:45:58.533+0100][0.037s] Concurrent Workers: 4
[2024-12-18T11:45:58.533+0100][0.037s] Concurrent Refinement Workers: 15
[2024-12-18T11:45:58.533+0100][0.037s] Periodic GC: Disabled
[2024-12-18T11:45:58.538+0100][0.042s] CDS archive(s) mapped at: [0x0000728ed7000000-0x0000728ed7c97000-0x0000728ed7c97000), size 13201408, SharedBaseAddress: 0x0000728ed7000000, ArchiveRelocationMode: 1.
[2024-12-18T11:45:58.538+0100][0.042s] Compressed class space mapped at: 0x0000728ed8000000-0x0000728f18000000, reserved size: 1073741824
[2024-12-18T11:45:58.538+0100][0.042s] Narrow klass base: 0x0000728ed7000000, Narrow klass shift: 0, Narrow klass range: 0x100000000
[2024-12-18T11:45:58.888+0100][0.391s] GC(0) Pause Young (Normal) (G1 Evacuation Pause)
[2024-12-18T11:45:58.888+0100][0.392s] GC(0) Using 12 workers of 15 for evacuation
[2024-12-18T11:45:58.889+0100][0.393s] GC(0)   Pre Evacuate Collection Set: 0.1ms
[2024-12-18T11:45:58.889+0100][0.393s] GC(0)   Merge Heap Roots: 0.0ms
[2024-12-18T11:45:58.889+0100][0.393s] GC(0)   Evacuate Collection Set: 1.1ms
[2024-12-18T11:45:58.889+0100][0.393s] GC(0)   Post Evacuate Collection Set: 0.3ms
[2024-12-18T11:45:58.889+0100][0.393s] GC(0)   Other: 0.1ms
[2024-12-18T11:45:58.889+0100][0.393s] GC(0) Eden regions: 29->0(54)
[2024-12-18T11:45:58.889+0100][0.393s] GC(0) Survivor regions: 0->4(4)
[2024-12-18T11:45:58.889+0100][0.393s] GC(0) Old regions: 2->2
[2024-12-18T11:45:58.889+0100][0.393s] GC(0) Humongous regions: 0->0
[2024-12-18T11:45:58.889+0100][0.393s] GC(0) Metaspace: 8003K(8192K)->8003K(8192K) NonClass: 7107K(7232K)->7107K(7232K) Class: 896K(960K)->896K(960K)
[2024-12-18T11:45:58.889+0100][0.393s] GC(0) Pause Young (Normal) (G1 Evacuation Pause) 30M->4M(512M) 1.745ms
[2024-12-18T11:45:58.889+0100][0.393s] GC(0) User=0.02s Sys=0.01s Real=0.00s
[2024-12-18T11:45:59.353+0100][0.857s] GC(1) Pause Young (Normal) (G1 Evacuation Pause)
[2024-12-18T11:45:59.353+0100][0.857s] GC(1) Using 15 workers of 15 for evacuation
[2024-12-18T11:45:59.357+0100][0.861s] GC(1)   Pre Evacuate Collection Set: 0.2ms
[2024-12-18T11:45:59.358+0100][0.861s] GC(1)   Merge Heap Roots: 0.1ms
[2024-12-18T11:45:59.358+0100][0.861s] GC(1)   Evacuate Collection Set: 3.8ms
[2024-12-18T11:45:59.358+0100][0.861s] GC(1)   Post Evacuate Collection Set: 0.3ms
[2024-12-18T11:45:59.358+0100][0.861s] GC(1)   Other: 0.1ms
[2024-12-18T11:45:59.358+0100][0.861s] GC(1) Eden regions: 54->0(133)
[2024-12-18T11:45:59.358+0100][0.861s] GC(1) Survivor regions: 4->8(8)
[2024-12-18T11:45:59.358+0100][0.861s] GC(1) Old regions: 2->9
[2024-12-18T11:45:59.358+0100][0.861s] GC(1) Humongous regions: 4->4
[2024-12-18T11:45:59.358+0100][0.861s] GC(1) Metaspace: 20033K(20416K)->20033K(20416K) NonClass: 17792K(17984K)->17792K(17984K) Class: 2240K(2432K)->2240K(2432K)
[2024-12-18T11:45:59.358+0100][0.862s] GC(1) Pause Young (Normal) (G1 Evacuation Pause) 62M->19M(512M) 4.628ms
[2024-12-18T11:45:59.358+0100][0.862s] GC(1) User=0.07s Sys=0.01s Real=0.01s
[2024-12-18T11:45:59.541+0100][1.045s] GC(2) Pause Young (Concurrent Start) (Metadata GC Threshold)
[2024-12-18T11:45:59.541+0100][1.045s] GC(2) Using 15 workers of 15 for evacuation
[2024-12-18T11:45:59.543+0100][1.047s] GC(2)   Pre Evacuate Collection Set: 0.1ms
[2024-12-18T11:45:59.543+0100][1.047s] GC(2)   Merge Heap Roots: 0.0ms
[2024-12-18T11:45:59.543+0100][1.047s] GC(2)   Evacuate Collection Set: 1.5ms
[2024-12-18T11:45:59.543+0100][1.047s] GC(2)   Post Evacuate Collection Set: 0.4ms
[2024-12-18T11:45:59.543+0100][1.047s] GC(2)   Other: 0.1ms
[2024-12-18T11:45:59.543+0100][1.047s] GC(2) Eden regions: 64->0(294)
[2024-12-18T11:45:59.543+0100][1.047s] GC(2) Survivor regions: 8->13(18)
[2024-12-18T11:45:59.543+0100][1.047s] GC(2) Old regions: 9->9
[2024-12-18T11:45:59.543+0100][1.047s] GC(2) Humongous regions: 4->4
[2024-12-18T11:45:59.543+0100][1.047s] GC(2) Metaspace: 21091K(21504K)->21091K(21504K) NonClass: 18742K(18944K)->18742K(18944K) Class: 2349K(2560K)->2349K(2560K)
[2024-12-18T11:45:59.543+0100][1.047s] GC(2) Pause Young (Concurrent Start) (Metadata GC Threshold) 83M->24M(512M) 2.166ms
[2024-12-18T11:45:59.543+0100][1.047s] GC(2) User=0.03s Sys=0.00s Real=0.00s
[2024-12-18T11:45:59.543+0100][1.047s] GC(3) Concurrent Mark Cycle
[2024-12-18T11:45:59.543+0100][1.047s] GC(3) Concurrent Scan Root Regions
[2024-12-18T11:45:59.544+0100][1.048s] GC(3) Concurrent Scan Root Regions 1.380ms
[2024-12-18T11:45:59.544+0100][1.048s] GC(3) Concurrent Mark
[2024-12-18T11:45:59.544+0100][1.048s] GC(3) Concurrent Mark From Roots
[2024-12-18T11:45:59.544+0100][1.048s] GC(3) Using 4 workers of 4 for marking
[2024-12-18T11:45:59.547+0100][1.051s] GC(3) Concurrent Mark From Roots 2.481ms
[2024-12-18T11:45:59.547+0100][1.051s] GC(3) Concurrent Preclean
[2024-12-18T11:45:59.547+0100][1.051s] GC(3) Concurrent Preclean 0.027ms
[2024-12-18T11:45:59.547+0100][1.051s] GC(3) Pause Remark
[2024-12-18T11:45:59.548+0100][1.052s] GC(3) Pause Remark 25M->25M(512M) 1.165ms
[2024-12-18T11:45:59.548+0100][1.052s] GC(3) User=0.00s Sys=0.00s Real=0.00s
[2024-12-18T11:45:59.548+0100][1.052s] GC(3) Concurrent Mark 3.844ms
[2024-12-18T11:45:59.548+0100][1.052s] GC(3) Concurrent Rebuild Remembered Sets and Scrub Regions
[2024-12-18T11:45:59.550+0100][1.054s] GC(3) Concurrent Rebuild Remembered Sets and Scrub Regions 1.629ms
[2024-12-18T11:45:59.550+0100][1.054s] GC(3) Pause Cleanup
[2024-12-18T11:45:59.550+0100][1.054s] GC(3) Pause Cleanup 25M->25M(512M) 0.187ms
[2024-12-18T11:45:59.550+0100][1.054s] GC(3) User=0.00s Sys=0.01s Real=0.00s
[2024-12-18T11:45:59.550+0100][1.054s] GC(3) Concurrent Clear Claimed Marks
[2024-12-18T11:45:59.550+0100][1.054s] GC(3) Concurrent Clear Claimed Marks 0.029ms
[2024-12-18T11:45:59.550+0100][1.054s] GC(3) Concurrent Cleanup for Next Mark
[2024-12-18T11:45:59.551+0100][1.055s] GC(3) Concurrent Cleanup for Next Mark 0.267ms
[2024-12-18T11:45:59.551+0100][1.055s] GC(3) Concurrent Mark Cycle 7.592ms
[2024-12-18T11:46:00.080+0100][1.584s] GC(4) Pause Young (Prepare Mixed) (Metadata GC Threshold)
[2024-12-18T11:46:00.080+0100][1.584s] GC(4) Using 15 workers of 15 for evacuation
[2024-12-18T11:46:00.084+0100][1.588s] GC(4)   Pre Evacuate Collection Set: 0.4ms
[2024-12-18T11:46:00.084+0100][1.588s] GC(4)   Merge Heap Roots: 0.1ms
[2024-12-18T11:46:00.084+0100][1.588s] GC(4)   Evacuate Collection Set: 3.4ms
[2024-12-18T11:46:00.084+0100][1.588s] GC(4)   Post Evacuate Collection Set: 0.5ms
[2024-12-18T11:46:00.084+0100][1.588s] GC(4)   Other: 0.1ms
[2024-12-18T11:46:00.084+0100][1.588s] GC(4) Eden regions: 75->0(284)
[2024-12-18T11:46:00.084+0100][1.588s] GC(4) Survivor regions: 13->17(39)
[2024-12-18T11:46:00.084+0100][1.588s] GC(4) Old regions: 9->9
[2024-12-18T11:46:00.084+0100][1.588s] GC(4) Humongous regions: 4->4
[2024-12-18T11:46:00.084+0100][1.588s] GC(4) Metaspace: 35454K(35968K)->35454K(35968K) NonClass: 31483K(31744K)->31483K(31744K) Class: 3970K(4224K)->3970K(4224K)
[2024-12-18T11:46:00.084+0100][1.588s] GC(4) Pause Young (Prepare Mixed) (Metadata GC Threshold) 99M->27M(512M) 4.492ms
[2024-12-18T11:46:00.084+0100][1.588s] GC(4) User=0.04s Sys=0.00s Real=0.01s
[2024-12-18T11:46:00.095+0100][1.599s] GC(5) Pause Young (Mixed) (Metadata GC Threshold)
[2024-12-18T11:46:00.095+0100][1.599s] GC(5) Using 15 workers of 15 for evacuation
[2024-12-18T11:46:00.098+0100][1.602s] GC(5)   Pre Evacuate Collection Set: 0.1ms
[2024-12-18T11:46:00.098+0100][1.602s] GC(5)   Merge Heap Roots: 0.0ms
[2024-12-18T11:46:00.098+0100][1.602s] GC(5)   Evacuate Collection Set: 2.8ms
[2024-12-18T11:46:00.098+0100][1.602s] GC(5)   Post Evacuate Collection Set: 0.3ms
[2024-12-18T11:46:00.098+0100][1.602s] GC(5)   Other: 0.0ms
[2024-12-18T11:46:00.098+0100][1.602s] GC(5) Eden regions: 3->0(268)
[2024-12-18T11:46:00.098+0100][1.602s] GC(5) Survivor regions: 17->16(39)
[2024-12-18T11:46:00.098+0100][1.602s] GC(5) Old regions: 9->8
[2024-12-18T11:46:00.098+0100][1.602s] GC(5) Humongous regions: 4->4
[2024-12-18T11:46:00.098+0100][1.602s] GC(5) Metaspace: 35727K(36288K)->35727K(36288K) NonClass: 31711K(32000K)->31711K(32000K) Class: 4015K(4288K)->4015K(4288K)
[2024-12-18T11:46:00.098+0100][1.602s] GC(5) Pause Young (Mixed) (Metadata GC Threshold) 30M->27M(512M) 3.348ms
[2024-12-18T11:46:00.098+0100][1.602s] GC(5) User=0.04s Sys=0.00s Real=0.00s
[2024-12-18T11:46:00.112+0100][1.616s] GC(6) Pause Young (Concurrent Start) (Metadata GC Threshold)
[2024-12-18T11:46:00.112+0100][1.616s] GC(6) Using 15 workers of 15 for evacuation
[2024-12-18T11:46:00.114+0100][1.618s] GC(6)   Pre Evacuate Collection Set: 0.2ms
[2024-12-18T11:46:00.114+0100][1.618s] GC(6)   Merge Heap Roots: 0.0ms
[2024-12-18T11:46:00.114+0100][1.618s] GC(6)   Evacuate Collection Set: 2.1ms
[2024-12-18T11:46:00.114+0100][1.618s] GC(6)   Post Evacuate Collection Set: 0.3ms
[2024-12-18T11:46:00.114+0100][1.618s] GC(6)   Other: 0.0ms
[2024-12-18T11:46:00.114+0100][1.618s] GC(6) Eden regions: 2->0(290)
[2024-12-18T11:46:00.114+0100][1.618s] GC(6) Survivor regions: 16->17(37)
[2024-12-18T11:46:00.114+0100][1.618s] GC(6) Old regions: 8->8
[2024-12-18T11:46:00.114+0100][1.618s] GC(6) Humongous regions: 4->4
[2024-12-18T11:46:00.114+0100][1.618s] GC(6) Metaspace: 36100K(36608K)->36100K(36608K) NonClass: 32038K(32320K)->32038K(32320K) Class: 4061K(4288K)->4061K(4288K)
[2024-12-18T11:46:00.114+0100][1.618s] GC(6) Pause Young (Concurrent Start) (Metadata GC Threshold) 29M->27M(512M) 2.738ms
[2024-12-18T11:46:00.114+0100][1.618s] GC(7) Concurrent Mark Cycle
[2024-12-18T11:46:00.114+0100][1.618s] GC(6) User=0.03s Sys=0.00s Real=0.01s
[2024-12-18T11:46:00.114+0100][1.618s] GC(7) Concurrent Scan Root Regions
[2024-12-18T11:46:00.116+0100][1.620s] GC(7) Concurrent Scan Root Regions 1.580ms
[2024-12-18T11:46:00.116+0100][1.620s] GC(7) Concurrent Mark
[2024-12-18T11:46:00.116+0100][1.620s] GC(7) Concurrent Mark From Roots
[2024-12-18T11:46:00.116+0100][1.620s] GC(7) Using 4 workers of 4 for marking
[2024-12-18T11:46:00.119+0100][1.623s] GC(7) Concurrent Mark From Roots 2.562ms
[2024-12-18T11:46:00.119+0100][1.623s] GC(7) Concurrent Preclean
[2024-12-18T11:46:00.119+0100][1.623s] GC(7) Concurrent Preclean 0.016ms
[2024-12-18T11:46:00.119+0100][1.623s] GC(7) Pause Remark
[2024-12-18T11:46:00.120+0100][1.624s] GC(7) Pause Remark 28M->28M(512M) 1.315ms
[2024-12-18T11:46:00.120+0100][1.624s] GC(7) User=0.01s Sys=0.00s Real=0.00s
[2024-12-18T11:46:00.120+0100][1.624s] GC(7) Concurrent Mark 4.073ms
[2024-12-18T11:46:00.120+0100][1.624s] GC(7) Concurrent Rebuild Remembered Sets and Scrub Regions
[2024-12-18T11:46:00.122+0100][1.626s] GC(7) Concurrent Rebuild Remembered Sets and Scrub Regions 2.052ms
[2024-12-18T11:46:00.122+0100][1.626s] GC(7) Pause Cleanup
[2024-12-18T11:46:00.122+0100][1.626s] GC(7) Pause Cleanup 28M->28M(512M) 0.053ms
[2024-12-18T11:46:00.122+0100][1.626s] GC(7) User=0.00s Sys=0.00s Real=0.00s
[2024-12-18T11:46:00.122+0100][1.626s] GC(7) Concurrent Clear Claimed Marks
[2024-12-18T11:46:00.122+0100][1.626s] GC(7) Concurrent Clear Claimed Marks 0.032ms
[2024-12-18T11:46:00.122+0100][1.626s] GC(7) Concurrent Cleanup for Next Mark
[2024-12-18T11:46:00.123+0100][1.626s] GC(7) Concurrent Cleanup for Next Mark 0.247ms
[2024-12-18T11:46:00.123+0100][1.627s] GC(7) Concurrent Mark Cycle 8.148ms
[2024-12-18T11:46:01.854+0100][3.358s] GC(8) Pause Young (Concurrent Start) (Metadata GC Threshold)
[2024-12-18T11:46:01.854+0100][3.358s] GC(8) Using 15 workers of 15 for evacuation
[2024-12-18T11:46:01.862+0100][3.366s] GC(8)   Pre Evacuate Collection Set: 0.2ms
[2024-12-18T11:46:01.862+0100][3.366s] GC(8)   Merge Heap Roots: 0.1ms
[2024-12-18T11:46:01.862+0100][3.366s] GC(8)   Evacuate Collection Set: 5.9ms
[2024-12-18T11:46:01.862+0100][3.366s] GC(8)   Post Evacuate Collection Set: 1.3ms
[2024-12-18T11:46:01.862+0100][3.366s] GC(8)   Other: 0.2ms
[2024-12-18T11:46:01.862+0100][3.366s] GC(8) Eden regions: 194->0(272)
[2024-12-18T11:46:01.862+0100][3.366s] GC(8) Survivor regions: 17->35(39)
[2024-12-18T11:46:01.862+0100][3.366s] GC(8) Old regions: 8->8
[2024-12-18T11:46:01.862+0100][3.366s] GC(8) Humongous regions: 4->4
[2024-12-18T11:46:01.862+0100][3.366s] GC(8) Metaspace: 60523K(61248K)->60523K(61248K) NonClass: 53323K(53696K)->53323K(53696K) Class: 7200K(7552K)->7200K(7552K)
[2024-12-18T11:46:01.862+0100][3.366s] GC(8) Pause Young (Concurrent Start) (Metadata GC Threshold) 221M->46M(512M) 7.716ms
[2024-12-18T11:46:01.862+0100][3.366s] GC(9) Concurrent Mark Cycle
[2024-12-18T11:46:01.862+0100][3.366s] GC(8) User=0.09s Sys=0.00s Real=0.00s
[2024-12-18T11:46:01.862+0100][3.366s] GC(9) Concurrent Scan Root Regions
[2024-12-18T11:46:01.866+0100][3.370s] GC(9) Concurrent Scan Root Regions 3.606ms
[2024-12-18T11:46:01.866+0100][3.370s] GC(9) Concurrent Mark
[2024-12-18T11:46:01.866+0100][3.370s] GC(9) Concurrent Mark From Roots
[2024-12-18T11:46:01.866+0100][3.370s] GC(9) Using 4 workers of 4 for marking
[2024-12-18T11:46:01.868+0100][3.372s] GC(9) Concurrent Mark From Roots 2.819ms
[2024-12-18T11:46:01.868+0100][3.372s] GC(9) Concurrent Preclean
[2024-12-18T11:46:01.868+0100][3.372s] GC(9) Concurrent Preclean 0.023ms
[2024-12-18T11:46:01.869+0100][3.373s] GC(9) Pause Remark
[2024-12-18T11:46:01.870+0100][3.374s] GC(9) Pause Remark 47M->47M(512M) 1.723ms
[2024-12-18T11:46:01.870+0100][3.374s] GC(9) User=0.02s Sys=0.00s Real=0.00s
[2024-12-18T11:46:01.870+0100][3.374s] GC(9) Concurrent Mark 4.762ms
[2024-12-18T11:46:01.870+0100][3.374s] GC(9) Concurrent Rebuild Remembered Sets and Scrub Regions
[2024-12-18T11:46:01.872+0100][3.376s] GC(9) Concurrent Rebuild Remembered Sets and Scrub Regions 1.828ms
[2024-12-18T11:46:01.872+0100][3.376s] GC(9) Pause Cleanup
[2024-12-18T11:46:01.872+0100][3.376s] GC(9) Pause Cleanup 47M->47M(512M) 0.046ms
[2024-12-18T11:46:01.872+0100][3.376s] GC(9) User=0.00s Sys=0.00s Real=0.00s
[2024-12-18T11:46:01.872+0100][3.376s] GC(9) Concurrent Clear Claimed Marks
[2024-12-18T11:46:01.872+0100][3.376s] GC(9) Concurrent Clear Claimed Marks 0.046ms
[2024-12-18T11:46:01.872+0100][3.376s] GC(9) Concurrent Cleanup for Next Mark
[2024-12-18T11:46:01.873+0100][3.377s] GC(9) Concurrent Cleanup for Next Mark 0.205ms
[2024-12-18T11:46:01.873+0100][3.377s] GC(9) Concurrent Mark Cycle 10.685ms
[2024-12-18T11:47:51.118+0100][112.622s] Heap
[2024-12-18T11:47:51.118+0100][112.622s]  garbage-first heap   total 524288K, used 159718K [0x00000000e0000000, 0x0000000100000000)
[2024-12-18T11:47:51.118+0100][112.622s]   region size 1024K, 145 young (148480K), 35 survivors (35840K)
[2024-12-18T11:47:51.118+0100][112.622s]  Metaspace       used 67027K, committed 67776K, reserved 1114112K
[2024-12-18T11:47:51.118+0100][112.622s]   class space    used 7901K, committed 8256K, reserved 1048576K
