[2024-12-18T11:48:39.760+0100][0.005s] CardTable entry size: 512
[2024-12-18T11:48:39.760+0100][0.005s] Using G1
[2024-12-18T11:48:39.793+0100][0.038s] Version: 21.0.5+11-Ubuntu-1ubuntu124.04 (release)
[2024-12-18T11:48:39.793+0100][0.038s] CPUs: 20 total, 20 available
[2024-12-18T11:48:39.793+0100][0.038s] Memory: 15660M
[2024-12-18T11:48:39.793+0100][0.038s] Large Page Support: Disabled
[2024-12-18T11:48:39.793+0100][0.038s] NUMA Support: Disabled
[2024-12-18T11:48:39.793+0100][0.038s] Compressed Oops: Enabled (32-bit)
[2024-12-18T11:48:39.793+0100][0.038s] Heap Region Size: 1M
[2024-12-18T11:48:39.793+0100][0.038s] Heap Min Capacity: 512M
[2024-12-18T11:48:39.793+0100][0.038s] Heap Initial Capacity: 512M
[2024-12-18T11:48:39.793+0100][0.038s] Heap Max Capacity: 512M
[2024-12-18T11:48:39.793+0100][0.038s] Pre-touch: Enabled
[2024-12-18T11:48:39.793+0100][0.038s] Parallel Workers: 15
[2024-12-18T11:48:39.793+0100][0.038s] Concurrent Workers: 4
[2024-12-18T11:48:39.793+0100][0.038s] Concurrent Refinement Workers: 15
[2024-12-18T11:48:39.793+0100][0.038s] Periodic GC: Disabled
[2024-12-18T11:48:39.799+0100][0.044s] CDS archive(s) mapped at: [0x000075b233000000-0x000075b233c97000-0x000075b233c97000), size 13201408, SharedBaseAddress: 0x000075b233000000, ArchiveRelocationMode: 1.
[2024-12-18T11:48:39.799+0100][0.044s] Compressed class space mapped at: 0x000075b234000000-0x000075b274000000, reserved size: 1073741824
[2024-12-18T11:48:39.799+0100][0.044s] Narrow klass base: 0x000075b233000000, Narrow klass shift: 0, Narrow klass range: 0x100000000
[2024-12-18T11:48:40.168+0100][0.413s] GC(0) Pause Young (Normal) (G1 Evacuation Pause)
[2024-12-18T11:48:40.168+0100][0.413s] GC(0) Using 12 workers of 15 for evacuation
[2024-12-18T11:48:40.170+0100][0.415s] GC(0)   Pre Evacuate Collection Set: 0.2ms
[2024-12-18T11:48:40.170+0100][0.415s] GC(0)   Merge Heap Roots: 0.0ms
[2024-12-18T11:48:40.170+0100][0.415s] GC(0)   Evacuate Collection Set: 1.1ms
[2024-12-18T11:48:40.170+0100][0.415s] GC(0)   Post Evacuate Collection Set: 0.4ms
[2024-12-18T11:48:40.170+0100][0.415s] GC(0)   Other: 0.1ms
[2024-12-18T11:48:40.170+0100][0.415s] GC(0) Eden regions: 29->0(54)
[2024-12-18T11:48:40.170+0100][0.415s] GC(0) Survivor regions: 0->4(4)
[2024-12-18T11:48:40.170+0100][0.415s] GC(0) Old regions: 2->2
[2024-12-18T11:48:40.170+0100][0.415s] GC(0) Humongous regions: 0->0
[2024-12-18T11:48:40.170+0100][0.415s] GC(0) Metaspace: 8079K(8256K)->8079K(8256K) NonClass: 7173K(7232K)->7173K(7232K) Class: 905K(1024K)->905K(1024K)
[2024-12-18T11:48:40.170+0100][0.415s] GC(0) Pause Young (Normal) (G1 Evacuation Pause) 30M->4M(512M) 1.991ms
[2024-12-18T11:48:40.170+0100][0.415s] GC(0) User=0.02s Sys=0.00s Real=0.00s
[2024-12-18T11:48:40.594+0100][0.839s] GC(1) Pause Young (Normal) (G1 Evacuation Pause)
[2024-12-18T11:48:40.594+0100][0.839s] GC(1) Using 15 workers of 15 for evacuation
[2024-12-18T11:48:40.598+0100][0.843s] GC(1)   Pre Evacuate Collection Set: 0.2ms
[2024-12-18T11:48:40.598+0100][0.843s] GC(1)   Merge Heap Roots: 0.1ms
[2024-12-18T11:48:40.598+0100][0.843s] GC(1)   Evacuate Collection Set: 3.6ms
[2024-12-18T11:48:40.598+0100][0.843s] GC(1)   Post Evacuate Collection Set: 0.4ms
[2024-12-18T11:48:40.598+0100][0.843s] GC(1)   Other: 0.1ms
[2024-12-18T11:48:40.598+0100][0.843s] GC(1) Eden regions: 54->0(102)
[2024-12-18T11:48:40.598+0100][0.843s] GC(1) Survivor regions: 4->8(8)
[2024-12-18T11:48:40.598+0100][0.843s] GC(1) Old regions: 2->9
[2024-12-18T11:48:40.598+0100][0.843s] GC(1) Humongous regions: 4->4
[2024-12-18T11:48:40.598+0100][0.843s] GC(1) Metaspace: 20015K(20416K)->20015K(20416K) NonClass: 17774K(17984K)->17774K(17984K) Class: 2240K(2432K)->2240K(2432K)
[2024-12-18T11:48:40.598+0100][0.843s] GC(1) Pause Young (Normal) (G1 Evacuation Pause) 62M->19M(512M) 4.437ms
[2024-12-18T11:48:40.598+0100][0.843s] GC(1) User=0.06s Sys=0.00s Real=0.01s
[2024-12-18T11:48:40.780+0100][1.025s] GC(2) Pause Young (Concurrent Start) (Metadata GC Threshold)
[2024-12-18T11:48:40.780+0100][1.025s] GC(2) Using 15 workers of 15 for evacuation
[2024-12-18T11:48:40.782+0100][1.027s] GC(2)   Pre Evacuate Collection Set: 0.1ms
[2024-12-18T11:48:40.782+0100][1.027s] GC(2)   Merge Heap Roots: 0.0ms
[2024-12-18T11:48:40.782+0100][1.027s] GC(2)   Evacuate Collection Set: 1.5ms
[2024-12-18T11:48:40.782+0100][1.027s] GC(2)   Post Evacuate Collection Set: 0.3ms
[2024-12-18T11:48:40.782+0100][1.027s] GC(2)   Other: 0.1ms
[2024-12-18T11:48:40.782+0100][1.027s] GC(2) Eden regions: 64->0(296)
[2024-12-18T11:48:40.782+0100][1.027s] GC(2) Survivor regions: 8->11(14)
[2024-12-18T11:48:40.782+0100][1.027s] GC(2) Old regions: 9->12
[2024-12-18T11:48:40.782+0100][1.027s] GC(2) Humongous regions: 4->4
[2024-12-18T11:48:40.782+0100][1.027s] GC(2) Metaspace: 21119K(21504K)->21119K(21504K) NonClass: 18761K(18944K)->18761K(18944K) Class: 2358K(2560K)->2358K(2560K)
[2024-12-18T11:48:40.782+0100][1.027s] GC(2) Pause Young (Concurrent Start) (Metadata GC Threshold) 83M->25M(512M) 2.225ms
[2024-12-18T11:48:40.782+0100][1.027s] GC(3) Concurrent Mark Cycle
[2024-12-18T11:48:40.782+0100][1.027s] GC(3) Concurrent Scan Root Regions
[2024-12-18T11:48:40.782+0100][1.027s] GC(2) User=0.02s Sys=0.00s Real=0.00s
[2024-12-18T11:48:40.784+0100][1.029s] GC(3) Concurrent Scan Root Regions 1.626ms
[2024-12-18T11:48:40.784+0100][1.029s] GC(3) Concurrent Mark
[2024-12-18T11:48:40.784+0100][1.029s] GC(3) Concurrent Mark From Roots
[2024-12-18T11:48:40.784+0100][1.029s] GC(3) Using 4 workers of 4 for marking
[2024-12-18T11:48:40.787+0100][1.032s] GC(3) Concurrent Mark From Roots 2.901ms
[2024-12-18T11:48:40.787+0100][1.032s] GC(3) Concurrent Preclean
[2024-12-18T11:48:40.787+0100][1.032s] GC(3) Concurrent Preclean 0.029ms
[2024-12-18T11:48:40.787+0100][1.032s] GC(3) Pause Remark
[2024-12-18T11:48:40.788+0100][1.033s] GC(3) Pause Remark 26M->26M(512M) 1.136ms
[2024-12-18T11:48:40.788+0100][1.033s] GC(3) User=0.01s Sys=0.00s Real=0.00s
[2024-12-18T11:48:40.788+0100][1.033s] GC(3) Concurrent Mark 4.302ms
[2024-12-18T11:48:40.788+0100][1.033s] GC(3) Concurrent Rebuild Remembered Sets and Scrub Regions
[2024-12-18T11:48:40.790+0100][1.035s] GC(3) Concurrent Rebuild Remembered Sets and Scrub Regions 1.815ms
[2024-12-18T11:48:40.790+0100][1.035s] GC(3) Pause Cleanup
[2024-12-18T11:48:40.791+0100][1.035s] GC(3) Pause Cleanup 26M->26M(512M) 0.084ms
[2024-12-18T11:48:40.791+0100][1.035s] GC(3) User=0.00s Sys=0.00s Real=0.00s
[2024-12-18T11:48:40.791+0100][1.035s] GC(3) Concurrent Clear Claimed Marks
[2024-12-18T11:48:40.791+0100][1.035s] GC(3) Concurrent Clear Claimed Marks 0.016ms
[2024-12-18T11:48:40.791+0100][1.035s] GC(3) Concurrent Cleanup for Next Mark
[2024-12-18T11:48:40.791+0100][1.036s] GC(3) Concurrent Cleanup for Next Mark 0.224ms
[2024-12-18T11:48:40.791+0100][1.036s] GC(3) Concurrent Mark Cycle 8.454ms
[2024-12-18T11:48:41.324+0100][1.569s] GC(4) Pause Young (Prepare Mixed) (Metadata GC Threshold)
[2024-12-18T11:48:41.324+0100][1.569s] GC(4) Using 15 workers of 15 for evacuation
[2024-12-18T11:48:41.327+0100][1.571s] GC(4)   Pre Evacuate Collection Set: 0.2ms
[2024-12-18T11:48:41.327+0100][1.571s] GC(4)   Merge Heap Roots: 0.0ms
[2024-12-18T11:48:41.327+0100][1.571s] GC(4)   Evacuate Collection Set: 1.8ms
[2024-12-18T11:48:41.327+0100][1.571s] GC(4)   Post Evacuate Collection Set: 0.2ms
[2024-12-18T11:48:41.327+0100][1.571s] GC(4)   Other: 0.0ms
[2024-12-18T11:48:41.327+0100][1.571s] GC(4) Eden regions: 72->0(255)
[2024-12-18T11:48:41.327+0100][1.571s] GC(4) Survivor regions: 11->14(39)
[2024-12-18T11:48:41.327+0100][1.571s] GC(4) Old regions: 12->12
[2024-12-18T11:48:41.327+0100][1.571s] GC(4) Humongous regions: 4->4
[2024-12-18T11:48:41.327+0100][1.571s] GC(4) Metaspace: 35870K(36416K)->35870K(36416K) NonClass: 31832K(32128K)->31832K(32128K) Class: 4037K(4288K)->4037K(4288K)
[2024-12-18T11:48:41.327+0100][1.571s] GC(4) Pause Young (Prepare Mixed) (Metadata GC Threshold) 96M->27M(512M) 2.336ms
[2024-12-18T11:48:41.327+0100][1.571s] GC(4) User=0.03s Sys=0.00s Real=0.00s
[2024-12-18T11:48:41.341+0100][1.586s] GC(5) Pause Young (Mixed) (Metadata GC Threshold)
[2024-12-18T11:48:41.341+0100][1.586s] GC(5) Using 15 workers of 15 for evacuation
[2024-12-18T11:48:41.343+0100][1.588s] GC(5)   Pre Evacuate Collection Set: 0.1ms
[2024-12-18T11:48:41.343+0100][1.588s] GC(5)   Merge Heap Roots: 0.0ms
[2024-12-18T11:48:41.343+0100][1.588s] GC(5)   Evacuate Collection Set: 1.8ms
[2024-12-18T11:48:41.343+0100][1.588s] GC(5)   Post Evacuate Collection Set: 0.3ms
[2024-12-18T11:48:41.343+0100][1.588s] GC(5)   Other: 0.1ms
[2024-12-18T11:48:41.344+0100][1.588s] GC(5) Eden regions: 4->0(243)
[2024-12-18T11:48:41.344+0100][1.588s] GC(5) Survivor regions: 14->15(35)
[2024-12-18T11:48:41.344+0100][1.588s] GC(5) Old regions: 12->11
[2024-12-18T11:48:41.344+0100][1.588s] GC(5) Humongous regions: 4->4
[2024-12-18T11:48:41.344+0100][1.588s] GC(5) Metaspace: 36167K(36736K)->36167K(36736K) NonClass: 32096K(32384K)->32096K(32384K) Class: 4070K(4352K)->4070K(4352K)
[2024-12-18T11:48:41.344+0100][1.588s] GC(5) Pause Young (Mixed) (Metadata GC Threshold) 31M->28M(512M) 2.300ms
[2024-12-18T11:48:41.344+0100][1.588s] GC(5) User=0.02s Sys=0.01s Real=0.00s
[2024-12-18T11:48:41.351+0100][1.596s] GC(6) Pause Young (Concurrent Start) (Metadata GC Threshold)
[2024-12-18T11:48:41.351+0100][1.596s] GC(6) Using 15 workers of 15 for evacuation
[2024-12-18T11:48:41.353+0100][1.598s] GC(6)   Pre Evacuate Collection Set: 0.1ms
[2024-12-18T11:48:41.353+0100][1.598s] GC(6)   Merge Heap Roots: 0.0ms
[2024-12-18T11:48:41.353+0100][1.598s] GC(6)   Evacuate Collection Set: 2.0ms
[2024-12-18T11:48:41.353+0100][1.598s] GC(6)   Post Evacuate Collection Set: 0.3ms
[2024-12-18T11:48:41.353+0100][1.598s] GC(6)   Other: 0.1ms
[2024-12-18T11:48:41.353+0100][1.598s] GC(6) Eden regions: 1->0(293)
[2024-12-18T11:48:41.353+0100][1.598s] GC(6) Survivor regions: 15->14(34)
[2024-12-18T11:48:41.353+0100][1.598s] GC(6) Old regions: 11->11
[2024-12-18T11:48:41.353+0100][1.598s] GC(6) Humongous regions: 4->4
[2024-12-18T11:48:41.353+0100][1.598s] GC(6) Metaspace: 36441K(37056K)->36441K(37056K) NonClass: 32352K(32640K)->32352K(32640K) Class: 4088K(4416K)->4088K(4416K)
[2024-12-18T11:48:41.353+0100][1.598s] GC(6) Pause Young (Concurrent Start) (Metadata GC Threshold) 29M->27M(512M) 2.692ms
[2024-12-18T11:48:41.353+0100][1.598s] GC(6) User=0.03s Sys=0.00s Real=0.00s
[2024-12-18T11:48:41.353+0100][1.598s] GC(7) Concurrent Mark Cycle
[2024-12-18T11:48:41.353+0100][1.598s] GC(7) Concurrent Scan Root Regions
[2024-12-18T11:48:41.355+0100][1.600s] GC(7) Concurrent Scan Root Regions 1.277ms
[2024-12-18T11:48:41.355+0100][1.600s] GC(7) Concurrent Mark
[2024-12-18T11:48:41.355+0100][1.600s] GC(7) Concurrent Mark From Roots
[2024-12-18T11:48:41.355+0100][1.600s] GC(7) Using 4 workers of 4 for marking
[2024-12-18T11:48:41.358+0100][1.603s] GC(7) Concurrent Mark From Roots 3.491ms
[2024-12-18T11:48:41.358+0100][1.603s] GC(7) Concurrent Preclean
[2024-12-18T11:48:41.358+0100][1.603s] GC(7) Concurrent Preclean 0.018ms
[2024-12-18T11:48:41.358+0100][1.603s] GC(7) Pause Remark
[2024-12-18T11:48:41.360+0100][1.605s] GC(7) Pause Remark 28M->28M(512M) 1.537ms
[2024-12-18T11:48:41.360+0100][1.605s] GC(7) User=0.01s Sys=0.00s Real=0.00s
[2024-12-18T11:48:41.360+0100][1.605s] GC(7) Concurrent Mark 5.172ms
[2024-12-18T11:48:41.360+0100][1.605s] GC(7) Concurrent Rebuild Remembered Sets and Scrub Regions
[2024-12-18T11:48:41.362+0100][1.607s] GC(7) Concurrent Rebuild Remembered Sets and Scrub Regions 2.216ms
[2024-12-18T11:48:41.362+0100][1.607s] GC(7) Pause Cleanup
[2024-12-18T11:48:41.362+0100][1.607s] GC(7) Pause Cleanup 28M->28M(512M) 0.107ms
[2024-12-18T11:48:41.362+0100][1.607s] GC(7) User=0.00s Sys=0.00s Real=0.00s
[2024-12-18T11:48:41.362+0100][1.607s] GC(7) Concurrent Clear Claimed Marks
[2024-12-18T11:48:41.362+0100][1.607s] GC(7) Concurrent Clear Claimed Marks 0.032ms
[2024-12-18T11:48:41.362+0100][1.607s] GC(7) Concurrent Cleanup for Next Mark
[2024-12-18T11:48:41.363+0100][1.607s] GC(7) Concurrent Cleanup for Next Mark 0.235ms
[2024-12-18T11:48:41.363+0100][1.607s] GC(7) Concurrent Mark Cycle 9.239ms
[2024-12-18T11:48:43.148+0100][3.393s] GC(8) Pause Young (Prepare Mixed) (Metadata GC Threshold)
[2024-12-18T11:48:43.148+0100][3.393s] GC(8) Using 15 workers of 15 for evacuation
[2024-12-18T11:48:43.155+0100][3.399s] GC(8)   Pre Evacuate Collection Set: 0.1ms
[2024-12-18T11:48:43.155+0100][3.399s] GC(8)   Merge Heap Roots: 0.1ms
[2024-12-18T11:48:43.155+0100][3.399s] GC(8)   Evacuate Collection Set: 5.2ms
[2024-12-18T11:48:43.155+0100][3.399s] GC(8)   Post Evacuate Collection Set: 0.7ms
[2024-12-18T11:48:43.155+0100][3.399s] GC(8)   Other: 0.1ms
[2024-12-18T11:48:43.155+0100][3.399s] GC(8) Eden regions: 200->0(274)
[2024-12-18T11:48:43.155+0100][3.399s] GC(8) Survivor regions: 14->33(39)
[2024-12-18T11:48:43.155+0100][3.399s] GC(8) Old regions: 11->11
[2024-12-18T11:48:43.155+0100][3.399s] GC(8) Humongous regions: 4->4
[2024-12-18T11:48:43.155+0100][3.400s] GC(8) Metaspace: 61327K(62080K)->61327K(62080K) NonClass: 53998K(54400K)->53998K(54400K) Class: 7329K(7680K)->7329K(7680K)
[2024-12-18T11:48:43.155+0100][3.400s] GC(8) Pause Young (Prepare Mixed) (Metadata GC Threshold) 227M->46M(512M) 6.303ms
[2024-12-18T11:48:43.155+0100][3.400s] GC(8) User=0.08s Sys=0.00s Real=0.01s
[2024-12-18T11:48:43.200+0100][3.445s] GC(9) Pause Young (Mixed) (Metadata GC Threshold)
[2024-12-18T11:48:43.200+0100][3.445s] GC(9) Using 15 workers of 15 for evacuation
[2024-12-18T11:48:43.207+0100][3.452s] GC(9)   Pre Evacuate Collection Set: 0.3ms
[2024-12-18T11:48:43.207+0100][3.452s] GC(9)   Merge Heap Roots: 0.0ms
[2024-12-18T11:48:43.207+0100][3.452s] GC(9)   Evacuate Collection Set: 5.2ms
[2024-12-18T11:48:43.207+0100][3.452s] GC(9)   Post Evacuate Collection Set: 1.3ms
[2024-12-18T11:48:43.207+0100][3.452s] GC(9)   Other: 0.0ms
[2024-12-18T11:48:43.207+0100][3.452s] GC(9) Eden regions: 5->0(271)
[2024-12-18T11:48:43.207+0100][3.452s] GC(9) Survivor regions: 33->21(39)
[2024-12-18T11:48:43.207+0100][3.452s] GC(9) Old regions: 11->23
[2024-12-18T11:48:43.207+0100][3.452s] GC(9) Humongous regions: 4->4
[2024-12-18T11:48:43.207+0100][3.452s] GC(9) Metaspace: 61631K(62400K)->61631K(62400K) NonClass: 54264K(54656K)->54264K(54656K) Class: 7367K(7744K)->7367K(7744K)
[2024-12-18T11:48:43.207+0100][3.452s] GC(9) Pause Young (Mixed) (Metadata GC Threshold) 51M->46M(512M) 6.910ms
[2024-12-18T11:48:43.207+0100][3.452s] GC(9) User=0.07s Sys=0.00s Real=0.01s
[2024-12-18T11:48:43.215+0100][3.460s] GC(10) Pause Young (Concurrent Start) (Metadata GC Threshold)
[2024-12-18T11:48:43.215+0100][3.460s] GC(10) Using 15 workers of 15 for evacuation
[2024-12-18T11:48:43.218+0100][3.463s] GC(10)   Pre Evacuate Collection Set: 0.1ms
[2024-12-18T11:48:43.218+0100][3.463s] GC(10)   Merge Heap Roots: 0.0ms
[2024-12-18T11:48:43.218+0100][3.463s] GC(10)   Evacuate Collection Set: 2.4ms
[2024-12-18T11:48:43.218+0100][3.463s] GC(10)   Post Evacuate Collection Set: 0.3ms
[2024-12-18T11:48:43.218+0100][3.463s] GC(10)   Other: 0.0ms
[2024-12-18T11:48:43.218+0100][3.463s] GC(10) Eden regions: 2->0(286)
[2024-12-18T11:48:43.218+0100][3.463s] GC(10) Survivor regions: 21->21(37)
[2024-12-18T11:48:43.218+0100][3.463s] GC(10) Old regions: 23->23
[2024-12-18T11:48:43.218+0100][3.463s] GC(10) Humongous regions: 4->4
[2024-12-18T11:48:43.218+0100][3.463s] GC(10) Metaspace: 61927K(62720K)->61927K(62720K) NonClass: 54525K(54912K)->54525K(54912K) Class: 7402K(7808K)->7402K(7808K)
[2024-12-18T11:48:43.218+0100][3.463s] GC(10) Pause Young (Concurrent Start) (Metadata GC Threshold) 48M->46M(512M) 2.991ms
[2024-12-18T11:48:43.218+0100][3.463s] GC(11) Concurrent Mark Cycle
[2024-12-18T11:48:43.218+0100][3.463s] GC(10) User=0.03s Sys=0.00s Real=0.00s
[2024-12-18T11:48:43.218+0100][3.463s] GC(11) Concurrent Scan Root Regions
[2024-12-18T11:48:43.220+0100][3.465s] GC(11) Concurrent Scan Root Regions 2.674ms
[2024-12-18T11:48:43.221+0100][3.465s] GC(11) Concurrent Mark
[2024-12-18T11:48:43.221+0100][3.465s] GC(11) Concurrent Mark From Roots
[2024-12-18T11:48:43.221+0100][3.465s] GC(11) Using 4 workers of 4 for marking
[2024-12-18T11:48:43.227+0100][3.472s] GC(11) Concurrent Mark From Roots 6.558ms
[2024-12-18T11:48:43.227+0100][3.472s] GC(11) Concurrent Preclean
[2024-12-18T11:48:43.227+0100][3.472s] GC(11) Concurrent Preclean 0.061ms
[2024-12-18T11:48:43.227+0100][3.472s] GC(11) Pause Remark
[2024-12-18T11:48:43.229+0100][3.474s] GC(11) Pause Remark 48M->48M(512M) 1.947ms
[2024-12-18T11:48:43.229+0100][3.474s] GC(11) User=0.01s Sys=0.00s Real=0.00s
[2024-12-18T11:48:43.229+0100][3.474s] GC(11) Concurrent Mark 8.833ms
[2024-12-18T11:48:43.229+0100][3.474s] GC(11) Concurrent Rebuild Remembered Sets and Scrub Regions
[2024-12-18T11:48:43.233+0100][3.478s] GC(11) Concurrent Rebuild Remembered Sets and Scrub Regions 3.683ms
[2024-12-18T11:48:43.233+0100][3.478s] GC(11) Pause Cleanup
[2024-12-18T11:48:43.233+0100][3.478s] GC(11) Pause Cleanup 48M->48M(512M) 0.108ms
[2024-12-18T11:48:43.233+0100][3.478s] GC(11) User=0.00s Sys=0.00s Real=0.00s
[2024-12-18T11:48:43.233+0100][3.478s] GC(11) Concurrent Clear Claimed Marks
[2024-12-18T11:48:43.233+0100][3.478s] GC(11) Concurrent Clear Claimed Marks 0.062ms
[2024-12-18T11:48:43.233+0100][3.478s] GC(11) Concurrent Cleanup for Next Mark
[2024-12-18T11:48:43.234+0100][3.479s] GC(11) Concurrent Cleanup for Next Mark 0.281ms
[2024-12-18T11:48:43.234+0100][3.479s] GC(11) Concurrent Mark Cycle 15.984ms
[2024-12-18T12:08:00.961+0100][1161.206s] Heap
[2024-12-18T12:08:00.961+0100][1161.206s]  garbage-first heap   total 524288K, used 179604K [0x00000000e0000000, 0x0000000100000000)
[2024-12-18T12:08:00.961+0100][1161.206s]   region size 1024K, 150 young (153600K), 21 survivors (21504K)
[2024-12-18T12:08:00.961+0100][1161.206s]  Metaspace       used 67135K, committed 67904K, reserved 1114112K
[2024-12-18T12:08:00.961+0100][1161.206s]   class space    used 7915K, committed 8256K, reserved 1048576K
